C:/Users/Jingchen Fan/Desktop/en.x-cube-ble2/Projects/NUCLEO-L476RG/Applications/PeriperalApp/Src/app_bluenrg_2.c:109:6:MX_BlueNRG_2_Init	16	static
C:/Users/Jingchen Fan/Desktop/en.x-cube-ble2/Projects/NUCLEO-L476RG/Applications/PeriperalApp/Src/app_bluenrg_2.c:135:6:MX_BlueNRG_2_Process	8	static
C:/Users/Jingchen Fan/Desktop/en.x-cube-ble2/Projects/NUCLEO-L476RG/Applications/PeriperalApp/Src/app_bluenrg_2.c:148:13:sendData	48	static
C:/Users/Jingchen Fan/Desktop/en.x-cube-ble2/Projects/NUCLEO-L476RG/Applications/PeriperalApp/Src/app_bluenrg_2.c:185:13:receiveData	24	static
C:/Users/Jingchen Fan/Desktop/en.x-cube-ble2/Projects/NUCLEO-L476RG/Applications/PeriperalApp/Src/app_bluenrg_2.c:202:13:Reset_DiscoveryContext	8	static
C:/Users/Jingchen Fan/Desktop/en.x-cube-ble2/Projects/NUCLEO-L476RG/Applications/PeriperalApp/Src/app_bluenrg_2.c:233:13:Setup_DeviceAddress	32	static
C:/Users/Jingchen Fan/Desktop/en.x-cube-ble2/Projects/NUCLEO-L476RG/Applications/PeriperalApp/Src/app_bluenrg_2.c:282:16:Find_DeviceName	24	static
C:/Users/Jingchen Fan/Desktop/en.x-cube-ble2/Projects/NUCLEO-L476RG/Applications/PeriperalApp/Src/app_bluenrg_2.c:320:13:Attribute_Modified_CB	16	static
C:/Users/Jingchen Fan/Desktop/en.x-cube-ble2/Projects/NUCLEO-L476RG/Applications/PeriperalApp/Src/app_bluenrg_2.c:341:16:PeriperalAppInit	24	static
C:/Users/Jingchen Fan/Desktop/en.x-cube-ble2/Projects/NUCLEO-L476RG/Applications/PeriperalApp/Src/app_bluenrg_2.c:398:13:User_Init	8	static
C:/Users/Jingchen Fan/Desktop/en.x-cube-ble2/Projects/NUCLEO-L476RG/Applications/PeriperalApp/Src/app_bluenrg_2.c:412:13:Connection_StateMachine	48	static
C:/Users/Jingchen Fan/Desktop/en.x-cube-ble2/Projects/NUCLEO-L476RG/Applications/PeriperalApp/Src/app_bluenrg_2.c:581:13:User_Process	16	static
C:/Users/Jingchen Fan/Desktop/en.x-cube-ble2/Projects/NUCLEO-L476RG/Applications/PeriperalApp/Src/app_bluenrg_2.c:638:6:aci_gap_proc_complete_event	16	static
C:/Users/Jingchen Fan/Desktop/en.x-cube-ble2/Projects/NUCLEO-L476RG/Applications/PeriperalApp/Src/app_bluenrg_2.c:674:6:hci_le_connection_complete_event	24	static
C:/Users/Jingchen Fan/Desktop/en.x-cube-ble2/Projects/NUCLEO-L476RG/Applications/PeriperalApp/Src/app_bluenrg_2.c:715:6:hci_disconnection_complete_event	16	static
C:/Users/Jingchen Fan/Desktop/en.x-cube-ble2/Projects/NUCLEO-L476RG/Applications/PeriperalApp/Src/app_bluenrg_2.c:742:6:hci_le_advertising_report_event	32	static
C:/Users/Jingchen Fan/Desktop/en.x-cube-ble2/Projects/NUCLEO-L476RG/Applications/PeriperalApp/Src/app_bluenrg_2.c:780:6:aci_gatt_attribute_modified_event	24	static
C:/Users/Jingchen Fan/Desktop/en.x-cube-ble2/Projects/NUCLEO-L476RG/Applications/PeriperalApp/Src/app_bluenrg_2.c:796:6:aci_gatt_notification_event	24	static
C:/Users/Jingchen Fan/Desktop/en.x-cube-ble2/Projects/NUCLEO-L476RG/Applications/PeriperalApp/Src/app_bluenrg_2.c:814:6:aci_gatt_disc_read_char_by_uuid_resp_event	32	static
C:/Users/Jingchen Fan/Desktop/en.x-cube-ble2/Projects/NUCLEO-L476RG/Applications/PeriperalApp/Src/app_bluenrg_2.c:850:6:aci_gatt_proc_complete_event	16	static
C:/Users/Jingchen Fan/Desktop/en.x-cube-ble2/Projects/NUCLEO-L476RG/Applications/PeriperalApp/Src/app_bluenrg_2.c:873:6:aci_gatt_tx_pool_available_event	16	static
C:/Users/Jingchen Fan/Desktop/en.x-cube-ble2/Projects/NUCLEO-L476RG/Applications/PeriperalApp/Src/app_bluenrg_2.c:886:6:aci_att_exchange_mtu_resp_event	16	static
