C:/Users/Jingchen Fan/Desktop/en.x-cube-ble2/Projects/NUCLEO-L476RG/Applications/PeriperalApp/Src/app_bluenrg_2.c:115:6:MX_BlueNRG_2_Init	16	static
C:/Users/Jingchen Fan/Desktop/en.x-cube-ble2/Projects/NUCLEO-L476RG/Applications/PeriperalApp/Src/app_bluenrg_2.c:141:6:MX_BlueNRG_2_Process	8	static
C:/Users/Jingchen Fan/Desktop/en.x-cube-ble2/Projects/NUCLEO-L476RG/Applications/PeriperalApp/Src/app_bluenrg_2.c:154:13:sendData	48	static
C:/Users/Jingchen Fan/Desktop/en.x-cube-ble2/Projects/NUCLEO-L476RG/Applications/PeriperalApp/Src/app_bluenrg_2.c:191:13:receiveData	24	static
C:/Users/Jingchen Fan/Desktop/en.x-cube-ble2/Projects/NUCLEO-L476RG/Applications/PeriperalApp/Src/app_bluenrg_2.c:208:13:Reset_DiscoveryContext	8	static
C:/Users/Jingchen Fan/Desktop/en.x-cube-ble2/Projects/NUCLEO-L476RG/Applications/PeriperalApp/Src/app_bluenrg_2.c:243:13:Setup_DeviceAddress	32	static
C:/Users/Jingchen Fan/Desktop/en.x-cube-ble2/Projects/NUCLEO-L476RG/Applications/PeriperalApp/Src/app_bluenrg_2.c:292:16:Find_DeviceName	24	static
C:/Users/Jingchen Fan/Desktop/en.x-cube-ble2/Projects/NUCLEO-L476RG/Applications/PeriperalApp/Src/app_bluenrg_2.c:330:13:Attribute_Modified_CB	16	static
C:/Users/Jingchen Fan/Desktop/en.x-cube-ble2/Projects/NUCLEO-L476RG/Applications/PeriperalApp/Src/app_bluenrg_2.c:351:16:PeriperalAppInit	24	static
C:/Users/Jingchen Fan/Desktop/en.x-cube-ble2/Projects/NUCLEO-L476RG/Applications/PeriperalApp/Src/app_bluenrg_2.c:408:13:User_Init	8	static
C:/Users/Jingchen Fan/Desktop/en.x-cube-ble2/Projects/NUCLEO-L476RG/Applications/PeriperalApp/Src/app_bluenrg_2.c:422:13:Connection_StateMachine	48	static
C:/Users/Jingchen Fan/Desktop/en.x-cube-ble2/Projects/NUCLEO-L476RG/Applications/PeriperalApp/Src/app_bluenrg_2.c:591:13:User_Process	16	static
C:/Users/Jingchen Fan/Desktop/en.x-cube-ble2/Projects/NUCLEO-L476RG/Applications/PeriperalApp/Src/app_bluenrg_2.c:672:6:aci_gap_proc_complete_event	16	static
C:/Users/Jingchen Fan/Desktop/en.x-cube-ble2/Projects/NUCLEO-L476RG/Applications/PeriperalApp/Src/app_bluenrg_2.c:708:6:hci_le_connection_complete_event	24	static
C:/Users/Jingchen Fan/Desktop/en.x-cube-ble2/Projects/NUCLEO-L476RG/Applications/PeriperalApp/Src/app_bluenrg_2.c:749:6:hci_disconnection_complete_event	16	static
C:/Users/Jingchen Fan/Desktop/en.x-cube-ble2/Projects/NUCLEO-L476RG/Applications/PeriperalApp/Src/app_bluenrg_2.c:776:6:hci_le_advertising_report_event	32	static
C:/Users/Jingchen Fan/Desktop/en.x-cube-ble2/Projects/NUCLEO-L476RG/Applications/PeriperalApp/Src/app_bluenrg_2.c:814:6:aci_gatt_attribute_modified_event	24	static
C:/Users/Jingchen Fan/Desktop/en.x-cube-ble2/Projects/NUCLEO-L476RG/Applications/PeriperalApp/Src/app_bluenrg_2.c:830:6:aci_gatt_notification_event	24	static
C:/Users/Jingchen Fan/Desktop/en.x-cube-ble2/Projects/NUCLEO-L476RG/Applications/PeriperalApp/Src/app_bluenrg_2.c:848:6:aci_gatt_disc_read_char_by_uuid_resp_event	32	static
C:/Users/Jingchen Fan/Desktop/en.x-cube-ble2/Projects/NUCLEO-L476RG/Applications/PeriperalApp/Src/app_bluenrg_2.c:884:6:aci_gatt_proc_complete_event	16	static
C:/Users/Jingchen Fan/Desktop/en.x-cube-ble2/Projects/NUCLEO-L476RG/Applications/PeriperalApp/Src/app_bluenrg_2.c:907:6:aci_gatt_tx_pool_available_event	16	static
C:/Users/Jingchen Fan/Desktop/en.x-cube-ble2/Projects/NUCLEO-L476RG/Applications/PeriperalApp/Src/app_bluenrg_2.c:920:6:aci_att_exchange_mtu_resp_event	16	static
