Archive member included to satisfy reference by file (symbol)

C:/ST/STM32CubeIDE_1.13.1/STM32CubeIDE/plugins/com.st.stm32cube.ide.mcu.externaltools.gnu-tools-for-stm32.11.3.rel1.win32_1.1.0.202305231506/tools/bin/../lib/gcc/arm-none-eabi/11.3.1/../../../../arm-none-eabi/lib/thumb/v7e-m+fp/hard\libc_nano.a(libc_a-exit.o)
                              C:/ST/STM32CubeIDE_1.13.1/STM32CubeIDE/plugins/com.st.stm32cube.ide.mcu.externaltools.gnu-tools-for-stm32.11.3.rel1.win32_1.1.0.202305231506/tools/bin/../lib/gcc/arm-none-eabi/11.3.1/../../../../arm-none-eabi/lib/thumb/v7e-m+fp/hard/crt0.o (exit)
C:/ST/STM32CubeIDE_1.13.1/STM32CubeIDE/plugins/com.st.stm32cube.ide.mcu.externaltools.gnu-tools-for-stm32.11.3.rel1.win32_1.1.0.202305231506/tools/bin/../lib/gcc/arm-none-eabi/11.3.1/../../../../arm-none-eabi/lib/thumb/v7e-m+fp/hard\libc_nano.a(libc_a-itoa.o)
                              ./Application/User/app_bluenrg_2.o (itoa)
C:/ST/STM32CubeIDE_1.13.1/STM32CubeIDE/plugins/com.st.stm32cube.ide.mcu.externaltools.gnu-tools-for-stm32.11.3.rel1.win32_1.1.0.202305231506/tools/bin/../lib/gcc/arm-none-eabi/11.3.1/../../../../arm-none-eabi/lib/thumb/v7e-m+fp/hard\libc_nano.a(libc_a-utoa.o)
                              C:/ST/STM32CubeIDE_1.13.1/STM32CubeIDE/plugins/com.st.stm32cube.ide.mcu.externaltools.gnu-tools-for-stm32.11.3.rel1.win32_1.1.0.202305231506/tools/bin/../lib/gcc/arm-none-eabi/11.3.1/../../../../arm-none-eabi/lib/thumb/v7e-m+fp/hard\libc_nano.a(libc_a-itoa.o) (__utoa)
C:/ST/STM32CubeIDE_1.13.1/STM32CubeIDE/plugins/com.st.stm32cube.ide.mcu.externaltools.gnu-tools-for-stm32.11.3.rel1.win32_1.1.0.202305231506/tools/bin/../lib/gcc/arm-none-eabi/11.3.1/../../../../arm-none-eabi/lib/thumb/v7e-m+fp/hard\libc_nano.a(libc_a-fflush.o)
                              ./Application/User/app_bluenrg_2.o (fflush)
C:/ST/STM32CubeIDE_1.13.1/STM32CubeIDE/plugins/com.st.stm32cube.ide.mcu.externaltools.gnu-tools-for-stm32.11.3.rel1.win32_1.1.0.202305231506/tools/bin/../lib/gcc/arm-none-eabi/11.3.1/../../../../arm-none-eabi/lib/thumb/v7e-m+fp/hard\libc_nano.a(libc_a-findfp.o)
                              C:/ST/STM32CubeIDE_1.13.1/STM32CubeIDE/plugins/com.st.stm32cube.ide.mcu.externaltools.gnu-tools-for-stm32.11.3.rel1.win32_1.1.0.202305231506/tools/bin/../lib/gcc/arm-none-eabi/11.3.1/../../../../arm-none-eabi/lib/thumb/v7e-m+fp/hard\libc_nano.a(libc_a-fflush.o) (__sinit)
C:/ST/STM32CubeIDE_1.13.1/STM32CubeIDE/plugins/com.st.stm32cube.ide.mcu.externaltools.gnu-tools-for-stm32.11.3.rel1.win32_1.1.0.202305231506/tools/bin/../lib/gcc/arm-none-eabi/11.3.1/../../../../arm-none-eabi/lib/thumb/v7e-m+fp/hard\libc_nano.a(libc_a-fwalk.o)
                              C:/ST/STM32CubeIDE_1.13.1/STM32CubeIDE/plugins/com.st.stm32cube.ide.mcu.externaltools.gnu-tools-for-stm32.11.3.rel1.win32_1.1.0.202305231506/tools/bin/../lib/gcc/arm-none-eabi/11.3.1/../../../../arm-none-eabi/lib/thumb/v7e-m+fp/hard\libc_nano.a(libc_a-fflush.o) (_fwalk_sglue)
C:/ST/STM32CubeIDE_1.13.1/STM32CubeIDE/plugins/com.st.stm32cube.ide.mcu.externaltools.gnu-tools-for-stm32.11.3.rel1.win32_1.1.0.202305231506/tools/bin/../lib/gcc/arm-none-eabi/11.3.1/../../../../arm-none-eabi/lib/thumb/v7e-m+fp/hard\libc_nano.a(libc_a-stdio.o)
                              C:/ST/STM32CubeIDE_1.13.1/STM32CubeIDE/plugins/com.st.stm32cube.ide.mcu.externaltools.gnu-tools-for-stm32.11.3.rel1.win32_1.1.0.202305231506/tools/bin/../lib/gcc/arm-none-eabi/11.3.1/../../../../arm-none-eabi/lib/thumb/v7e-m+fp/hard\libc_nano.a(libc_a-findfp.o) (__sread)
C:/ST/STM32CubeIDE_1.13.1/STM32CubeIDE/plugins/com.st.stm32cube.ide.mcu.externaltools.gnu-tools-for-stm32.11.3.rel1.win32_1.1.0.202305231506/tools/bin/../lib/gcc/arm-none-eabi/11.3.1/../../../../arm-none-eabi/lib/thumb/v7e-m+fp/hard\libc_nano.a(libc_a-memcmp.o)
                              ./Application/User/app_bluenrg_2.o (memcmp)
C:/ST/STM32CubeIDE_1.13.1/STM32CubeIDE/plugins/com.st.stm32cube.ide.mcu.externaltools.gnu-tools-for-stm32.11.3.rel1.win32_1.1.0.202305231506/tools/bin/../lib/gcc/arm-none-eabi/11.3.1/../../../../arm-none-eabi/lib/thumb/v7e-m+fp/hard\libc_nano.a(libc_a-memset.o)
                              C:/ST/STM32CubeIDE_1.13.1/STM32CubeIDE/plugins/com.st.stm32cube.ide.mcu.externaltools.gnu-tools-for-stm32.11.3.rel1.win32_1.1.0.202305231506/tools/bin/../lib/gcc/arm-none-eabi/11.3.1/../../../../arm-none-eabi/lib/thumb/v7e-m+fp/hard/crt0.o (memset)
C:/ST/STM32CubeIDE_1.13.1/STM32CubeIDE/plugins/com.st.stm32cube.ide.mcu.externaltools.gnu-tools-for-stm32.11.3.rel1.win32_1.1.0.202305231506/tools/bin/../lib/gcc/arm-none-eabi/11.3.1/../../../../arm-none-eabi/lib/thumb/v7e-m+fp/hard\libc_nano.a(libc_a-closer.o)
                              C:/ST/STM32CubeIDE_1.13.1/STM32CubeIDE/plugins/com.st.stm32cube.ide.mcu.externaltools.gnu-tools-for-stm32.11.3.rel1.win32_1.1.0.202305231506/tools/bin/../lib/gcc/arm-none-eabi/11.3.1/../../../../arm-none-eabi/lib/thumb/v7e-m+fp/hard\libc_nano.a(libc_a-stdio.o) (_close_r)
[...]
Memory Configuration

Name             Origin             Length             Attributes
RAM              0x0000000020000000 0x0000000000018000 xrw
RAM2             0x0000000010000000 0x0000000000008000 xrw
FLASH            0x0000000008000000 0x0000000000100000 xr
*default*        0x0000000000000000 0xffffffffffffffff

Linker script and memory map

LOAD C:/ST/STM32CubeIDE_1.13.1/STM32CubeIDE/plugins/com.st.stm32cube.ide.mcu.externaltools.gnu-tools-for-stm32.11.3.rel1.win32_1.1.0.202305231506/tools/bin/../lib/gcc/arm-none-eabi/11.3.1/thumb/v7e-m+fp/hard/crti.o
LOAD C:/ST/STM32CubeIDE_1.13.1/STM32CubeIDE/plugins/com.st.stm32cube.ide.mcu.externaltools.gnu-tools-for-stm32.11.3.rel1.win32_1.1.0.202305231506/tools/bin/../lib/gcc/arm-none-eabi/11.3.1/thumb/v7e-m+fp/hard/crtbegin.o
LOAD C:/ST/STM32CubeIDE_1.13.1/STM32CubeIDE/plugins/com.st.stm32cube.ide.mcu.externaltools.gnu-tools-for-stm32.11.3.rel1.win32_1.1.0.202305231506/tools/bin/../lib/gcc/arm-none-eabi/11.3.1/../../../../arm-none-eabi/lib/thumb/v7e-m+fp/hard/crt0.o
LOAD ./Application/Startup/startup_stm32l476rgtx.o
LOAD ./Application/User/app_bluenrg_2.o
LOAD ./Application/User/gatt_db.o
LOAD ./Application/User/hci_tl_interface.o
LOAD ./Application/User/main.o
LOAD ./Application/User/stm32l4xx_hal_msp.o
LOAD ./Application/User/stm32l4xx_it.o
LOAD ./Application/User/stm32l4xx_nucleo.o
LOAD ./Application/User/stm32l4xx_nucleo_bus.o
LOAD ./Application/User/syscalls.o
LOAD ./Application/User/sysmem.o
LOAD ./Drivers/CMSIS/system_stm32l4xx.o
LOAD ./Drivers/STM32L4xx_HAL_Driver/stm32l4xx_hal.o
LOAD ./Drivers/STM32L4xx_HAL_Driver/stm32l4xx_hal_cortex.o
LOAD ./Drivers/STM32L4xx_HAL_Driver/stm32l4xx_hal_dma.o
LOAD ./Drivers/STM32L4xx_HAL_Driver/stm32l4xx_hal_dma_ex.o
LOAD ./Drivers/STM32L4xx_HAL_Driver/stm32l4xx_hal_exti.o
LOAD ./Drivers/STM32L4xx_HAL_Driver/stm32l4xx_hal_flash.o
LOAD ./Drivers/STM32L4xx_HAL_Driver/stm32l4xx_hal_flash_ex.o
LOAD ./Drivers/STM32L4xx_HAL_Driver/stm32l4xx_hal_flash_ramfunc.o
LOAD ./Drivers/STM32L4xx_HAL_Driver/stm32l4xx_hal_gpio.o
LOAD ./Drivers/STM32L4xx_HAL_Driver/stm32l4xx_hal_i2c.o
LOAD ./Drivers/STM32L4xx_HAL_Driver/stm32l4xx_hal_i2c_ex.o
LOAD ./Drivers/STM32L4xx_HAL_Driver/stm32l4xx_hal_pwr.o
LOAD ./Drivers/STM32L4xx_HAL_Driver/stm32l4xx_hal_pwr_ex.o
LOAD ./Drivers/STM32L4xx_HAL_Driver/stm32l4xx_hal_rcc.o
LOAD ./Drivers/STM32L4xx_HAL_Driver/stm32l4xx_hal_rcc_ex.o
LOAD ./Drivers/STM32L4xx_HAL_Driver/stm32l4xx_hal_spi.o
LOAD ./Drivers/STM32L4xx_HAL_Driver/stm32l4xx_hal_spi_ex.o
LOAD ./Drivers/STM32L4xx_HAL_Driver/stm32l4xx_hal_tim.o
LOAD ./Drivers/STM32L4xx_HAL_Driver/stm32l4xx_hal_tim_ex.o
LOAD ./Drivers/STM32L4xx_HAL_Driver/stm32l4xx_hal_uart.o
LOAD ./Drivers/STM32L4xx_HAL_Driver/stm32l4xx_hal_uart_ex.o
LOAD ./Middlewares/BlueNRG-2/Wireless/BlueNRG-2/Controller/bluenrg1_gap_aci.o
LOAD ./Middlewares/BlueNRG-2/Wireless/BlueNRG-2/Controller/bluenrg1_gatt_aci.o
LOAD ./Middlewares/BlueNRG-2/Wireless/BlueNRG-2/Controller/bluenrg1_hal_aci.o
LOAD ./Middlewares/BlueNRG-2/Wireless/BlueNRG-2/Controller/bluenrg1_l2cap_aci.o
LOAD ./Middlewares/BlueNRG-2/Wireless/BlueNRG-2/HCI_TL/Basic/bluenrg1_devConfig.o
LOAD ./Middlewares/BlueNRG-2/Wireless/BlueNRG-2/HCI_TL/Basic/bluenrg1_events.o
LOAD ./Middlewares/BlueNRG-2/Wireless/BlueNRG-2/HCI_TL/Basic/bluenrg1_events_cb.o
LOAD ./Middlewares/BlueNRG-2/Wireless/BlueNRG-2/HCI_TL/Basic/bluenrg1_hci_le.o
LOAD ./Middlewares/BlueNRG-2/Wireless/BlueNRG-2/HCI_TL/Basic/hci_tl.o
LOAD ./Middlewares/BlueNRG-2/Wireless/BlueNRG-2/Utils/ble_list.o
START GROUP
LOAD C:/ST/STM32CubeIDE_1.13.1/STM32CubeIDE/plugins/com.st.stm32cube.ide.mcu.externaltools.gnu-tools-for-stm32.11.3.rel1.win32_1.1.0.202305231506/tools/bin/../lib/gcc/arm-none-eabi/11.3.1/../../../../arm-none-eabi/lib/thumb/v7e-m+fp/hard\libc_nano.a
LOAD C:/ST/STM32CubeIDE_1.13.1/STM32CubeIDE/plugins/com.st.stm32cube.ide.mcu.externaltools.gnu-tools-for-stm32.11.3.rel1.win32_1.1.0.202305231506/tools/bin/../lib/gcc/arm-none-eabi/11.3.1/../../../../arm-none-eabi/lib/thumb/v7e-m+fp/hard\libm.a
END GROUP
START GROUP
LOAD C:/ST/STM32CubeIDE_1.13.1/STM32CubeIDE/plugins/com.st.stm32cube.ide.mcu.externaltools.gnu-tools-for-stm32.11.3.rel1.win32_1.1.0.202305231506/tools/bin/../lib/gcc/arm-none-eabi/11.3.1/thumb/v7e-m+fp/hard\libgcc.a
LOAD C:/ST/STM32CubeIDE_1.13.1/STM32CubeIDE/plugins/com.st.stm32cube.ide.mcu.externaltools.gnu-tools-for-stm32.11.3.rel1.win32_1.1.0.202305231506/tools/bin/../lib/gcc/arm-none-eabi/11.3.1/../../../../arm-none-eabi/lib/thumb/v7e-m+fp/hard\libc_nano.a
END GROUP
START GROUP
LOAD C:/ST/STM32CubeIDE_1.13.1/STM32CubeIDE/plugins/com.st.stm32cube.ide.mcu.externaltools.gnu-tools-for-stm32.11.3.rel1.win32_1.1.0.202305231506/tools/bin/../lib/gcc/arm-none-eabi/11.3.1/thumb/v7e-m+fp/hard\libgcc.a
LOAD C:/ST/STM32CubeIDE_1.13.1/STM32CubeIDE/plugins/com.st.stm32cube.ide.mcu.externaltools.gnu-tools-for-stm32.11.3.rel1.win32_1.1.0.202305231506/tools/bin/../lib/gcc/arm-none-eabi/11.3.1/../../../../arm-none-eabi/lib/thumb/v7e-m+fp/hard\libc_nano.a
LOAD C:/ST/STM32CubeIDE_1.13.1/STM32CubeIDE/plugins/com.st.stm32cube.ide.mcu.externaltools.gnu-tools-for-stm32.11.3.rel1.win32_1.1.0.202305231506/tools/bin/../lib/gcc/arm-none-eabi/11.3.1/../../../../arm-none-eabi/lib/thumb/v7e-m+fp/hard\libnosys.a
END GROUP
START GROUP
LOAD C:/ST/STM32CubeIDE_1.13.1/STM32CubeIDE/plugins/com.st.stm32cube.ide.mcu.externaltools.gnu-tools-for-stm32.11.3.rel1.win32_1.1.0.202305231506/tools/bin/../lib/gcc/arm-none-eabi/11.3.1/thumb/v7e-m+fp/hard\libgcc.a
LOAD C:/ST/STM32CubeIDE_1.13.1/STM32CubeIDE/plugins/com.st.stm32cube.ide.mcu.externaltools.gnu-tools-for-stm32.11.3.rel1.win32_1.1.0.202305231506/tools/bin/../lib/gcc/arm-none-eabi/11.3.1/../../../../arm-none-eabi/lib/thumb/v7e-m+fp/hard\libc_nano.a
LOAD C:/ST/STM32CubeIDE_1.13.1/STM32CubeIDE/plugins/com.st.stm32cube.ide.mcu.externaltools.gnu-tools-for-stm32.11.3.rel1.win32_1.1.0.202305231506/tools/bin/../lib/gcc/arm-none-eabi/11.3.1/../../../../arm-none-eabi/lib/thumb/v7e-m+fp/hard\libnosys.a
END GROUP
LOAD C:/ST/STM32CubeIDE_1.13.1/STM32CubeIDE/plugins/com.st.stm32cube.ide.mcu.externaltools.gnu-tools-for-stm32.11.3.rel1.win32_1.1.0.202305231506/tools/bin/../lib/gcc/arm-none-eabi/11.3.1/thumb/v7e-m+fp/hard/crtend.o
LOAD C:/ST/STM32CubeIDE_1.13.1/STM32CubeIDE/plugins/com.st.stm32cube.ide.mcu.externaltools.gnu-tools-for-stm32.11.3.rel1.win32_1.1.0.202305231506/tools/bin/../lib/gcc/arm-none-eabi/11.3.1/thumb/v7e-m+fp/hard/crtn.o
                0x0000000020018000                _estack = (ORIGIN (RAM) + LENGTH (RAM))
                0x0000000000000200                _Min_Heap_Size = 0x200
                0x0000000000000400                _Min_Stack_Size = 0x400

.isr_vector     0x0000000008000000      0x188
                0x0000000008000000                . = ALIGN (0x4)
 *(.isr_vector)
 .isr_vector    0x0000000008000000      0x188 ./Application/Startup/startup_stm32l476rgtx.o
                0x0000000008000000                g_pfnVectors
                0x0000000008000188                . = ALIGN (0x4)

.text           0x0000000008000188     0x88f8
                0x0000000008000188                . = ALIGN (0x4)
 *(.text)
 .text          0x0000000008000188       0x40 C:/ST/STM32CubeIDE_1.13.1/STM32CubeIDE/plugins/com.st.stm32cube.ide.mcu.externaltools.gnu-tools-for-stm32.11.3.rel1.win32_1.1.0.202305231506/tools/bin/../lib/gcc/arm-none-eabi/11.3.1/thumb/v7e-m+fp/hard/crtbegin.o
 .text          0x00000000080001c8       0x30 C:/ST/STM32CubeIDE_1.13.1/STM32CubeIDE/plugins/com.st.stm32cube.ide.mcu.externaltools.gnu-tools-for-stm32.11.3.rel1.win32_1.1.0.202305231506/tools/bin/../lib/gcc/arm-none-eabi/11.3.1/thumb/v7e-m+fp/hard\libgcc.a(_aeabi_uldivmod.o)
                0x00000000080001c8                __aeabi_uldivmod
 .text          0x00000000080001f8      0x2c8 C:/ST/STM32CubeIDE_1.13.1/STM32CubeIDE/plugins/com.st.stm32cube.ide.mcu.externaltools.gnu-tools-for-stm32.11.3.rel1.win32_1.1.0.202305231506/tools/bin/../lib/gcc/arm-none-eabi/11.3.1/thumb/v7e-m+fp/hard\libgcc.a(_udivmoddi4.o)
                0x00000000080001f8                __udivmoddi4
 .text          0x00000000080004c0        0x4 C:/ST/STM32CubeIDE_1.13.1/STM32CubeIDE/plugins/com.st.stm32cube.ide.mcu.externaltools.gnu-tools-for-stm32.11.3.rel1.win32_1.1.0.202305231506/tools/bin/../lib/gcc/arm-none-eabi/11.3.1/thumb/v7e-m+fp/hard\libgcc.a(_dvmd_tls.o)
                0x00000000080004c0                __aeabi_idiv0
                0x00000000080004c0                __aeabi_ldiv0
 *(.text*)
 .text.Reset_Handler
                0x00000000080004c4       0x50 ./Application/Startup/startup_stm32l476rgtx.o
                0x00000000080004c4                Reset_Handler
 .text.Default_Handler
                0x0000000008000514        0x2 ./Application/Startup/startup_stm32l476rgtx.o
                0x0000000008000514                RTC_Alarm_IRQHandler
                0x0000000008000514                EXTI2_IRQHandler
                0x0000000008000514                TIM8_TRG_COM_IRQHandler
                0x0000000008000514                TIM8_CC_IRQHandler
                0x0000000008000514                TIM1_CC_IRQHandler
                0x0000000008000514                TSC_IRQHandler
                0x0000000008000514                TAMP_STAMP_IRQHandler
                0x0000000008000514                EXTI3_IRQHandler
                0x0000000008000514                LPTIM2_IRQHandler
                0x0000000008000514                DFSDM1_FLT1_IRQHandler
                0x0000000008000514                I2C3_ER_IRQHandler
                0x0000000008000514                DFSDM1_FLT2_IRQHandler
                0x0000000008000514                I2C2_EV_IRQHandler
                0x0000000008000514                CAN1_RX0_IRQHandler
                0x0000000008000514                FPU_IRQHandler
                0x0000000008000514                TIM1_UP_TIM16_IRQHandler
                0x0000000008000514                ADC1_2_IRQHandler
                0x0000000008000514                SPI1_IRQHandler
                0x0000000008000514                TIM6_DAC_IRQHandler
                0x0000000008000514                TIM8_UP_IRQHandler
                0x0000000008000514                DMA2_Channel2_IRQHandler
                0x0000000008000514                DMA1_Channel4_IRQHandler
                0x0000000008000514                SAI2_IRQHandler
                0x0000000008000514                DFSDM1_FLT3_IRQHandler
                0x0000000008000514                USART3_IRQHandler
                0x0000000008000514                DMA1_Channel7_IRQHandler
                0x0000000008000514                CAN1_RX1_IRQHandler
                0x0000000008000514                LCD_IRQHandler
                0x0000000008000514                UART5_IRQHandler
                0x0000000008000514                ADC3_IRQHandler
                0x0000000008000514                TIM4_IRQHandler
                0x0000000008000514                DMA2_Channel1_IRQHandler
                0x0000000008000514                QUADSPI_IRQHandler
                0x0000000008000514                I2C1_EV_IRQHandler
                0x0000000008000514                DMA1_Channel6_IRQHandler
                0x0000000008000514                UART4_IRQHandler
                0x0000000008000514                DMA2_Channel4_IRQHandler
                0x0000000008000514                TIM3_IRQHandler
                0x0000000008000514                RCC_IRQHandler
                0x0000000008000514                DMA1_Channel1_IRQHandler
                0x0000000008000514                Default_Handler
                0x0000000008000514                DMA2_Channel7_IRQHandler
                0x0000000008000514                TIM7_IRQHandler
                0x0000000008000514                SDMMC1_IRQHandler
                0x0000000008000514                TIM5_IRQHandler
                0x0000000008000514                I2C3_EV_IRQHandler
                0x0000000008000514                EXTI9_5_IRQHandler
                0x0000000008000514                RTC_WKUP_IRQHandler
                0x0000000008000514                PVD_PVM_IRQHandler
                0x0000000008000514                SPI2_IRQHandler
                0x0000000008000514                CAN1_TX_IRQHandler
                0x0000000008000514                DMA2_Channel5_IRQHandler
                0x0000000008000514                DMA1_Channel5_IRQHandler
                0x0000000008000514                EXTI4_IRQHandler
                0x0000000008000514                RNG_IRQHandler
                0x0000000008000514                TIM1_TRG_COM_TIM17_IRQHandler
                0x0000000008000514                DMA1_Channel3_IRQHandler
                0x0000000008000514                COMP_IRQHandler
                0x0000000008000514                WWDG_IRQHandler
                0x0000000008000514                LPUART1_IRQHandler
                0x0000000008000514                DMA2_Channel6_IRQHandler
                0x0000000008000514                TIM2_IRQHandler
                0x0000000008000514                EXTI1_IRQHandler
                0x0000000008000514                USART2_IRQHandler
                0x0000000008000514                DFSDM1_FLT0_IRQHandler
                0x0000000008000514                I2C2_ER_IRQHandler
                0x0000000008000514                DMA1_Channel2_IRQHandler
                0x0000000008000514                TIM8_BRK_IRQHandler
                0x0000000008000514                CAN1_SCE_IRQHandler
                0x0000000008000514                FLASH_IRQHandler
                0x0000000008000514                USART1_IRQHandler
                0x0000000008000514                OTG_FS_IRQHandler
                0x0000000008000514                SPI3_IRQHandler
                0x0000000008000514                I2C1_ER_IRQHandler
                0x0000000008000514                FMC_IRQHandler
                0x0000000008000514                SWPMI1_IRQHandler
                0x0000000008000514                LPTIM1_IRQHandler
                0x0000000008000514                SAI1_IRQHandler
                0x0000000008000514                DMA2_Channel3_IRQHandler
                0x0000000008000514                TIM1_BRK_TIM15_IRQHandler
 *fill*         0x0000000008000516        0x2 
 .text.MX_BlueNRG_2_Init
                0x0000000008000518       0x30 ./Application/User/app_bluenrg_2.o
                0x0000000008000518                MX_BlueNRG_2_Init
 .text.MX_BlueNRG_2_Process
                0x0000000008000548       0x10 ./Application/User/app_bluenrg_2.o
                0x0000000008000548                MX_BlueNRG_2_Process
 .text.sendData
                0x0000000008000558       0xd4 ./Application/User/app_bluenrg_2.o
 .text.receiveData
                0x000000000800062c       0x40 ./Application/User/app_bluenrg_2.o
 .text.Reset_DiscoveryContext
                0x000000000800066c       0x84 ./Application/User/app_bluenrg_2.o
 .text.Setup_DeviceAddress
                0x00000000080006f0       0xa0 ./Application/User/app_bluenrg_2.o
 .text.Find_DeviceName
                0x0000000008000790       0x68 ./Application/User/app_bluenrg_2.o
 .text.Attribute_Modified_CB
                0x00000000080007f8       0x5c ./Application/User/app_bluenrg_2.o
 .text.PeriperalAppInit
                0x0000000008000854       0x78 ./Application/User/app_bluenrg_2.o
 .text.User_Init
                0x00000000080008cc       0x1c ./Application/User/app_bluenrg_2.o
 .text.Connection_StateMachine
                0x00000000080008e8      0x2a0 ./Application/User/app_bluenrg_2.o
 .text.User_Process
                0x0000000008000b88      0x198 ./Application/User/app_bluenrg_2.o
 .text.aci_gap_proc_complete_event
                0x0000000008000d20       0x60 ./Application/User/app_bluenrg_2.o
                0x0000000008000d20                aci_gap_proc_complete_event
 .text.hci_le_connection_complete_event
                0x0000000008000d80       0x88 ./Application/User/app_bluenrg_2.o
                0x0000000008000d80                hci_le_connection_complete_event
 .text.hci_disconnection_complete_event
                0x0000000008000e08       0x84 ./Application/User/app_bluenrg_2.o
                0x0000000008000e08                hci_disconnection_complete_event
 .text.hci_le_advertising_report_event
                0x0000000008000e8c       0x90 ./Application/User/app_bluenrg_2.o
                0x0000000008000e8c                hci_le_advertising_report_event
 .text.aci_gatt_attribute_modified_event
                0x0000000008000f1c       0x34 ./Application/User/app_bluenrg_2.o
                0x0000000008000f1c                aci_gatt_attribute_modified_event
 .text.aci_gatt_notification_event
                0x0000000008000f50       0x38 ./Application/User/app_bluenrg_2.o
                0x0000000008000f50                aci_gatt_notification_event
 .text.aci_gatt_disc_read_char_by_uuid_resp_event
                0x0000000008000f88       0x84 ./Application/User/app_bluenrg_2.o
                0x0000000008000f88                aci_gatt_disc_read_char_by_uuid_resp_event
 .text.aci_gatt_proc_complete_event
                0x000000000800100c       0x6c ./Application/User/app_bluenrg_2.o
                0x000000000800100c                aci_gatt_proc_complete_event
 .text.aci_gatt_tx_pool_available_event
                0x0000000008001078       0x2c ./Application/User/app_bluenrg_2.o
                0x0000000008001078                aci_gatt_tx_pool_available_event
 .text.aci_att_exchange_mtu_resp_event
                0x00000000080010a4       0x64 ./Application/User/app_bluenrg_2.o
                0x00000000080010a4                aci_att_exchange_mtu_resp_event
 .text.Add_Sample_Service
                0x0000000008001108      0x118 ./Application/User/gatt_db.o
                0x0000000008001108                Add_Sample_Service
 .text.APP_UserEvtRx
                0x0000000008001220       0xf0 ./Application/User/gatt_db.o
                0x0000000008001220                APP_UserEvtRx
 .text.HCI_TL_SPI_Enable_IRQ
                0x0000000008001310        0xe ./Application/User/hci_tl_interface.o
 .text.HCI_TL_SPI_Disable_IRQ
                0x000000000800131e        0xe ./Application/User/hci_tl_interface.o
 .text.HCI_TL_SPI_Init
                0x000000000800132c       0x98 ./Application/User/hci_tl_interface.o
                0x000000000800132c                HCI_TL_SPI_Init
 .text.HCI_TL_SPI_DeInit
                0x00000000080013c4       0x2a ./Application/User/hci_tl_interface.o
                0x00000000080013c4                HCI_TL_SPI_DeInit
 .text.HCI_TL_SPI_Reset
                0x00000000080013ee       0x3e ./Application/User/hci_tl_interface.o
                0x00000000080013ee                HCI_TL_SPI_Reset
 .text.HCI_TL_SPI_Receive
                0x000000000800142c       0xe4 ./Application/User/hci_tl_interface.o
                0x000000000800142c                HCI_TL_SPI_Receive
 .text.HCI_TL_SPI_Send
                0x0000000008001510      0x11c ./Application/User/hci_tl_interface.o
                0x0000000008001510                HCI_TL_SPI_Send
 .text.IsDataAvailable
                0x000000000800162c       0x1e ./Application/User/hci_tl_interface.o
 *fill*         0x000000000800164a        0x2 
 .text.hci_tl_lowlevel_init
                0x000000000800164c       0x74 ./Application/User/hci_tl_interface.o
                0x000000000800164c                hci_tl_lowlevel_init
 .text.hci_tl_lowlevel_isr
                0x00000000080016c0       0x22 ./Application/User/hci_tl_interface.o
                0x00000000080016c0                hci_tl_lowlevel_isr
 .text.main     0x00000000080016e2       0x1a ./Application/User/main.o
                0x00000000080016e2                main
 .text.SystemClock_Config
                0x00000000080016fc       0xa2 ./Application/User/main.o
                0x00000000080016fc                SystemClock_Config
 *fill*         0x000000000800179e        0x2 
 .text.MX_GPIO_Init
                0x00000000080017a0       0xec ./Application/User/main.o
 .text.Error_Handler
                0x000000000800188c        0xa ./Application/User/main.o
                0x000000000800188c                Error_Handler
 *fill*         0x0000000008001896        0x2 
 .text.HAL_MspInit
                0x0000000008001898       0x48 ./Application/User/stm32l4xx_hal_msp.o
                0x0000000008001898                HAL_MspInit
 .text.NMI_Handler
                0x00000000080018e0        0x6 ./Application/User/stm32l4xx_it.o
                0x00000000080018e0                NMI_Handler
 .text.HardFault_Handler
                0x00000000080018e6        0x6 ./Application/User/stm32l4xx_it.o
                0x00000000080018e6                HardFault_Handler
 .text.MemManage_Handler
                0x00000000080018ec        0x6 ./Application/User/stm32l4xx_it.o
                0x00000000080018ec                MemManage_Handler
 .text.BusFault_Handler
                0x00000000080018f2        0x6 ./Application/User/stm32l4xx_it.o
                0x00000000080018f2                BusFault_Handler
 .text.UsageFault_Handler
                0x00000000080018f8        0x6 ./Application/User/stm32l4xx_it.o
                0x00000000080018f8                UsageFault_Handler
 .text.SVC_Handler
                0x00000000080018fe        0xe ./Application/User/stm32l4xx_it.o
                0x00000000080018fe                SVC_Handler
 .text.DebugMon_Handler
                0x000000000800190c        0xe ./Application/User/stm32l4xx_it.o
                0x000000000800190c                DebugMon_Handler
 .text.PendSV_Handler
                0x000000000800191a        0xe ./Application/User/stm32l4xx_it.o
                0x000000000800191a                PendSV_Handler
 .text.SysTick_Handler
                0x0000000008001928        0xc ./Application/User/stm32l4xx_it.o
                0x0000000008001928                SysTick_Handler
 .text.EXTI0_IRQHandler
                0x0000000008001934       0x14 ./Application/User/stm32l4xx_it.o
                0x0000000008001934                EXTI0_IRQHandler
 .text.EXTI15_10_IRQHandler
                0x0000000008001948       0x14 ./Application/User/stm32l4xx_it.o
                0x0000000008001948                EXTI15_10_IRQHandler
 .text.BSP_LED_Init
                0x000000000800195c       0x24 ./Application/User/stm32l4xx_nucleo.o
                0x000000000800195c                BSP_LED_Init
 .text.BSP_LED_On
                0x0000000008001980       0x2c ./Application/User/stm32l4xx_nucleo.o
                0x0000000008001980                BSP_LED_On
 .text.BSP_LED_Off
                0x00000000080019ac       0x2c ./Application/User/stm32l4xx_nucleo.o
                0x00000000080019ac                BSP_LED_Off
 .text.BSP_LED_Toggle
                0x00000000080019d8       0x2c ./Application/User/stm32l4xx_nucleo.o
                0x00000000080019d8                BSP_LED_Toggle
 .text.LED_USER_GPIO_Init
                0x0000000008001a04       0x7c ./Application/User/stm32l4xx_nucleo.o
 .text.BSP_PB_Init
                0x0000000008001a80       0xa8 ./Application/User/stm32l4xx_nucleo.o
                0x0000000008001a80                BSP_PB_Init
 .text.BSP_PB_GetState
                0x0000000008001b28       0x38 ./Application/User/stm32l4xx_nucleo.o
                0x0000000008001b28                BSP_PB_GetState
 .text.BSP_PB_Callback
                0x0000000008001b60       0x16 ./Application/User/stm32l4xx_nucleo.o
                0x0000000008001b60                BSP_PB_Callback
 .text.BUTTON_USER_EXTI_Callback
                0x0000000008001b76        0xe ./Application/User/stm32l4xx_nucleo.o
 .text.BUTTON_USER_GPIO_Init
                0x0000000008001b84       0x74 ./Application/User/stm32l4xx_nucleo.o
 .text.BSP_COM_Init
                0x0000000008001bf8       0x7c ./Application/User/stm32l4xx_nucleo.o
                0x0000000008001bf8                BSP_COM_Init
 .text.MX_USART2_UART_Init
                0x0000000008001c74       0x68 ./Application/User/stm32l4xx_nucleo.o
                0x0000000008001c74                MX_USART2_UART_Init
 .text.__io_putchar
                0x0000000008001cdc       0x38 ./Application/User/stm32l4xx_nucleo.o
                0x0000000008001cdc                __io_putchar
 .text.USART2_MspInit
                0x0000000008001d14       0xbc ./Application/User/stm32l4xx_nucleo.o
 .text.BSP_SPI1_Init
                0x0000000008001dd0       0x60 ./Application/User/stm32l4xx_nucleo_bus.o
                0x0000000008001dd0                BSP_SPI1_Init
 .text.BSP_SPI1_SendRecv
                0x0000000008001e30       0x40 ./Application/User/stm32l4xx_nucleo_bus.o
                0x0000000008001e30                BSP_SPI1_SendRecv
 .text.BSP_GetTick
                0x0000000008001e70        0xe ./Application/User/stm32l4xx_nucleo_bus.o
                0x0000000008001e70                BSP_GetTick
 *fill*         0x0000000008001e7e        0x2 
 .text.MX_SPI1_Init
                0x0000000008001e80       0x84 ./Application/User/stm32l4xx_nucleo_bus.o
                0x0000000008001e80                MX_SPI1_Init
 .text.SPI1_MspInit
                0x0000000008001f04       0xc4 ./Application/User/stm32l4xx_nucleo_bus.o
 .text._read    0x0000000008001fc8       0x3a ./Application/User/syscalls.o
                0x0000000008001fc8                _read
 .text._write   0x0000000008002002       0x38 ./Application/User/syscalls.o
                0x0000000008002002                _write
 .text._close   0x000000000800203a       0x18 ./Application/User/syscalls.o
                0x000000000800203a                _close
 .text._lseek   0x0000000008002052       0x1a ./Application/User/syscalls.o
                0x0000000008002052                _lseek
 .text.SystemInit
                0x000000000800206c       0x24 ./Drivers/CMSIS/system_stm32l4xx.o
                0x000000000800206c                SystemInit
 .text.HAL_Init
                0x0000000008002090       0x40 ./Drivers/STM32L4xx_HAL_Driver/stm32l4xx_hal.o
                0x0000000008002090                HAL_Init
 .text.HAL_InitTick
                0x00000000080020d0       0x78 ./Drivers/STM32L4xx_HAL_Driver/stm32l4xx_hal.o
                0x00000000080020d0                HAL_InitTick
 .text.HAL_IncTick
                0x0000000008002148       0x28 ./Drivers/STM32L4xx_HAL_Driver/stm32l4xx_hal.o
                0x0000000008002148                HAL_IncTick
 .text.HAL_GetTick
                0x0000000008002170       0x18 ./Drivers/STM32L4xx_HAL_Driver/stm32l4xx_hal.o
                0x0000000008002170                HAL_GetTick
 .text.HAL_Delay
                0x0000000008002188       0x48 ./Drivers/STM32L4xx_HAL_Driver/stm32l4xx_hal.o
                0x0000000008002188                HAL_Delay
 .text.__NVIC_SetPriorityGrouping
                0x00000000080021d0       0x48 ./Drivers/STM32L4xx_HAL_Driver/stm32l4xx_hal_cortex.o
 .text.__NVIC_GetPriorityGrouping
                0x0000000008002218       0x1c ./Drivers/STM32L4xx_HAL_Driver/stm32l4xx_hal_cortex.o
 .text.__NVIC_EnableIRQ
                0x0000000008002234       0x3c ./Drivers/STM32L4xx_HAL_Driver/stm32l4xx_hal_cortex.o
 .text.__NVIC_DisableIRQ
                0x0000000008002270       0x48 ./Drivers/STM32L4xx_HAL_Driver/stm32l4xx_hal_cortex.o
 .text.__NVIC_SetPriority
                0x00000000080022b8       0x54 ./Drivers/STM32L4xx_HAL_Driver/stm32l4xx_hal_cortex.o
 .text.NVIC_EncodePriority
                0x000000000800230c       0x66 ./Drivers/STM32L4xx_HAL_Driver/stm32l4xx_hal_cortex.o
 *fill*         0x0000000008002372        0x2 
 .text.SysTick_Config
                0x0000000008002374       0x44 ./Drivers/STM32L4xx_HAL_Driver/stm32l4xx_hal_cortex.o
 .text.HAL_NVIC_SetPriorityGrouping
                0x00000000080023b8       0x16 ./Drivers/STM32L4xx_HAL_Driver/stm32l4xx_hal_cortex.o
                0x00000000080023b8                HAL_NVIC_SetPriorityGrouping
 .text.HAL_NVIC_SetPriority
                0x00000000080023ce       0x38 ./Drivers/STM32L4xx_HAL_Driver/stm32l4xx_hal_cortex.o
                0x00000000080023ce                HAL_NVIC_SetPriority
 .text.HAL_NVIC_EnableIRQ
                0x0000000008002406       0x1c ./Drivers/STM32L4xx_HAL_Driver/stm32l4xx_hal_cortex.o
                0x0000000008002406                HAL_NVIC_EnableIRQ
 .text.HAL_NVIC_DisableIRQ
                0x0000000008002422       0x1c ./Drivers/STM32L4xx_HAL_Driver/stm32l4xx_hal_cortex.o
                0x0000000008002422                HAL_NVIC_DisableIRQ
 .text.HAL_SYSTICK_Config
                0x000000000800243e       0x18 ./Drivers/STM32L4xx_HAL_Driver/stm32l4xx_hal_cortex.o
                0x000000000800243e                HAL_SYSTICK_Config
 .text.HAL_EXTI_RegisterCallback
                0x0000000008002456       0x34 ./Drivers/STM32L4xx_HAL_Driver/stm32l4xx_hal_exti.o
                0x0000000008002456                HAL_EXTI_RegisterCallback
 .text.HAL_EXTI_GetHandle
                0x000000000800248a       0x28 ./Drivers/STM32L4xx_HAL_Driver/stm32l4xx_hal_exti.o
                0x000000000800248a                HAL_EXTI_GetHandle
 *fill*         0x00000000080024b2        0x2 
 .text.HAL_EXTI_IRQHandler
                0x00000000080024b4       0x60 ./Drivers/STM32L4xx_HAL_Driver/stm32l4xx_hal_exti.o
                0x00000000080024b4                HAL_EXTI_IRQHandler
 .text.HAL_GPIO_Init
                0x0000000008002514      0x354 ./Drivers/STM32L4xx_HAL_Driver/stm32l4xx_hal_gpio.o
                0x0000000008002514                HAL_GPIO_Init
 .text.HAL_GPIO_DeInit
                0x0000000008002868      0x1e8 ./Drivers/STM32L4xx_HAL_Driver/stm32l4xx_hal_gpio.o
                0x0000000008002868                HAL_GPIO_DeInit
 .text.HAL_GPIO_ReadPin
                0x0000000008002a50       0x30 ./Drivers/STM32L4xx_HAL_Driver/stm32l4xx_hal_gpio.o
                0x0000000008002a50                HAL_GPIO_ReadPin
 .text.HAL_GPIO_WritePin
                0x0000000008002a80       0x30 ./Drivers/STM32L4xx_HAL_Driver/stm32l4xx_hal_gpio.o
                0x0000000008002a80                HAL_GPIO_WritePin
 .text.HAL_GPIO_TogglePin
                0x0000000008002ab0       0x34 ./Drivers/STM32L4xx_HAL_Driver/stm32l4xx_hal_gpio.o
                0x0000000008002ab0                HAL_GPIO_TogglePin
 .text.HAL_PWREx_GetVoltageRange
                0x0000000008002ae4       0x1c ./Drivers/STM32L4xx_HAL_Driver/stm32l4xx_hal_pwr_ex.o
                0x0000000008002ae4                HAL_PWREx_GetVoltageRange
 .text.HAL_PWREx_ControlVoltageScaling
                0x0000000008002b00       0xac ./Drivers/STM32L4xx_HAL_Driver/stm32l4xx_hal_pwr_ex.o
                0x0000000008002b00                HAL_PWREx_ControlVoltageScaling
 .text.HAL_RCC_OscConfig
                0x0000000008002bac      0x7d0 ./Drivers/STM32L4xx_HAL_Driver/stm32l4xx_hal_rcc.o
                0x0000000008002bac                HAL_RCC_OscConfig
 .text.HAL_RCC_ClockConfig
                0x000000000800337c      0x1c4 ./Drivers/STM32L4xx_HAL_Driver/stm32l4xx_hal_rcc.o
                0x000000000800337c                HAL_RCC_ClockConfig
 .text.HAL_RCC_GetSysClockFreq
                0x0000000008003540      0x118 ./Drivers/STM32L4xx_HAL_Driver/stm32l4xx_hal_rcc.o
                0x0000000008003540                HAL_RCC_GetSysClockFreq
 .text.HAL_RCC_GetHCLKFreq
                0x0000000008003658       0x18 ./Drivers/STM32L4xx_HAL_Driver/stm32l4xx_hal_rcc.o
                0x0000000008003658                HAL_RCC_GetHCLKFreq
 .text.HAL_RCC_GetPCLK1Freq
                0x0000000008003670       0x2c ./Drivers/STM32L4xx_HAL_Driver/stm32l4xx_hal_rcc.o
                0x0000000008003670                HAL_RCC_GetPCLK1Freq
 .text.HAL_RCC_GetPCLK2Freq
                0x000000000800369c       0x2c ./Drivers/STM32L4xx_HAL_Driver/stm32l4xx_hal_rcc.o
                0x000000000800369c                HAL_RCC_GetPCLK2Freq
 .text.RCC_SetFlashLatencyFromMSIRange
                0x00000000080036c8       0xc0 ./Drivers/STM32L4xx_HAL_Driver/stm32l4xx_hal_rcc.o
 .text.HAL_RCCEx_PeriphCLKConfig
                0x0000000008003788      0x5d4 ./Drivers/STM32L4xx_HAL_Driver/stm32l4xx_hal_rcc_ex.o
                0x0000000008003788                HAL_RCCEx_PeriphCLKConfig
 .text.RCCEx_PLLSAI1_Config
                0x0000000008003d5c      0x1e8 ./Drivers/STM32L4xx_HAL_Driver/stm32l4xx_hal_rcc_ex.o
 .text.RCCEx_PLLSAI2_Config
                0x0000000008003f44      0x1bc ./Drivers/STM32L4xx_HAL_Driver/stm32l4xx_hal_rcc_ex.o
 .text.HAL_SPI_Init
                0x0000000008004100      0x146 ./Drivers/STM32L4xx_HAL_Driver/stm32l4xx_hal_spi.o
                0x0000000008004100                HAL_SPI_Init
 .text.HAL_SPI_MspInit
                0x0000000008004246       0x14 ./Drivers/STM32L4xx_HAL_Driver/stm32l4xx_hal_spi.o
                0x0000000008004246                HAL_SPI_MspInit
 .text.HAL_SPI_TransmitReceive
                0x000000000800425a      0x426 ./Drivers/STM32L4xx_HAL_Driver/stm32l4xx_hal_spi.o
                0x000000000800425a                HAL_SPI_TransmitReceive
 .text.HAL_SPI_GetState
                0x0000000008004680       0x1c ./Drivers/STM32L4xx_HAL_Driver/stm32l4xx_hal_spi.o
                0x0000000008004680                HAL_SPI_GetState
 .text.SPI_WaitFlagStateUntilTimeout
                0x000000000800469c      0x110 ./Drivers/STM32L4xx_HAL_Driver/stm32l4xx_hal_spi.o
 .text.SPI_WaitFifoStateUntilTimeout
                0x00000000080047ac      0x12c ./Drivers/STM32L4xx_HAL_Driver/stm32l4xx_hal_spi.o
 .text.SPI_EndRxTxTransaction
                0x00000000080048d8       0x8c ./Drivers/STM32L4xx_HAL_Driver/stm32l4xx_hal_spi.o
 .text.HAL_UART_Init
                0x0000000008004964       0x9c ./Drivers/STM32L4xx_HAL_Driver/stm32l4xx_hal_uart.o
                0x0000000008004964                HAL_UART_Init
 .text.HAL_UART_MspInit
                0x0000000008004a00       0x14 ./Drivers/STM32L4xx_HAL_Driver/stm32l4xx_hal_uart.o
                0x0000000008004a00                HAL_UART_MspInit
 .text.HAL_UART_Transmit
                0x0000000008004a14      0x128 ./Drivers/STM32L4xx_HAL_Driver/stm32l4xx_hal_uart.o
                0x0000000008004a14                HAL_UART_Transmit
 .text.UART_SetConfig
                0x0000000008004b3c      0x570 ./Drivers/STM32L4xx_HAL_Driver/stm32l4xx_hal_uart.o
                0x0000000008004b3c                UART_SetConfig
 .text.UART_AdvFeatureConfig
                0x00000000080050ac      0x144 ./Drivers/STM32L4xx_HAL_Driver/stm32l4xx_hal_uart.o
                0x00000000080050ac                UART_AdvFeatureConfig
 .text.UART_CheckIdleState
                0x00000000080051f0       0x92 ./Drivers/STM32L4xx_HAL_Driver/stm32l4xx_hal_uart.o
                0x00000000080051f0                UART_CheckIdleState
 .text.UART_WaitOnFlagUntilTimeout
                0x0000000008005282      0x188 ./Drivers/STM32L4xx_HAL_Driver/stm32l4xx_hal_uart.o
                0x0000000008005282                UART_WaitOnFlagUntilTimeout
 .text.aci_gap_set_non_discoverable
                0x000000000800540a       0x52 ./Middlewares/BlueNRG-2/Wireless/BlueNRG-2/Controller/bluenrg1_gap_aci.o
                0x000000000800540a                aci_gap_set_non_discoverable
 .text.aci_gap_set_discoverable
                0x000000000800545c      0x206 ./Middlewares/BlueNRG-2/Wireless/BlueNRG-2/Controller/bluenrg1_gap_aci.o
                0x000000000800545c                aci_gap_set_discoverable
 .text.aci_gap_init
                0x0000000008005662      0x15a ./Middlewares/BlueNRG-2/Wireless/BlueNRG-2/Controller/bluenrg1_gap_aci.o
                0x0000000008005662                aci_gap_init
 .text.aci_gap_start_general_discovery_proc
                0x00000000080057bc      0x13a ./Middlewares/BlueNRG-2/Wireless/BlueNRG-2/Controller/bluenrg1_gap_aci.o
                0x00000000080057bc                aci_gap_start_general_discovery_proc
 .text.aci_gap_create_connection
                0x00000000080058f6      0x1c8 ./Middlewares/BlueNRG-2/Wireless/BlueNRG-2/Controller/bluenrg1_gap_aci.o
                0x00000000080058f6                aci_gap_create_connection
 .text.aci_gap_terminate_gap_proc
                0x0000000008005abe       0xba ./Middlewares/BlueNRG-2/Wireless/BlueNRG-2/Controller/bluenrg1_gap_aci.o
                0x0000000008005abe                aci_gap_terminate_gap_proc
 .text.aci_gatt_init
                0x0000000008005b78       0x54 ./Middlewares/BlueNRG-2/Wireless/BlueNRG-2/Controller/bluenrg1_gatt_aci.o
                0x0000000008005b78                aci_gatt_init
 .text.aci_gatt_add_service
                0x0000000008005bcc      0x1ac ./Middlewares/BlueNRG-2/Wireless/BlueNRG-2/Controller/bluenrg1_gatt_aci.o
                0x0000000008005bcc                aci_gatt_add_service
 .text.aci_gatt_add_char
                0x0000000008005d78      0x210 ./Middlewares/BlueNRG-2/Wireless/BlueNRG-2/Controller/bluenrg1_gatt_aci.o
                0x0000000008005d78                aci_gatt_add_char
 .text.aci_gatt_exchange_config
                0x0000000008005f88       0xc2 ./Middlewares/BlueNRG-2/Wireless/BlueNRG-2/Controller/bluenrg1_gatt_aci.o
                0x0000000008005f88                aci_gatt_exchange_config
 .text.aci_gatt_write_without_resp
                0x000000000800604a      0x14a ./Middlewares/BlueNRG-2/Wireless/BlueNRG-2/Controller/bluenrg1_gatt_aci.o
                0x000000000800604a                aci_gatt_write_without_resp
 .text.aci_gatt_update_char_value_ext
                0x0000000008006194      0x198 ./Middlewares/BlueNRG-2/Wireless/BlueNRG-2/Controller/bluenrg1_gatt_aci.o
                0x0000000008006194                aci_gatt_update_char_value_ext
 .text.aci_hal_write_config_data
                0x000000000800632c      0x11c ./Middlewares/BlueNRG-2/Wireless/BlueNRG-2/Controller/bluenrg1_hal_aci.o
                0x000000000800632c                aci_hal_write_config_data
 .text.aci_hal_set_tx_power_level
                0x0000000008006448       0xe0 ./Middlewares/BlueNRG-2/Wireless/BlueNRG-2/Controller/bluenrg1_hal_aci.o
                0x0000000008006448                aci_hal_set_tx_power_level
 .text.hci_disconnection_complete_event_process
                0x0000000008006528       0x30 ./Middlewares/BlueNRG-2/Wireless/BlueNRG-2/HCI_TL/Basic/bluenrg1_events.o
                0x0000000008006528                hci_disconnection_complete_event_process
 .text.hci_encryption_change_event_process
                0x0000000008006558       0x30 ./Middlewares/BlueNRG-2/Wireless/BlueNRG-2/HCI_TL/Basic/bluenrg1_events.o
                0x0000000008006558                hci_encryption_change_event_process
 .text.hci_read_remote_version_information_complete_event_process
                0x0000000008006588       0x3e ./Middlewares/BlueNRG-2/Wireless/BlueNRG-2/HCI_TL/Basic/bluenrg1_events.o
                0x0000000008006588                hci_read_remote_version_information_complete_event_process
 .text.hci_hardware_error_event_process
                0x00000000080065c6       0x24 ./Middlewares/BlueNRG-2/Wireless/BlueNRG-2/HCI_TL/Basic/bluenrg1_events.o
                0x00000000080065c6                hci_hardware_error_event_process
 .text.hci_number_of_completed_packets_event_process
                0x00000000080065ea       0xae ./Middlewares/BlueNRG-2/Wireless/BlueNRG-2/HCI_TL/Basic/bluenrg1_events.o
                0x00000000080065ea                hci_number_of_completed_packets_event_process
 .text.hci_data_buffer_overflow_event_process
                0x0000000008006698       0x24 ./Middlewares/BlueNRG-2/Wireless/BlueNRG-2/HCI_TL/Basic/bluenrg1_events.o
                0x0000000008006698                hci_data_buffer_overflow_event_process
 .text.hci_encryption_key_refresh_complete_event_process
                0x00000000080066bc       0x2e ./Middlewares/BlueNRG-2/Wireless/BlueNRG-2/HCI_TL/Basic/bluenrg1_events.o
                0x00000000080066bc                hci_encryption_key_refresh_complete_event_process
 .text.aci_blue_initialized_event_process
                0x00000000080066ea       0x24 ./Middlewares/BlueNRG-2/Wireless/BlueNRG-2/HCI_TL/Basic/bluenrg1_events.o
                0x00000000080066ea                aci_blue_initialized_event_process
 .text.aci_blue_events_lost_event_process
                0x000000000800670e       0x22 ./Middlewares/BlueNRG-2/Wireless/BlueNRG-2/HCI_TL/Basic/bluenrg1_events.o
                0x000000000800670e                aci_blue_events_lost_event_process
 .text.aci_blue_crash_info_event_process
                0x0000000008006730       0x84 ./Middlewares/BlueNRG-2/Wireless/BlueNRG-2/HCI_TL/Basic/bluenrg1_events.o
                0x0000000008006730                aci_blue_crash_info_event_process
 .text.aci_hal_end_of_radio_activity_event_process
                0x00000000080067b4       0x2e ./Middlewares/BlueNRG-2/Wireless/BlueNRG-2/HCI_TL/Basic/bluenrg1_events.o
                0x00000000080067b4                aci_hal_end_of_radio_activity_event_process
 .text.aci_hal_scan_req_report_event_process
                0x00000000080067e2       0x2e ./Middlewares/BlueNRG-2/Wireless/BlueNRG-2/HCI_TL/Basic/bluenrg1_events.o
                0x00000000080067e2                aci_hal_scan_req_report_event_process
 .text.aci_hal_fw_error_event_process
                0x0000000008006810       0x2c ./Middlewares/BlueNRG-2/Wireless/BlueNRG-2/HCI_TL/Basic/bluenrg1_events.o
                0x0000000008006810                aci_hal_fw_error_event_process
 .text.aci_gap_limited_discoverable_event_process
                0x000000000800683c       0x1a ./Middlewares/BlueNRG-2/Wireless/BlueNRG-2/HCI_TL/Basic/bluenrg1_events.o
                0x000000000800683c                aci_gap_limited_discoverable_event_process
 .text.aci_gap_pairing_complete_event_process
                0x0000000008006856       0x2e ./Middlewares/BlueNRG-2/Wireless/BlueNRG-2/HCI_TL/Basic/bluenrg1_events.o
                0x0000000008006856                aci_gap_pairing_complete_event_process
 .text.aci_gap_pass_key_req_event_process
                0x0000000008006884       0x26 ./Middlewares/BlueNRG-2/Wireless/BlueNRG-2/HCI_TL/Basic/bluenrg1_events.o
                0x0000000008006884                aci_gap_pass_key_req_event_process
 .text.aci_gap_authorization_req_event_process
                0x00000000080068aa       0x26 ./Middlewares/BlueNRG-2/Wireless/BlueNRG-2/HCI_TL/Basic/bluenrg1_events.o
                0x00000000080068aa                aci_gap_authorization_req_event_process
 .text.aci_gap_slave_security_initiated_event_process
                0x00000000080068d0       0x1a ./Middlewares/BlueNRG-2/Wireless/BlueNRG-2/HCI_TL/Basic/bluenrg1_events.o
                0x00000000080068d0                aci_gap_slave_security_initiated_event_process
 .text.aci_gap_bond_lost_event_process
                0x00000000080068ea       0x1a ./Middlewares/BlueNRG-2/Wireless/BlueNRG-2/HCI_TL/Basic/bluenrg1_events.o
                0x00000000080068ea                aci_gap_bond_lost_event_process
 .text.aci_gap_proc_complete_event_process
                0x0000000008006904       0x2e ./Middlewares/BlueNRG-2/Wireless/BlueNRG-2/HCI_TL/Basic/bluenrg1_events.o
                0x0000000008006904                aci_gap_proc_complete_event_process
 .text.aci_gap_addr_not_resolved_event_process
                0x0000000008006932       0x26 ./Middlewares/BlueNRG-2/Wireless/BlueNRG-2/HCI_TL/Basic/bluenrg1_events.o
                0x0000000008006932                aci_gap_addr_not_resolved_event_process
 .text.aci_gap_numeric_comparison_value_event_process
                0x0000000008006958       0x2e ./Middlewares/BlueNRG-2/Wireless/BlueNRG-2/HCI_TL/Basic/bluenrg1_events.o
                0x0000000008006958                aci_gap_numeric_comparison_value_event_process
 .text.aci_gap_keypress_notification_event_process
                0x0000000008006986       0x2c ./Middlewares/BlueNRG-2/Wireless/BlueNRG-2/HCI_TL/Basic/bluenrg1_events.o
                0x0000000008006986                aci_gap_keypress_notification_event_process
 .text.aci_l2cap_connection_update_resp_event_process
                0x00000000080069b2       0x2e ./Middlewares/BlueNRG-2/Wireless/BlueNRG-2/HCI_TL/Basic/bluenrg1_events.o
                0x00000000080069b2                aci_l2cap_connection_update_resp_event_process
 .text.aci_l2cap_proc_timeout_event_process
                0x00000000080069e0       0x2e ./Middlewares/BlueNRG-2/Wireless/BlueNRG-2/HCI_TL/Basic/bluenrg1_events.o
                0x00000000080069e0                aci_l2cap_proc_timeout_event_process
 .text.aci_l2cap_connection_update_req_event_process
                0x0000000008006a0e       0x5c ./Middlewares/BlueNRG-2/Wireless/BlueNRG-2/HCI_TL/Basic/bluenrg1_events.o
                0x0000000008006a0e                aci_l2cap_connection_update_req_event_process
 .text.aci_l2cap_command_reject_event_process
                0x0000000008006a6a       0x3c ./Middlewares/BlueNRG-2/Wireless/BlueNRG-2/HCI_TL/Basic/bluenrg1_events.o
                0x0000000008006a6a                aci_l2cap_command_reject_event_process
 .text.aci_gatt_attribute_modified_event_process
                0x0000000008006aa6       0x3e ./Middlewares/BlueNRG-2/Wireless/BlueNRG-2/HCI_TL/Basic/bluenrg1_events.o
                0x0000000008006aa6                aci_gatt_attribute_modified_event_process
 .text.aci_gatt_proc_timeout_event_process
                0x0000000008006ae4       0x26 ./Middlewares/BlueNRG-2/Wireless/BlueNRG-2/HCI_TL/Basic/bluenrg1_events.o
                0x0000000008006ae4                aci_gatt_proc_timeout_event_process
 .text.aci_att_exchange_mtu_resp_event_process
                0x0000000008006b0a       0x2e ./Middlewares/BlueNRG-2/Wireless/BlueNRG-2/HCI_TL/Basic/bluenrg1_events.o
                0x0000000008006b0a                aci_att_exchange_mtu_resp_event_process
 .text.aci_att_find_info_resp_event_process
                0x0000000008006b38       0x30 ./Middlewares/BlueNRG-2/Wireless/BlueNRG-2/HCI_TL/Basic/bluenrg1_events.o
                0x0000000008006b38                aci_att_find_info_resp_event_process
 .text.aci_att_find_by_type_value_resp_event_process
                0x0000000008006b68       0xb4 ./Middlewares/BlueNRG-2/Wireless/BlueNRG-2/HCI_TL/Basic/bluenrg1_events.o
                0x0000000008006b68                aci_att_find_by_type_value_resp_event_process
 .text.aci_att_read_by_type_resp_event_process
                0x0000000008006c1c       0x30 ./Middlewares/BlueNRG-2/Wireless/BlueNRG-2/HCI_TL/Basic/bluenrg1_events.o
                0x0000000008006c1c                aci_att_read_by_type_resp_event_process
 .text.aci_att_read_resp_event_process
                0x0000000008006c4c       0x2e ./Middlewares/BlueNRG-2/Wireless/BlueNRG-2/HCI_TL/Basic/bluenrg1_events.o
                0x0000000008006c4c                aci_att_read_resp_event_process
 .text.aci_att_read_blob_resp_event_process
                0x0000000008006c7a       0x2e ./Middlewares/BlueNRG-2/Wireless/BlueNRG-2/HCI_TL/Basic/bluenrg1_events.o
                0x0000000008006c7a                aci_att_read_blob_resp_event_process
 .text.aci_att_read_multiple_resp_event_process
                0x0000000008006ca8       0x2e ./Middlewares/BlueNRG-2/Wireless/BlueNRG-2/HCI_TL/Basic/bluenrg1_events.o
                0x0000000008006ca8                aci_att_read_multiple_resp_event_process
 .text.aci_att_read_by_group_type_resp_event_process
                0x0000000008006cd6       0x30 ./Middlewares/BlueNRG-2/Wireless/BlueNRG-2/HCI_TL/Basic/bluenrg1_events.o
                0x0000000008006cd6                aci_att_read_by_group_type_resp_event_process
 .text.aci_att_prepare_write_resp_event_process
                0x0000000008006d06       0x3c ./Middlewares/BlueNRG-2/Wireless/BlueNRG-2/HCI_TL/Basic/bluenrg1_events.o
                0x0000000008006d06                aci_att_prepare_write_resp_event_process
 .text.aci_att_exec_write_resp_event_process
                0x0000000008006d42       0x26 ./Middlewares/BlueNRG-2/Wireless/BlueNRG-2/HCI_TL/Basic/bluenrg1_events.o
                0x0000000008006d42                aci_att_exec_write_resp_event_process
 .text.aci_gatt_indication_event_process
                0x0000000008006d68       0x32 ./Middlewares/BlueNRG-2/Wireless/BlueNRG-2/HCI_TL/Basic/bluenrg1_events.o
                0x0000000008006d68                aci_gatt_indication_event_process
 .text.aci_gatt_notification_event_process
                0x0000000008006d9a       0x32 ./Middlewares/BlueNRG-2/Wireless/BlueNRG-2/HCI_TL/Basic/bluenrg1_events.o
                0x0000000008006d9a                aci_gatt_notification_event_process
 .text.aci_gatt_proc_complete_event_process
                0x0000000008006dcc       0x2c ./Middlewares/BlueNRG-2/Wireless/BlueNRG-2/HCI_TL/Basic/bluenrg1_events.o
                0x0000000008006dcc                aci_gatt_proc_complete_event_process
 .text.aci_gatt_error_resp_event_process
                0x0000000008006df8       0x34 ./Middlewares/BlueNRG-2/Wireless/BlueNRG-2/HCI_TL/Basic/bluenrg1_events.o
                0x0000000008006df8                aci_gatt_error_resp_event_process
 .text.aci_gatt_disc_read_char_by_uuid_resp_event_process
                0x0000000008006e2c       0x32 ./Middlewares/BlueNRG-2/Wireless/BlueNRG-2/HCI_TL/Basic/bluenrg1_events.o
                0x0000000008006e2c                aci_gatt_disc_read_char_by_uuid_resp_event_process
 .text.aci_gatt_write_permit_req_event_process
                0x0000000008006e5e       0x32 ./Middlewares/BlueNRG-2/Wireless/BlueNRG-2/HCI_TL/Basic/bluenrg1_events.o
                0x0000000008006e5e                aci_gatt_write_permit_req_event_process
 .text.aci_gatt_read_permit_req_event_process
                0x0000000008006e90       0x32 ./Middlewares/BlueNRG-2/Wireless/BlueNRG-2/HCI_TL/Basic/bluenrg1_events.o
                0x0000000008006e90                aci_gatt_read_permit_req_event_process
 .text.aci_gatt_read_multi_permit_req_event_process
                0x0000000008006ec2       0x8a ./Middlewares/BlueNRG-2/Wireless/BlueNRG-2/HCI_TL/Basic/bluenrg1_events.o
                0x0000000008006ec2                aci_gatt_read_multi_permit_req_event_process
 .text.aci_gatt_tx_pool_available_event_process
                0x0000000008006f4c       0x2e ./Middlewares/BlueNRG-2/Wireless/BlueNRG-2/HCI_TL/Basic/bluenrg1_events.o
                0x0000000008006f4c                aci_gatt_tx_pool_available_event_process
 .text.aci_gatt_server_confirmation_event_process
                0x0000000008006f7a       0x26 ./Middlewares/BlueNRG-2/Wireless/BlueNRG-2/HCI_TL/Basic/bluenrg1_events.o
                0x0000000008006f7a                aci_gatt_server_confirmation_event_process
 .text.aci_gatt_prepare_write_permit_req_event_process
                0x0000000008006fa0       0x3c ./Middlewares/BlueNRG-2/Wireless/BlueNRG-2/HCI_TL/Basic/bluenrg1_events.o
                0x0000000008006fa0                aci_gatt_prepare_write_permit_req_event_process
 .text.hci_le_connection_complete_event_process
                0x0000000008006fdc       0x68 ./Middlewares/BlueNRG-2/Wireless/BlueNRG-2/HCI_TL/Basic/bluenrg1_events.o
                0x0000000008006fdc                hci_le_connection_complete_event_process
 .text.hci_le_advertising_report_event_process
                0x0000000008007044      0x1ba ./Middlewares/BlueNRG-2/Wireless/BlueNRG-2/HCI_TL/Basic/bluenrg1_events.o
                0x0000000008007044                hci_le_advertising_report_event_process
 .text.hci_le_connection_update_complete_event_process
                0x00000000080071fe       0x46 ./Middlewares/BlueNRG-2/Wireless/BlueNRG-2/HCI_TL/Basic/bluenrg1_events.o
                0x00000000080071fe                hci_le_connection_update_complete_event_process
 .text.hci_le_read_remote_used_features_complete_event_process
                0x0000000008007244       0x30 ./Middlewares/BlueNRG-2/Wireless/BlueNRG-2/HCI_TL/Basic/bluenrg1_events.o
                0x0000000008007244                hci_le_read_remote_used_features_complete_event_process
 .text.hci_le_long_term_key_request_event_process
                0x0000000008007274       0x30 ./Middlewares/BlueNRG-2/Wireless/BlueNRG-2/HCI_TL/Basic/bluenrg1_events.o
                0x0000000008007274                hci_le_long_term_key_request_event_process
 .text.hci_le_data_length_change_event_process
                0x00000000080072a4       0x40 ./Middlewares/BlueNRG-2/Wireless/BlueNRG-2/HCI_TL/Basic/bluenrg1_events.o
                0x00000000080072a4                hci_le_data_length_change_event_process
 .text.hci_le_read_local_p256_public_key_complete_event_process
                0x00000000080072e4       0x2a ./Middlewares/BlueNRG-2/Wireless/BlueNRG-2/HCI_TL/Basic/bluenrg1_events.o
                0x00000000080072e4                hci_le_read_local_p256_public_key_complete_event_process
 .text.hci_le_generate_dhkey_complete_event_process
                0x000000000800730e       0x2a ./Middlewares/BlueNRG-2/Wireless/BlueNRG-2/HCI_TL/Basic/bluenrg1_events.o
                0x000000000800730e                hci_le_generate_dhkey_complete_event_process
 .text.hci_le_enhanced_connection_complete_event_process
                0x0000000008007338       0x7c ./Middlewares/BlueNRG-2/Wireless/BlueNRG-2/HCI_TL/Basic/bluenrg1_events.o
                0x0000000008007338                hci_le_enhanced_connection_complete_event_process
 .text.hci_le_direct_advertising_report_event_process
                0x00000000080073b4      0x15e ./Middlewares/BlueNRG-2/Wireless/BlueNRG-2/HCI_TL/Basic/bluenrg1_events.o
                0x00000000080073b4                hci_le_direct_advertising_report_event_process
 .text.hci_encryption_change_event
                0x0000000008007512       0x1e ./Middlewares/BlueNRG-2/Wireless/BlueNRG-2/HCI_TL/Basic/bluenrg1_events_cb.o
                0x0000000008007512                hci_encryption_change_event
 .text.hci_read_remote_version_information_complete_event
                0x0000000008007530       0x28 ./Middlewares/BlueNRG-2/Wireless/BlueNRG-2/HCI_TL/Basic/bluenrg1_events_cb.o
                0x0000000008007530                hci_read_remote_version_information_complete_event
 .text.hci_hardware_error_event
                0x0000000008007558       0x16 ./Middlewares/BlueNRG-2/Wireless/BlueNRG-2/HCI_TL/Basic/bluenrg1_events_cb.o
                0x0000000008007558                hci_hardware_error_event
 .text.hci_number_of_completed_packets_event
                0x000000000800756e       0x18 ./Middlewares/BlueNRG-2/Wireless/BlueNRG-2/HCI_TL/Basic/bluenrg1_events_cb.o
                0x000000000800756e                hci_number_of_completed_packets_event
 .text.hci_data_buffer_overflow_event
                0x0000000008007586       0x16 ./Middlewares/BlueNRG-2/Wireless/BlueNRG-2/HCI_TL/Basic/bluenrg1_events_cb.o
                0x0000000008007586                hci_data_buffer_overflow_event
 .text.hci_encryption_key_refresh_complete_event
                0x000000000800759c       0x1c ./Middlewares/BlueNRG-2/Wireless/BlueNRG-2/HCI_TL/Basic/bluenrg1_events_cb.o
                0x000000000800759c                hci_encryption_key_refresh_complete_event
 .text.hci_le_connection_update_complete_event
                0x00000000080075b8       0x28 ./Middlewares/BlueNRG-2/Wireless/BlueNRG-2/HCI_TL/Basic/bluenrg1_events_cb.o
                0x00000000080075b8                hci_le_connection_update_complete_event
 .text.hci_le_read_remote_used_features_complete_event
                0x00000000080075e0       0x1c ./Middlewares/BlueNRG-2/Wireless/BlueNRG-2/HCI_TL/Basic/bluenrg1_events_cb.o
                0x00000000080075e0                hci_le_read_remote_used_features_complete_event
 .text.hci_le_long_term_key_request_event
                0x00000000080075fc       0x1c ./Middlewares/BlueNRG-2/Wireless/BlueNRG-2/HCI_TL/Basic/bluenrg1_events_cb.o
                0x00000000080075fc                hci_le_long_term_key_request_event
 .text.hci_le_data_length_change_event
                0x0000000008007618       0x28 ./Middlewares/BlueNRG-2/Wireless/BlueNRG-2/HCI_TL/Basic/bluenrg1_events_cb.o
                0x0000000008007618                hci_le_data_length_change_event
 .text.hci_le_read_local_p256_public_key_complete_event
                0x0000000008007640       0x18 ./Middlewares/BlueNRG-2/Wireless/BlueNRG-2/HCI_TL/Basic/bluenrg1_events_cb.o
                0x0000000008007640                hci_le_read_local_p256_public_key_complete_event
 .text.hci_le_generate_dhkey_complete_event
                0x0000000008007658       0x18 ./Middlewares/BlueNRG-2/Wireless/BlueNRG-2/HCI_TL/Basic/bluenrg1_events_cb.o
                0x0000000008007658                hci_le_generate_dhkey_complete_event
 .text.hci_le_enhanced_connection_complete_event
                0x0000000008007670       0x28 ./Middlewares/BlueNRG-2/Wireless/BlueNRG-2/HCI_TL/Basic/bluenrg1_events_cb.o
                0x0000000008007670                hci_le_enhanced_connection_complete_event
 .text.hci_le_direct_advertising_report_event
                0x0000000008007698       0x18 ./Middlewares/BlueNRG-2/Wireless/BlueNRG-2/HCI_TL/Basic/bluenrg1_events_cb.o
                0x0000000008007698                hci_le_direct_advertising_report_event
 .text.aci_gap_limited_discoverable_event
                0x00000000080076b0        0xe ./Middlewares/BlueNRG-2/Wireless/BlueNRG-2/HCI_TL/Basic/bluenrg1_events_cb.o
                0x00000000080076b0                aci_gap_limited_discoverable_event
 .text.aci_gap_pairing_complete_event
                0x00000000080076be       0x1e ./Middlewares/BlueNRG-2/Wireless/BlueNRG-2/HCI_TL/Basic/bluenrg1_events_cb.o
                0x00000000080076be                aci_gap_pairing_complete_event
 .text.aci_gap_pass_key_req_event
                0x00000000080076dc       0x16 ./Middlewares/BlueNRG-2/Wireless/BlueNRG-2/HCI_TL/Basic/bluenrg1_events_cb.o
                0x00000000080076dc                aci_gap_pass_key_req_event
 .text.aci_gap_authorization_req_event
                0x00000000080076f2       0x16 ./Middlewares/BlueNRG-2/Wireless/BlueNRG-2/HCI_TL/Basic/bluenrg1_events_cb.o
                0x00000000080076f2                aci_gap_authorization_req_event
 .text.aci_gap_slave_security_initiated_event
                0x0000000008007708        0xe ./Middlewares/BlueNRG-2/Wireless/BlueNRG-2/HCI_TL/Basic/bluenrg1_events_cb.o
                0x0000000008007708                aci_gap_slave_security_initiated_event
 .text.aci_gap_bond_lost_event
                0x0000000008007716        0xe ./Middlewares/BlueNRG-2/Wireless/BlueNRG-2/HCI_TL/Basic/bluenrg1_events_cb.o
                0x0000000008007716                aci_gap_bond_lost_event
 .text.aci_gap_addr_not_resolved_event
                0x0000000008007724       0x16 ./Middlewares/BlueNRG-2/Wireless/BlueNRG-2/HCI_TL/Basic/bluenrg1_events_cb.o
                0x0000000008007724                aci_gap_addr_not_resolved_event
 .text.aci_gap_numeric_comparison_value_event
                0x000000000800773a       0x18 ./Middlewares/BlueNRG-2/Wireless/BlueNRG-2/HCI_TL/Basic/bluenrg1_events_cb.o
                0x000000000800773a                aci_gap_numeric_comparison_value_event
 .text.aci_gap_keypress_notification_event
                0x0000000008007752       0x1c ./Middlewares/BlueNRG-2/Wireless/BlueNRG-2/HCI_TL/Basic/bluenrg1_events_cb.o
                0x0000000008007752                aci_gap_keypress_notification_event
 .text.aci_gatt_proc_timeout_event
                0x000000000800776e       0x16 ./Middlewares/BlueNRG-2/Wireless/BlueNRG-2/HCI_TL/Basic/bluenrg1_events_cb.o
                0x000000000800776e                aci_gatt_proc_timeout_event
 .text.aci_att_find_info_resp_event
                0x0000000008007784       0x20 ./Middlewares/BlueNRG-2/Wireless/BlueNRG-2/HCI_TL/Basic/bluenrg1_events_cb.o
                0x0000000008007784                aci_att_find_info_resp_event
 .text.aci_att_find_by_type_value_resp_event
                0x00000000080077a4       0x1c ./Middlewares/BlueNRG-2/Wireless/BlueNRG-2/HCI_TL/Basic/bluenrg1_events_cb.o
                0x00000000080077a4                aci_att_find_by_type_value_resp_event
 .text.aci_att_read_by_type_resp_event
                0x00000000080077c0       0x20 ./Middlewares/BlueNRG-2/Wireless/BlueNRG-2/HCI_TL/Basic/bluenrg1_events_cb.o
                0x00000000080077c0                aci_att_read_by_type_resp_event
 .text.aci_att_read_resp_event
                0x00000000080077e0       0x1c ./Middlewares/BlueNRG-2/Wireless/BlueNRG-2/HCI_TL/Basic/bluenrg1_events_cb.o
                0x00000000080077e0                aci_att_read_resp_event
 .text.aci_att_read_blob_resp_event
                0x00000000080077fc       0x1c ./Middlewares/BlueNRG-2/Wireless/BlueNRG-2/HCI_TL/Basic/bluenrg1_events_cb.o
                0x00000000080077fc                aci_att_read_blob_resp_event
 .text.aci_att_read_multiple_resp_event
                0x0000000008007818       0x1c ./Middlewares/BlueNRG-2/Wireless/BlueNRG-2/HCI_TL/Basic/bluenrg1_events_cb.o
                0x0000000008007818                aci_att_read_multiple_resp_event
 .text.aci_att_read_by_group_type_resp_event
                0x0000000008007834       0x20 ./Middlewares/BlueNRG-2/Wireless/BlueNRG-2/HCI_TL/Basic/bluenrg1_events_cb.o
                0x0000000008007834                aci_att_read_by_group_type_resp_event
 .text.aci_att_prepare_write_resp_event
                0x0000000008007854       0x28 ./Middlewares/BlueNRG-2/Wireless/BlueNRG-2/HCI_TL/Basic/bluenrg1_events_cb.o
                0x0000000008007854                aci_att_prepare_write_resp_event
 .text.aci_att_exec_write_resp_event
                0x000000000800787c       0x16 ./Middlewares/BlueNRG-2/Wireless/BlueNRG-2/HCI_TL/Basic/bluenrg1_events_cb.o
                0x000000000800787c                aci_att_exec_write_resp_event
 .text.aci_gatt_indication_event
                0x0000000008007892       0x20 ./Middlewares/BlueNRG-2/Wireless/BlueNRG-2/HCI_TL/Basic/bluenrg1_events_cb.o
                0x0000000008007892                aci_gatt_indication_event
 .text.aci_gatt_error_resp_event
                0x00000000080078b2       0x28 ./Middlewares/BlueNRG-2/Wireless/BlueNRG-2/HCI_TL/Basic/bluenrg1_events_cb.o
                0x00000000080078b2                aci_gatt_error_resp_event
 .text.aci_gatt_write_permit_req_event
                0x00000000080078da       0x20 ./Middlewares/BlueNRG-2/Wireless/BlueNRG-2/HCI_TL/Basic/bluenrg1_events_cb.o
                0x00000000080078da                aci_gatt_write_permit_req_event
 .text.aci_gatt_read_permit_req_event
                0x00000000080078fa       0x1e ./Middlewares/BlueNRG-2/Wireless/BlueNRG-2/HCI_TL/Basic/bluenrg1_events_cb.o
                0x00000000080078fa                aci_gatt_read_permit_req_event
 .text.aci_gatt_read_multi_permit_req_event
                0x0000000008007918       0x1c ./Middlewares/BlueNRG-2/Wireless/BlueNRG-2/HCI_TL/Basic/bluenrg1_events_cb.o
                0x0000000008007918                aci_gatt_read_multi_permit_req_event
 .text.aci_gatt_server_confirmation_event
                0x0000000008007934       0x16 ./Middlewares/BlueNRG-2/Wireless/BlueNRG-2/HCI_TL/Basic/bluenrg1_events_cb.o
                0x0000000008007934                aci_gatt_server_confirmation_event
 .text.aci_gatt_prepare_write_permit_req_event
                0x000000000800794a       0x28 ./Middlewares/BlueNRG-2/Wireless/BlueNRG-2/HCI_TL/Basic/bluenrg1_events_cb.o
                0x000000000800794a                aci_gatt_prepare_write_permit_req_event
 .text.aci_l2cap_connection_update_resp_event
                0x0000000008007972       0x1c ./Middlewares/BlueNRG-2/Wireless/BlueNRG-2/HCI_TL/Basic/bluenrg1_events_cb.o
                0x0000000008007972                aci_l2cap_connection_update_resp_event
 .text.aci_l2cap_proc_timeout_event
                0x000000000800798e       0x1c ./Middlewares/BlueNRG-2/Wireless/BlueNRG-2/HCI_TL/Basic/bluenrg1_events_cb.o
                0x000000000800798e                aci_l2cap_proc_timeout_event
 .text.aci_l2cap_connection_update_req_event
                0x00000000080079aa       0x28 ./Middlewares/BlueNRG-2/Wireless/BlueNRG-2/HCI_TL/Basic/bluenrg1_events_cb.o
                0x00000000080079aa                aci_l2cap_connection_update_req_event
 .text.aci_l2cap_command_reject_event
                0x00000000080079d2       0x28 ./Middlewares/BlueNRG-2/Wireless/BlueNRG-2/HCI_TL/Basic/bluenrg1_events_cb.o
                0x00000000080079d2                aci_l2cap_command_reject_event
 .text.aci_blue_initialized_event
                0x00000000080079fa       0x16 ./Middlewares/BlueNRG-2/Wireless/BlueNRG-2/HCI_TL/Basic/bluenrg1_events_cb.o
                0x00000000080079fa                aci_blue_initialized_event
 .text.aci_blue_events_lost_event
                0x0000000008007a10       0x14 ./Middlewares/BlueNRG-2/Wireless/BlueNRG-2/HCI_TL/Basic/bluenrg1_events_cb.o
                0x0000000008007a10                aci_blue_events_lost_event
 .text.aci_blue_crash_info_event
                0x0000000008007a24       0x1c ./Middlewares/BlueNRG-2/Wireless/BlueNRG-2/HCI_TL/Basic/bluenrg1_events_cb.o
                0x0000000008007a24                aci_blue_crash_info_event
 .text.aci_hal_end_of_radio_activity_event
                0x0000000008007a40       0x1c ./Middlewares/BlueNRG-2/Wireless/BlueNRG-2/HCI_TL/Basic/bluenrg1_events_cb.o
                0x0000000008007a40                aci_hal_end_of_radio_activity_event
 .text.aci_hal_scan_req_report_event
                0x0000000008007a5c       0x1c ./Middlewares/BlueNRG-2/Wireless/BlueNRG-2/HCI_TL/Basic/bluenrg1_events_cb.o
                0x0000000008007a5c                aci_hal_scan_req_report_event
 .text.aci_hal_fw_error_event
                0x0000000008007a78       0x1c ./Middlewares/BlueNRG-2/Wireless/BlueNRG-2/HCI_TL/Basic/bluenrg1_events_cb.o
                0x0000000008007a78                aci_hal_fw_error_event
 .text.hci_reset
                0x0000000008007a94       0x52 ./Middlewares/BlueNRG-2/Wireless/BlueNRG-2/HCI_TL/Basic/bluenrg1_hci_le.o
                0x0000000008007a94                hci_reset
 .text.hci_read_rssi
                0x0000000008007ae6       0xde ./Middlewares/BlueNRG-2/Wireless/BlueNRG-2/HCI_TL/Basic/bluenrg1_hci_le.o
                0x0000000008007ae6                hci_read_rssi
 .text.hci_le_set_scan_response_data
                0x0000000008007bc4       0xf2 ./Middlewares/BlueNRG-2/Wireless/BlueNRG-2/HCI_TL/Basic/bluenrg1_hci_le.o
                0x0000000008007bc4                hci_le_set_scan_response_data
 .text.hci_le_rand
                0x0000000008007cb6       0x70 ./Middlewares/BlueNRG-2/Wireless/BlueNRG-2/HCI_TL/Basic/bluenrg1_hci_le.o
                0x0000000008007cb6                hci_le_rand
 .text.verify_packet
                0x0000000008007d26       0x40 ./Middlewares/BlueNRG-2/Wireless/BlueNRG-2/HCI_TL/Basic/hci_tl.o
 *fill*         0x0000000008007d66        0x2 
 .text.send_cmd
                0x0000000008007d68       0x80 ./Middlewares/BlueNRG-2/Wireless/BlueNRG-2/HCI_TL/Basic/hci_tl.o
 .text.move_list
                0x0000000008007de8       0x38 ./Middlewares/BlueNRG-2/Wireless/BlueNRG-2/HCI_TL/Basic/hci_tl.o
 .text.free_event_list
                0x0000000008007e20       0x3c ./Middlewares/BlueNRG-2/Wireless/BlueNRG-2/HCI_TL/Basic/hci_tl.o
 .text.hci_init
                0x0000000008007e5c       0x84 ./Middlewares/BlueNRG-2/Wireless/BlueNRG-2/HCI_TL/Basic/hci_tl.o
                0x0000000008007e5c                hci_init
 .text.hci_register_io_bus
                0x0000000008007ee0       0x40 ./Middlewares/BlueNRG-2/Wireless/BlueNRG-2/HCI_TL/Basic/hci_tl.o
                0x0000000008007ee0                hci_register_io_bus
 .text.hci_send_req
                0x0000000008007f20      0x230 ./Middlewares/BlueNRG-2/Wireless/BlueNRG-2/HCI_TL/Basic/hci_tl.o
                0x0000000008007f20                hci_send_req
 .text.hci_user_evt_proc
                0x0000000008008150       0x58 ./Middlewares/BlueNRG-2/Wireless/BlueNRG-2/HCI_TL/Basic/hci_tl.o
                0x0000000008008150                hci_user_evt_proc
 .text.hci_notify_asynch_evt
                0x00000000080081a8       0x9c ./Middlewares/BlueNRG-2/Wireless/BlueNRG-2/HCI_TL/Basic/hci_tl.o
                0x00000000080081a8                hci_notify_asynch_evt
 .text.list_init_head
                0x0000000008008244       0x20 ./Middlewares/BlueNRG-2/Wireless/BlueNRG-2/Utils/ble_list.o
                0x0000000008008244                list_init_head
 .text.list_is_empty
                0x0000000008008264       0x44 ./Middlewares/BlueNRG-2/Wireless/BlueNRG-2/Utils/ble_list.o
                0x0000000008008264                list_is_empty
 .text.list_insert_head
                0x00000000080082a8       0x4c ./Middlewares/BlueNRG-2/Wireless/BlueNRG-2/Utils/ble_list.o
                0x00000000080082a8                list_insert_head
 .text.list_insert_tail
                0x00000000080082f4       0x4c ./Middlewares/BlueNRG-2/Wireless/BlueNRG-2/Utils/ble_list.o
                0x00000000080082f4                list_insert_tail
 .text.list_remove_node
                0x0000000008008340       0x42 ./Middlewares/BlueNRG-2/Wireless/BlueNRG-2/Utils/ble_list.o
                0x0000000008008340                list_remove_node
 .text.list_remove_head
                0x0000000008008382       0x4e ./Middlewares/BlueNRG-2/Wireless/BlueNRG-2/Utils/ble_list.o
                0x0000000008008382                list_remove_head
 .text.list_remove_tail
                0x00000000080083d0       0x4e ./Middlewares/BlueNRG-2/Wireless/BlueNRG-2/Utils/ble_list.o
                0x00000000080083d0                list_remove_tail
 .text.list_get_size
                0x000000000800841e       0x50 ./Middlewares/BlueNRG-2/Wireless/BlueNRG-2/Utils/ble_list.o
                0x000000000800841e                list_get_size
 .text.__itoa   0x000000000800846e       0x30 C:/ST/STM32CubeIDE_1.13.1/STM32CubeIDE/plugins/com.st.stm32cube.ide.mcu.externaltools.gnu-tools-for-stm32.11.3.rel1.win32_1.1.0.202305231506/tools/bin/../lib/gcc/arm-none-eabi/11.3.1/../../../../arm-none-eabi/lib/thumb/v7e-m+fp/hard\libc_nano.a(libc_a-itoa.o)
                0x000000000800846e                __itoa
 .text.itoa     0x000000000800849e        0x4 C:/ST/STM32CubeIDE_1.13.1/STM32CubeIDE/plugins/com.st.stm32cube.ide.mcu.externaltools.gnu-tools-for-stm32.11.3.rel1.win32_1.1.0.202305231506/tools/bin/../lib/gcc/arm-none-eabi/11.3.1/../../../../arm-none-eabi/lib/thumb/v7e-m+fp/hard\libc_nano.a(libc_a-itoa.o)
                0x000000000800849e                itoa
 *fill*         0x00000000080084a2        0x2 
 .text.__utoa   0x00000000080084a4       0x84 C:/ST/STM32CubeIDE_1.13.1/STM32CubeIDE/plugins/com.st.stm32cube.ide.mcu.externaltools.gnu-tools-for-stm32.11.3.rel1.win32_1.1.0.202305231506/tools/bin/../lib/gcc/arm-none-eabi/11.3.1/../../../../arm-none-eabi/lib/thumb/v7e-m+fp/hard\libc_nano.a(libc_a-utoa.o)
                0x00000000080084a4                __utoa
 .text.__sflush_r
                0x0000000008008528      0x10c C:/ST/STM32CubeIDE_1.13.1/STM32CubeIDE/plugins/com.st.stm32cube.ide.mcu.externaltools.gnu-tools-for-stm32.11.3.rel1.win32_1.1.0.202305231506/tools/bin/../lib/gcc/arm-none-eabi/11.3.1/../../../../arm-none-eabi/lib/thumb/v7e-m+fp/hard\libc_nano.a(libc_a-fflush.o)
                0x0000000008008528                __sflush_r
 .text._fflush_r
                0x0000000008008634       0x50 C:/ST/STM32CubeIDE_1.13.1/STM32CubeIDE/plugins/com.st.stm32cube.ide.mcu.externaltools.gnu-tools-for-stm32.11.3.rel1.win32_1.1.0.202305231506/tools/bin/../lib/gcc/arm-none-eabi/11.3.1/../../../../arm-none-eabi/lib/thumb/v7e-m+fp/hard\libc_nano.a(libc_a-fflush.o)
                0x0000000008008634                _fflush_r
 .text.fflush   0x0000000008008684       0x28 C:/ST/STM32CubeIDE_1.13.1/STM32CubeIDE/plugins/com.st.stm32cube.ide.mcu.externaltools.gnu-tools-for-stm32.11.3.rel1.win32_1.1.0.202305231506/tools/bin/../lib/gcc/arm-none-eabi/11.3.1/../../../../arm-none-eabi/lib/thumb/v7e-m+fp/hard\libc_nano.a(libc_a-fflush.o)
                0x0000000008008684                fflush
 .text.std      0x00000000080086ac       0x48 C:/ST/STM32CubeIDE_1.13.1/STM32CubeIDE/plugins/com.st.stm32cube.ide.mcu.externaltools.gnu-tools-for-stm32.11.3.rel1.win32_1.1.0.202305231506/tools/bin/../lib/gcc/arm-none-eabi/11.3.1/../../../../arm-none-eabi/lib/thumb/v7e-m+fp/hard\libc_nano.a(libc_a-findfp.o)
 .text.stdio_exit_handler
                0x00000000080086f4       0x18 C:/ST/STM32CubeIDE_1.13.1/STM32CubeIDE/plugins/com.st.stm32cube.ide.mcu.externaltools.gnu-tools-for-stm32.11.3.rel1.win32_1.1.0.202305231506/tools/bin/../lib/gcc/arm-none-eabi/11.3.1/../../../../arm-none-eabi/lib/thumb/v7e-m+fp/hard\libc_nano.a(libc_a-findfp.o)
 .text.cleanup_stdio
                0x000000000800870c       0x40 C:/ST/STM32CubeIDE_1.13.1/STM32CubeIDE/plugins/com.st.stm32cube.ide.mcu.externaltools.gnu-tools-for-stm32.11.3.rel1.win32_1.1.0.202305231506/tools/bin/../lib/gcc/arm-none-eabi/11.3.1/../../../../arm-none-eabi/lib/thumb/v7e-m+fp/hard\libc_nano.a(libc_a-findfp.o)
 .text.global_stdio_init.part.0
                0x000000000800874c       0x3c C:/ST/STM32CubeIDE_1.13.1/STM32CubeIDE/plugins/com.st.stm32cube.ide.mcu.externaltools.gnu-tools-for-stm32.11.3.rel1.win32_1.1.0.202305231506/tools/bin/../lib/gcc/arm-none-eabi/11.3.1/../../../../arm-none-eabi/lib/thumb/v7e-m+fp/hard\libc_nano.a(libc_a-findfp.o)
 .text.__sfp_lock_acquire
                0x0000000008008788        0xc C:/ST/STM32CubeIDE_1.13.1/STM32CubeIDE/plugins/com.st.stm32cube.ide.mcu.externaltools.gnu-tools-for-stm32.11.3.rel1.win32_1.1.0.202305231506/tools/bin/../lib/gcc/arm-none-eabi/11.3.1/../../../../arm-none-eabi/lib/thumb/v7e-m+fp/hard\libc_nano.a(libc_a-findfp.o)
                0x0000000008008788                __sfp_lock_acquire
 .text.__sfp_lock_release
                0x0000000008008794        0xc C:/ST/STM32CubeIDE_1.13.1/STM32CubeIDE/plugins/com.st.stm32cube.ide.mcu.externaltools.gnu-tools-for-stm32.11.3.rel1.win32_1.1.0.202305231506/tools/bin/../lib/gcc/arm-none-eabi/11.3.1/../../../../arm-none-eabi/lib/thumb/v7e-m+fp/hard\libc_nano.a(libc_a-findfp.o)
                0x0000000008008794                __sfp_lock_release
 .text.__sinit  0x00000000080087a0       0x30 C:/ST/STM32CubeIDE_1.13.1/STM32CubeIDE/plugins/com.st.stm32cube.ide.mcu.externaltools.gnu-tools-for-stm32.11.3.rel1.win32_1.1.0.202305231506/tools/bin/../lib/gcc/arm-none-eabi/11.3.1/../../../../arm-none-eabi/lib/thumb/v7e-m+fp/hard\libc_nano.a(libc_a-findfp.o)
                0x00000000080087a0                __sinit
 .text._fwalk_sglue
                0x00000000080087d0       0x3c C:/ST/STM32CubeIDE_1.13.1/STM32CubeIDE/plugins/com.st.stm32cube.ide.mcu.externaltools.gnu-tools-for-stm32.11.3.rel1.win32_1.1.0.202305231506/tools/bin/../lib/gcc/arm-none-eabi/11.3.1/../../../../arm-none-eabi/lib/thumb/v7e-m+fp/hard\libc_nano.a(libc_a-fwalk.o)
                0x00000000080087d0                _fwalk_sglue
 .text.__sread  0x000000000800880c       0x22 C:/ST/STM32CubeIDE_1.13.1/STM32CubeIDE/plugins/com.st.stm32cube.ide.mcu.externaltools.gnu-tools-for-stm32.11.3.rel1.win32_1.1.0.202305231506/tools/bin/../lib/gcc/arm-none-eabi/11.3.1/../../../../arm-none-eabi/lib/thumb/v7e-m+fp/hard\libc_nano.a(libc_a-stdio.o)
                0x000000000800880c                __sread
 .text.__swrite
                0x000000000800882e       0x38 C:/ST/STM32CubeIDE_1.13.1/STM32CubeIDE/plugins/com.st.stm32cube.ide.mcu.externaltools.gnu-tools-for-stm32.11.3.rel1.win32_1.1.0.202305231506/tools/bin/../lib/gcc/arm-none-eabi/11.3.1/../../../../arm-none-eabi/lib/thumb/v7e-m+fp/hard\libc_nano.a(libc_a-stdio.o)
                0x000000000800882e                __swrite
 .text.__sseek  0x0000000008008866       0x24 C:/ST/STM32CubeIDE_1.13.1/STM32CubeIDE/plugins/com.st.stm32cube.ide.mcu.externaltools.gnu-tools-for-stm32.11.3.rel1.win32_1.1.0.202305231506/tools/bin/../lib/gcc/arm-none-eabi/11.3.1/../../../../arm-none-eabi/lib/thumb/v7e-m+fp/hard\libc_nano.a(libc_a-stdio.o)
                0x0000000008008866                __sseek
 .text.__sclose
                0x000000000800888a        0x8 C:/ST/STM32CubeIDE_1.13.1/STM32CubeIDE/plugins/com.st.stm32cube.ide.mcu.externaltools.gnu-tools-for-stm32.11.3.rel1.win32_1.1.0.202305231506/tools/bin/../lib/gcc/arm-none-eabi/11.3.1/../../../../arm-none-eabi/lib/thumb/v7e-m+fp/hard\libc_nano.a(libc_a-stdio.o)
                0x000000000800888a                __sclose
 .text.memcmp   0x0000000008008892       0x20 C:/ST/STM32CubeIDE_1.13.1/STM32CubeIDE/plugins/com.st.stm32cube.ide.mcu.externaltools.gnu-tools-for-stm32.11.3.rel1.win32_1.1.0.202305231506/tools/bin/../lib/gcc/arm-none-eabi/11.3.1/../../../../arm-none-eabi/lib/thumb/v7e-m+fp/hard\libc_nano.a(libc_a-memcmp.o)
                0x0000000008008892                memcmp
 .text.memset   0x00000000080088b2       0x10 C:/ST/STM32CubeIDE_1.13.1/STM32CubeIDE/plugins/com.st.stm32cube.ide.mcu.externaltools.gnu-tools-for-stm32.11.3.rel1.win32_1.1.0.202305231506/tools/bin/../lib/gcc/arm-none-eabi/11.3.1/../../../../arm-none-eabi/lib/thumb/v7e-m+fp/hard\libc_nano.a(libc_a-memset.o)
                0x00000000080088b2                memset
 *fill*         0x00000000080088c2        0x2 
 .text._close_r
                0x00000000080088c4       0x20 C:/ST/STM32CubeIDE_1.13.1/STM32CubeIDE/plugins/com.st.stm32cube.ide.mcu.externaltools.gnu-tools-for-stm32.11.3.rel1.win32_1.1.0.202305231506/tools/bin/../lib/gcc/arm-none-eabi/11.3.1/../../../../arm-none-eabi/lib/thumb/v7e-m+fp/hard\libc_nano.a(libc_a-closer.o)
                0x00000000080088c4                _close_r
 .text._lseek_r
                0x00000000080088e4       0x24 C:/ST/STM32CubeIDE_1.13.1/STM32CubeIDE/plugins/com.st.stm32cube.ide.mcu.externaltools.gnu-tools-for-stm32.11.3.rel1.win32_1.1.0.202305231506/tools/bin/../lib/gcc/arm-none-eabi/11.3.1/../../../../arm-none-eabi/lib/thumb/v7e-m+fp/hard\libc_nano.a(libc_a-lseekr.o)
                0x00000000080088e4                _lseek_r
 .text._read_r  0x0000000008008908       0x24 C:/ST/STM32CubeIDE_1.13.1/STM32CubeIDE/plugins/com.st.stm32cube.ide.mcu.externaltools.gnu-tools-for-stm32.11.3.rel1.win32_1.1.0.202305231506/tools/bin/../lib/gcc/arm-none-eabi/11.3.1/../../../../arm-none-eabi/lib/thumb/v7e-m+fp/hard\libc_nano.a(libc_a-readr.o)
                0x0000000008008908                _read_r
 .text._write_r
                0x000000000800892c       0x24 C:/ST/STM32CubeIDE_1.13.1/STM32CubeIDE/plugins/com.st.stm32cube.ide.mcu.externaltools.gnu-tools-for-stm32.11.3.rel1.win32_1.1.0.202305231506/tools/bin/../lib/gcc/arm-none-eabi/11.3.1/../../../../arm-none-eabi/lib/thumb/v7e-m+fp/hard\libc_nano.a(libc_a-writer.o)
                0x000000000800892c                _write_r
 .text.__libc_init_array
                0x0000000008008950       0x48 C:/ST/STM32CubeIDE_1.13.1/STM32CubeIDE/plugins/com.st.stm32cube.ide.mcu.externaltools.gnu-tools-for-stm32.11.3.rel1.win32_1.1.0.202305231506/tools/bin/../lib/gcc/arm-none-eabi/11.3.1/../../../../arm-none-eabi/lib/thumb/v7e-m+fp/hard\libc_nano.a(libc_a-init.o)
                0x0000000008008950                __libc_init_array
 .text.__retarget_lock_acquire_recursive
                0x0000000008008998        0x2 C:/ST/STM32CubeIDE_1.13.1/STM32CubeIDE/plugins/com.st.stm32cube.ide.mcu.externaltools.gnu-tools-for-stm32.11.3.rel1.win32_1.1.0.202305231506/tools/bin/../lib/gcc/arm-none-eabi/11.3.1/../../../../arm-none-eabi/lib/thumb/v7e-m+fp/hard\libc_nano.a(libc_a-lock.o)
                0x0000000008008998                __retarget_lock_acquire_recursive
 .text.__retarget_lock_release_recursive
                0x000000000800899a        0x2 C:/ST/STM32CubeIDE_1.13.1/STM32CubeIDE/plugins/com.st.stm32cube.ide.mcu.externaltools.gnu-tools-for-stm32.11.3.rel1.win32_1.1.0.202305231506/tools/bin/../lib/gcc/arm-none-eabi/11.3.1/../../../../arm-none-eabi/lib/thumb/v7e-m+fp/hard\libc_nano.a(libc_a-lock.o)
                0x000000000800899a                __retarget_lock_release_recursive
 .text.memcpy   0x000000000800899c       0x1c C:/ST/STM32CubeIDE_1.13.1/STM32CubeIDE/plugins/com.st.stm32cube.ide.mcu.externaltools.gnu-tools-for-stm32.11.3.rel1.win32_1.1.0.202305231506/tools/bin/../lib/gcc/arm-none-eabi/11.3.1/../../../../arm-none-eabi/lib/thumb/v7e-m+fp/hard\libc_nano.a(libc_a-memcpy-stub.o)
                0x000000000800899c                memcpy
 .text._free_r  0x00000000080089b8       0x98 C:/ST/STM32CubeIDE_1.13.1/STM32CubeIDE/plugins/com.st.stm32cube.ide.mcu.externaltools.gnu-tools-for-stm32.11.3.rel1.win32_1.1.0.202305231506/tools/bin/../lib/gcc/arm-none-eabi/11.3.1/../../../../arm-none-eabi/lib/thumb/v7e-m+fp/hard\libc_nano.a(libc_a-freer.o)
                0x00000000080089b8                _free_r
 .text.__malloc_lock
                0x0000000008008a50        0xc C:/ST/STM32CubeIDE_1.13.1/STM32CubeIDE/plugins/com.st.stm32cube.ide.mcu.externaltools.gnu-tools-for-stm32.11.3.rel1.win32_1.1.0.202305231506/tools/bin/../lib/gcc/arm-none-eabi/11.3.1/../../../../arm-none-eabi/lib/thumb/v7e-m+fp/hard\libc_nano.a(libc_a-mlock.o)
                0x0000000008008a50                __malloc_lock
 .text.__malloc_unlock
                0x0000000008008a5c        0xc C:/ST/STM32CubeIDE_1.13.1/STM32CubeIDE/plugins/com.st.stm32cube.ide.mcu.externaltools.gnu-tools-for-stm32.11.3.rel1.win32_1.1.0.202305231506/tools/bin/../lib/gcc/arm-none-eabi/11.3.1/../../../../arm-none-eabi/lib/thumb/v7e-m+fp/hard\libc_nano.a(libc_a-mlock.o)
                0x0000000008008a5c                __malloc_unlock
 *(.glue_7)
 .glue_7        0x0000000008008a68        0x0 linker stubs
 *(.glue_7t)
 .glue_7t       0x0000000008008a68        0x0 linker stubs
 *(.eh_frame)
 .eh_frame      0x0000000008008a68        0x0 C:/ST/STM32CubeIDE_1.13.1/STM32CubeIDE/plugins/com.st.stm32cube.ide.mcu.externaltools.gnu-tools-for-stm32.11.3.rel1.win32_1.1.0.202305231506/tools/bin/../lib/gcc/arm-none-eabi/11.3.1/thumb/v7e-m+fp/hard/crtbegin.o
 *(.init)
 .init          0x0000000008008a68        0x4 C:/ST/STM32CubeIDE_1.13.1/STM32CubeIDE/plugins/com.st.stm32cube.ide.mcu.externaltools.gnu-tools-for-stm32.11.3.rel1.win32_1.1.0.202305231506/tools/bin/../lib/gcc/arm-none-eabi/11.3.1/thumb/v7e-m+fp/hard/crti.o
                0x0000000008008a68                _init
 .init          0x0000000008008a6c        0x8 C:/ST/STM32CubeIDE_1.13.1/STM32CubeIDE/plugins/com.st.stm32cube.ide.mcu.externaltools.gnu-tools-for-stm32.11.3.rel1.win32_1.1.0.202305231506/tools/bin/../lib/gcc/arm-none-eabi/11.3.1/thumb/v7e-m+fp/hard/crtn.o
 *(.fini)
 .fini          0x0000000008008a74        0x4 C:/ST/STM32CubeIDE_1.13.1/STM32CubeIDE/plugins/com.st.stm32cube.ide.mcu.externaltools.gnu-tools-for-stm32.11.3.rel1.win32_1.1.0.202305231506/tools/bin/../lib/gcc/arm-none-eabi/11.3.1/thumb/v7e-m+fp/hard/crti.o
                0x0000000008008a74                _fini
 .fini          0x0000000008008a78        0x8 C:/ST/STM32CubeIDE_1.13.1/STM32CubeIDE/plugins/com.st.stm32cube.ide.mcu.externaltools.gnu-tools-for-stm32.11.3.rel1.win32_1.1.0.202305231506/tools/bin/../lib/gcc/arm-none-eabi/11.3.1/thumb/v7e-m+fp/hard/crtn.o
                0x0000000008008a80                . = ALIGN (0x4)
                0x0000000008008a80                _etext = .

.vfp11_veneer   0x0000000008008a80        0x0
 .vfp11_veneer  0x0000000008008a80        0x0 linker stubs

.v4_bx          0x0000000008008a80        0x0
 .v4_bx         0x0000000008008a80        0x0 linker stubs

.iplt           0x0000000008008a80        0x0
 .iplt          0x0000000008008a80        0x0 C:/ST/STM32CubeIDE_1.13.1/STM32CubeIDE/plugins/com.st.stm32cube.ide.mcu.externaltools.gnu-tools-for-stm32.11.3.rel1.win32_1.1.0.202305231506/tools/bin/../lib/gcc/arm-none-eabi/11.3.1/thumb/v7e-m+fp/hard/crtbegin.o

.rodata         0x0000000008008a80      0x2ac
                0x0000000008008a80                . = ALIGN (0x4)
 *(.rodata)
 .rodata        0x0000000008008a80        0x6 ./Application/User/app_bluenrg_2.o
 *fill*         0x0000000008008a86        0x2 
 .rodata        0x0000000008008a88       0x30 ./Application/User/gatt_db.o
 .rodata        0x0000000008008ab8        0xd ./Application/User/hci_tl_interface.o
 *(.rodata*)
 *fill*         0x0000000008008ac5        0x3 
 .rodata.LedGpioInit.4
                0x0000000008008ac8        0x4 ./Application/User/stm32l4xx_nucleo.o
 .rodata.ButtonGpioInit.3
                0x0000000008008acc        0x4 ./Application/User/stm32l4xx_nucleo.o
 .rodata.BUTTON_EXTI_LINE.2
                0x0000000008008ad0        0x4 ./Application/User/stm32l4xx_nucleo.o
 .rodata.ButtonCallback.1
                0x0000000008008ad4        0x4 ./Application/User/stm32l4xx_nucleo.o
 .rodata.BSP_BUTTON_PRIO.0
                0x0000000008008ad8        0x4 ./Application/User/stm32l4xx_nucleo.o
 .rodata.AHBPrescTable
                0x0000000008008adc       0x10 ./Drivers/CMSIS/system_stm32l4xx.o
                0x0000000008008adc                AHBPrescTable
 .rodata.APBPrescTable
                0x0000000008008aec        0x8 ./Drivers/CMSIS/system_stm32l4xx.o
                0x0000000008008aec                APBPrescTable
 .rodata.MSIRangeTable
                0x0000000008008af4       0x30 ./Drivers/CMSIS/system_stm32l4xx.o
                0x0000000008008af4                MSIRangeTable
 .rodata.hci_events_table
                0x0000000008008b24       0x38 ./Middlewares/BlueNRG-2/Wireless/BlueNRG-2/HCI_TL/Basic/bluenrg1_events.o
                0x0000000008008b24                hci_events_table
 .rodata.hci_le_meta_events_table
                0x0000000008008b5c       0x50 ./Middlewares/BlueNRG-2/Wireless/BlueNRG-2/HCI_TL/Basic/bluenrg1_events.o
                0x0000000008008b5c                hci_le_meta_events_table
 .rodata.hci_vendor_specific_events_table
                0x0000000008008bac      0x158 ./Middlewares/BlueNRG-2/Wireless/BlueNRG-2/HCI_TL/Basic/bluenrg1_events.o
                0x0000000008008bac                hci_vendor_specific_events_table
 .rodata.__utoa.str1.1
                0x0000000008008d04       0x25 C:/ST/STM32CubeIDE_1.13.1/STM32CubeIDE/plugins/com.st.stm32cube.ide.mcu.externaltools.gnu-tools-for-stm32.11.3.rel1.win32_1.1.0.202305231506/tools/bin/../lib/gcc/arm-none-eabi/11.3.1/../../../../arm-none-eabi/lib/thumb/v7e-m+fp/hard\libc_nano.a(libc_a-utoa.o)
                0x0000000008008d2c                . = ALIGN (0x4)
 *fill*         0x0000000008008d29        0x3 

.ARM.extab      0x0000000008008d2c        0x0
                0x0000000008008d2c                . = ALIGN (0x4)
 *(.ARM.extab* .gnu.linkonce.armextab.*)
                0x0000000008008d2c                . = ALIGN (0x4)

.ARM            0x0000000008008d2c        0x8
                0x0000000008008d2c                . = ALIGN (0x4)
                0x0000000008008d2c                __exidx_start = .
 *(.ARM.exidx*)
 .ARM.exidx     0x0000000008008d2c        0x8 C:/ST/STM32CubeIDE_1.13.1/STM32CubeIDE/plugins/com.st.stm32cube.ide.mcu.externaltools.gnu-tools-for-stm32.11.3.rel1.win32_1.1.0.202305231506/tools/bin/../lib/gcc/arm-none-eabi/11.3.1/thumb/v7e-m+fp/hard\libgcc.a(_udivmoddi4.o)
                0x0000000008008d34                __exidx_end = .
                0x0000000008008d34                . = ALIGN (0x4)

.rel.dyn        0x0000000008008d34        0x0
 .rel.iplt      0x0000000008008d34        0x0 C:/ST/STM32CubeIDE_1.13.1/STM32CubeIDE/plugins/com.st.stm32cube.ide.mcu.externaltools.gnu-tools-for-stm32.11.3.rel1.win32_1.1.0.202305231506/tools/bin/../lib/gcc/arm-none-eabi/11.3.1/thumb/v7e-m+fp/hard/crtbegin.o

.preinit_array  0x0000000008008d34        0x0
                0x0000000008008d34                . = ALIGN (0x4)
                0x0000000008008d34                PROVIDE (__preinit_array_start = .)
 *(.preinit_array*)
                0x0000000008008d34                PROVIDE (__preinit_array_end = .)
                0x0000000008008d34                . = ALIGN (0x4)

.init_array     0x0000000008008d34        0x4
                0x0000000008008d34                . = ALIGN (0x4)
                0x0000000008008d34                PROVIDE (__init_array_start = .)
 *(SORT_BY_NAME(.init_array.*))
 *(.init_array*)
 .init_array    0x0000000008008d34        0x4 C:/ST/STM32CubeIDE_1.13.1/STM32CubeIDE/plugins/com.st.stm32cube.ide.mcu.externaltools.gnu-tools-for-stm32.11.3.rel1.win32_1.1.0.202305231506/tools/bin/../lib/gcc/arm-none-eabi/11.3.1/thumb/v7e-m+fp/hard/crtbegin.o
                0x0000000008008d38                PROVIDE (__init_array_end = .)
                0x0000000008008d38                . = ALIGN (0x4)

.fini_array     0x0000000008008d38        0x4
                0x0000000008008d38                . = ALIGN (0x4)
                [!provide]                        PROVIDE (__fini_array_start = .)
 *(SORT_BY_NAME(.fini_array.*))
 *(.fini_array*)
 .fini_array    0x0000000008008d38        0x4 C:/ST/STM32CubeIDE_1.13.1/STM32CubeIDE/plugins/com.st.stm32cube.ide.mcu.externaltools.gnu-tools-for-stm32.11.3.rel1.win32_1.1.0.202305231506/tools/bin/../lib/gcc/arm-none-eabi/11.3.1/thumb/v7e-m+fp/hard/crtbegin.o
                [!provide]                        PROVIDE (__fini_array_end = .)
                0x0000000008008d3c                . = ALIGN (0x4)
                0x0000000008008d3c                _sidata = LOADADDR (.data)

.data           0x0000000020000000       0x98 load address 0x0000000008008d3c
                0x0000000020000000                . = ALIGN (0x4)
                0x0000000020000000                _sdata = .
 *(.data)
 *(.data*)
 .data.app_flags
                0x0000000020000000        0x4 ./Application/User/app_bluenrg_2.o
                0x0000000020000000                app_flags
 .data.device_role
                0x0000000020000004        0x1 ./Application/User/app_bluenrg_2.o
                0x0000000020000004                device_role
 *fill*         0x0000000020000005        0x1 
 .data.write_char_len
                0x0000000020000006        0x2 ./Application/User/app_bluenrg_2.o
                0x0000000020000006                write_char_len
 .data.local_name
                0x0000000020000008       0x12 ./Application/User/app_bluenrg_2.o
                0x0000000020000008                local_name
 .data.i8LastRSSI.0
                0x000000002000001a        0x1 ./Application/User/app_bluenrg_2.o
 *fill*         0x000000002000001b        0x1 
 .data.LED_PORT
                0x000000002000001c        0x4 ./Application/User/stm32l4xx_nucleo.o
 .data.BUTTON_PORT
                0x0000000020000020        0x4 ./Application/User/stm32l4xx_nucleo.o
 .data.hpb_exti
                0x0000000020000024        0x8 ./Application/User/stm32l4xx_nucleo.o
                0x0000000020000024                hpb_exti
 .data.COM_USART
                0x000000002000002c        0x4 ./Application/User/stm32l4xx_nucleo.o
                0x000000002000002c                COM_USART
 .data.SystemCoreClock
                0x0000000020000030        0x4 ./Drivers/CMSIS/system_stm32l4xx.o
                0x0000000020000030                SystemCoreClock
 .data.uwTickPrio
                0x0000000020000034        0x4 ./Drivers/STM32L4xx_HAL_Driver/stm32l4xx_hal.o
                0x0000000020000034                uwTickPrio
 .data.uwTickFreq
                0x0000000020000038        0x1 ./Drivers/STM32L4xx_HAL_Driver/stm32l4xx_hal.o
                0x0000000020000038                uwTickFreq
 *fill*         0x0000000020000039        0x3 
 .data.__sglue  0x000000002000003c        0xc C:/ST/STM32CubeIDE_1.13.1/STM32CubeIDE/plugins/com.st.stm32cube.ide.mcu.externaltools.gnu-tools-for-stm32.11.3.rel1.win32_1.1.0.202305231506/tools/bin/../lib/gcc/arm-none-eabi/11.3.1/../../../../arm-none-eabi/lib/thumb/v7e-m+fp/hard\libc_nano.a(libc_a-findfp.o)
                0x000000002000003c                __sglue
 .data._impure_data
                0x0000000020000048       0x4c C:/ST/STM32CubeIDE_1.13.1/STM32CubeIDE/plugins/com.st.stm32cube.ide.mcu.externaltools.gnu-tools-for-stm32.11.3.rel1.win32_1.1.0.202305231506/tools/bin/../lib/gcc/arm-none-eabi/11.3.1/../../../../arm-none-eabi/lib/thumb/v7e-m+fp/hard\libc_nano.a(libc_a-impure.o)
                0x0000000020000048                _impure_data
 .data._impure_ptr
                0x0000000020000094        0x4 C:/ST/STM32CubeIDE_1.13.1/STM32CubeIDE/plugins/com.st.stm32cube.ide.mcu.externaltools.gnu-tools-for-stm32.11.3.rel1.win32_1.1.0.202305231506/tools/bin/../lib/gcc/arm-none-eabi/11.3.1/../../../../arm-none-eabi/lib/thumb/v7e-m+fp/hard\libc_nano.a(libc_a-impure.o)
                0x0000000020000094                _impure_ptr
 *(.RamFunc)
 *(.RamFunc*)
                0x0000000020000098                . = ALIGN (0x4)
                0x0000000020000098                _edata = .

.igot.plt       0x0000000020000098        0x0 load address 0x0000000008008dd4
 .igot.plt      0x0000000020000098        0x0 C:/ST/STM32CubeIDE_1.13.1/STM32CubeIDE/plugins/com.st.stm32cube.ide.mcu.externaltools.gnu-tools-for-stm32.11.3.rel1.win32_1.1.0.202305231506/tools/bin/../lib/gcc/arm-none-eabi/11.3.1/thumb/v7e-m+fp/hard/crtbegin.o
                0x0000000020000098                . = ALIGN (0x4)

.bss            0x0000000020000098      0x95c load address 0x0000000008008dd4
                0x0000000020000098                _sbss = .
                0x0000000020000098                __bss_start__ = _sbss
 *(.bss)
 .bss           0x0000000020000098       0x1c C:/ST/STM32CubeIDE_1.13.1/STM32CubeIDE/plugins/com.st.stm32cube.ide.mcu.externaltools.gnu-tools-for-stm32.11.3.rel1.win32_1.1.0.202305231506/tools/bin/../lib/gcc/arm-none-eabi/11.3.1/thumb/v7e-m+fp/hard/crtbegin.o
 *(.bss*)
 .bss.user_button_init_state
                0x00000000200000b4        0x1 ./Application/User/app_bluenrg_2.o
                0x00000000200000b4                user_button_init_state
 *fill*         0x00000000200000b5        0x3 
 .bss.discovery
                0x00000000200000b8       0x14 ./Application/User/app_bluenrg_2.o
 .bss.connection_handle
                0x00000000200000cc        0x2 ./Application/User/app_bluenrg_2.o
                0x00000000200000cc                connection_handle
 .bss.tx_handle
                0x00000000200000ce        0x2 ./Application/User/app_bluenrg_2.o
                0x00000000200000ce                tx_handle
 .bss.rx_handle
                0x00000000200000d0        0x2 ./Application/User/app_bluenrg_2.o
                0x00000000200000d0                rx_handle
 .bss.discovery_time