C:/Users/jingchen.fan/demo/Bluetooth_demo/Projects/NUCLEO-L476RG/Applications/Central/Src/central.c:55:9:Get_BLEFirmware_Details	96	static
C:/Users/jingchen.fan/demo/Bluetooth_demo/Projects/NUCLEO-L476RG/Applications/Central/Src/central.c:104:9:CentralDevice_Init	48	static
C:/Users/jingchen.fan/demo/Bluetooth_demo/Projects/NUCLEO-L476RG/Applications/Central/Src/central.c:181:6:Init_Saved_Devices	16	static
C:/Users/jingchen.fan/demo/Bluetooth_demo/Projects/NUCLEO-L476RG/Applications/Central/Src/central.c:235:6:Init_NonConn_Devices	16	static
C:/Users/jingchen.fan/demo/Bluetooth_demo/Projects/NUCLEO-L476RG/Applications/Central/Src/central.c:252:6:Close_Connection	16	static
C:/Users/jingchen.fan/demo/Bluetooth_demo/Projects/NUCLEO-L476RG/Applications/Central/Src/central.c:271:6:Start_Scanning	16	static
C:/Users/jingchen.fan/demo/Bluetooth_demo/Projects/NUCLEO-L476RG/Applications/Central/Src/central.c:288:6:Start_Connection	56	static
C:/Users/jingchen.fan/demo/Bluetooth_demo/Projects/NUCLEO-L476RG/Applications/Central/Src/central.c:310:6:Discover_Services	24	static
C:/Users/jingchen.fan/demo/Bluetooth_demo/Projects/NUCLEO-L476RG/Applications/Central/Src/central.c:331:6:Discover_Characteristics	24	static
C:/Users/jingchen.fan/demo/Bluetooth_demo/Projects/NUCLEO-L476RG/Applications/Central/Src/central.c:355:6:Update_Characteristic	72	static
C:/Users/jingchen.fan/demo/Bluetooth_demo/Projects/NUCLEO-L476RG/Applications/Central/Src/central.c:477:6:Set_Notifications	48	static
C:/Users/jingchen.fan/demo/Bluetooth_demo/Projects/NUCLEO-L476RG/Applications/Central/Src/central.c:509:6:Save_Found_Device	40	static
C:/Users/jingchen.fan/demo/Bluetooth_demo/Projects/NUCLEO-L476RG/Applications/Central/Src/central.c:548:6:Save_NonConn_Device	24	static
C:/Users/jingchen.fan/demo/Bluetooth_demo/Projects/NUCLEO-L476RG/Applications/Central/Src/central.c:563:6:Print_Device_Info	56	static
C:/Users/jingchen.fan/demo/Bluetooth_demo/Projects/NUCLEO-L476RG/Applications/Central/Src/central.c:601:6:Print_NonConn_Device	88	static
C:/Users/jingchen.fan/demo/Bluetooth_demo/Projects/NUCLEO-L476RG/Applications/Central/Src/central.c:716:6:Print_Service_Info	24	static
C:/Users/jingchen.fan/demo/Bluetooth_demo/Projects/NUCLEO-L476RG/Applications/Central/Src/central.c:757:6:Print_Characteristic_Info	24	static
C:/Users/jingchen.fan/demo/Bluetooth_demo/Projects/NUCLEO-L476RG/Applications/Central/Src/central.c:814:6:Print_HRF_Value	168	static
C:/Users/jingchen.fan/demo/Bluetooth_demo/Projects/NUCLEO-L476RG/Applications/Central/Src/central.c:986:9:Is_Device_Saved	24	static
C:/Users/jingchen.fan/demo/Bluetooth_demo/Projects/NUCLEO-L476RG/Applications/Central/Src/central.c:1012:9:Is_Device_Scanned	24	static
C:/Users/jingchen.fan/demo/Bluetooth_demo/Projects/NUCLEO-L476RG/Applications/Central/Src/central.c:1038:9:Get_Index	24	static
C:/Users/jingchen.fan/demo/Bluetooth_demo/Projects/NUCLEO-L476RG/Applications/Central/Src/central.c:1088:6:APP_UserEvtRx	40	static
