C:/Users/jingchen.fan/demo/Bluetooth_demo/Projects/NUCLEO-L476RG/Applications/Central/Src/st_data_parser.c:36:10:Get_Timestamp	24	static
C:/Users/jingchen.fan/demo/Bluetooth_demo/Projects/NUCLEO-L476RG/Applications/Central/Src/st_data_parser.c:53:10:Get_Pressure	24	static
C:/Users/jingchen.fan/demo/Bluetooth_demo/Projects/NUCLEO-L476RG/Applications/Central/Src/st_data_parser.c:73:10:Get_Humidity	24	static
C:/Users/jingchen.fan/demo/Bluetooth_demo/Projects/NUCLEO-L476RG/Applications/Central/Src/st_data_parser.c:95:10:Get_Temperature	24	static
C:/Users/jingchen.fan/demo/Bluetooth_demo/Projects/NUCLEO-L476RG/Applications/Central/Src/st_data_parser.c:128:10:Get_CO	24	static
C:/Users/jingchen.fan/demo/Bluetooth_demo/Projects/NUCLEO-L476RG/Applications/Central/Src/st_data_parser.c:145:9:Get_LED_Status	24	static
C:/Users/jingchen.fan/demo/Bluetooth_demo/Projects/NUCLEO-L476RG/Applications/Central/Src/st_data_parser.c:162:12:Get_Acc_Event	32	static
C:/Users/jingchen.fan/demo/Bluetooth_demo/Projects/NUCLEO-L476RG/Applications/Central/Src/st_data_parser.c:228:9:Get_Mic_Audio_Level	24	static
C:/Users/jingchen.fan/demo/Bluetooth_demo/Projects/NUCLEO-L476RG/Applications/Central/Src/st_data_parser.c:245:10:Get_Proximity	24	static
C:/Users/jingchen.fan/demo/Bluetooth_demo/Projects/NUCLEO-L476RG/Applications/Central/Src/st_data_parser.c:276:10:Get_Lux_Level	24	static
C:/Users/jingchen.fan/demo/Bluetooth_demo/Projects/NUCLEO-L476RG/Applications/Central/Src/st_data_parser.c:294:10:Get_ECompass	24	static
C:/Users/jingchen.fan/demo/Bluetooth_demo/Projects/NUCLEO-L476RG/Applications/Central/Src/st_data_parser.c:311:15:Get_Activity_Recognition	72	static
C:/Users/jingchen.fan/demo/Bluetooth_demo/Projects/NUCLEO-L476RG/Applications/Central/Src/st_data_parser.c:339:17:Get_Carry_Pos_Recognition	72	static
C:/Users/jingchen.fan/demo/Bluetooth_demo/Projects/NUCLEO-L476RG/Applications/Central/Src/st_data_parser.c:368:14:Get_Gesture_Recognition	48	static
C:/Users/jingchen.fan/demo/Bluetooth_demo/Projects/NUCLEO-L476RG/Applications/Central/Src/st_data_parser.c:392:16:Get_Motion_Intensity	88	static
C:/Users/jingchen.fan/demo/Bluetooth_demo/Projects/NUCLEO-L476RG/Applications/Central/Src/st_data_parser.c:424:17:Get_Pedometer_Info	32	static
C:/Users/jingchen.fan/demo/Bluetooth_demo/Projects/NUCLEO-L476RG/Applications/Central/Src/st_data_parser.c:444:14:Get_Motion_Data	80	static
C:/Users/jingchen.fan/demo/Bluetooth_demo/Projects/NUCLEO-L476RG/Applications/Central/Src/st_data_parser.c:498:12:Get_Quaternions_Data	80	static
