C:/Users/jingchen.fan/demo/Bluetooth_demo/Projects/NUCLEO-L476RG/Applications/Central/Src/stm32l4xx_nucleo.c:85:9:BSP_GetVersion	4	static
C:/Users/jingchen.fan/demo/Bluetooth_demo/Projects/NUCLEO-L476RG/Applications/Central/Src/stm32l4xx_nucleo.c:97:9:BSP_LED_Init	16	static
C:/Users/jingchen.fan/demo/Bluetooth_demo/Projects/NUCLEO-L476RG/Applications/Central/Src/stm32l4xx_nucleo.c:112:9:BSP_LED_DeInit	40	static
C:/Users/jingchen.fan/demo/Bluetooth_demo/Projects/NUCLEO-L476RG/Applications/Central/Src/stm32l4xx_nucleo.c:135:9:BSP_LED_On	16	static
C:/Users/jingchen.fan/demo/Bluetooth_demo/Projects/NUCLEO-L476RG/Applications/Central/Src/stm32l4xx_nucleo.c:152:9:BSP_LED_Off	16	static
C:/Users/jingchen.fan/demo/Bluetooth_demo/Projects/NUCLEO-L476RG/Applications/Central/Src/stm32l4xx_nucleo.c:169:9:BSP_LED_Toggle	16	static
C:/Users/jingchen.fan/demo/Bluetooth_demo/Projects/NUCLEO-L476RG/Applications/Central/Src/stm32l4xx_nucleo.c:186:9:BSP_LED_GetState	16	static
C:/Users/jingchen.fan/demo/Bluetooth_demo/Projects/NUCLEO-L476RG/Applications/Central/Src/stm32l4xx_nucleo.c:194:13:LED_USER_GPIO_Init	40	static
C:/Users/jingchen.fan/demo/Bluetooth_demo/Projects/NUCLEO-L476RG/Applications/Central/Src/stm32l4xx_nucleo.c:225:9:BSP_COM_Init	24	static
C:/Users/jingchen.fan/demo/Bluetooth_demo/Projects/NUCLEO-L476RG/Applications/Central/Src/stm32l4xx_nucleo.c:263:9:BSP_COM_DeInit	24	static
C:/Users/jingchen.fan/demo/Bluetooth_demo/Projects/NUCLEO-L476RG/Applications/Central/Src/stm32l4xx_nucleo.c:300:26:MX_USART2_UART_Init	24	static
C:/Users/jingchen.fan/demo/Bluetooth_demo/Projects/NUCLEO-L476RG/Applications/Central/Src/stm32l4xx_nucleo.c:404:9:BSP_COM_SelectLogPort	16	static
C:/Users/jingchen.fan/demo/Bluetooth_demo/Projects/NUCLEO-L476RG/Applications/Central/Src/stm32l4xx_nucleo.c:450:5:__io_putchar	16	static
C:/Users/jingchen.fan/demo/Bluetooth_demo/Projects/NUCLEO-L476RG/Applications/Central/Src/stm32l4xx_nucleo.c:463:13:USART2_MspInit	184	static
C:/Users/jingchen.fan/demo/Bluetooth_demo/Projects/NUCLEO-L476RG/Applications/Central/Src/stm32l4xx_nucleo.c:504:13:USART2_MspDeInit	16	static
