Archive member included to satisfy reference by file (symbol)

C:/ST/STM32CubeIDE_1.13.1/STM32CubeIDE/plugins/com.st.stm32cube.ide.mcu.externaltools.gnu-tools-for-stm32.11.3.rel1.win32_1.1.0.202305231506/tools/bin/../lib/gcc/arm-none-eabi/11.3.1/../../../../arm-none-eabi/lib/thumb/v7e-m+fp/hard\libc_nano.a(libc_a-exit.o)
                              C:/ST/STM32CubeIDE_1.13.1/STM32CubeIDE/plugins/com.st.stm32cube.ide.mcu.externaltools.gnu-tools-for-stm32.11.3.rel1.win32_1.1.0.202305231506/tools/bin/../lib/gcc/arm-none-eabi/11.3.1/../../../../arm-none-eabi/lib/thumb/v7e-m+fp/hard/crt0.o (exit)
C:/ST/STM32CubeIDE_1.13.1/STM32CubeIDE/plugins/com.st.stm32cube.ide.mcu.externaltools.gnu-tools-for-stm32.11.3.rel1.win32_1.1.0.202305231506/tools/bin/../lib/gcc/arm-none-eabi/11.3.1/../../../../arm-none-eabi/lib/thumb/v7e-m+fp/hard\libc_nano.a(libc_a-fflush.o)
                              ./Application/User/app_bluenrg_2.o (fflush)
C:/ST/STM32CubeIDE_1.13.1/STM32CubeIDE/plugins/com.st.stm32cube.ide.mcu.externaltools.gnu-tools-for-stm32.11.3.rel1.win32_1.1.0.202305231506/tools/bin/../lib/gcc/arm-none-eabi/11.3.1/../../../../arm-none-eabi/lib/thumb/v7e-m+fp/hard\libc_nano.a(libc_a-findfp.o)
                              C:/ST/STM32CubeIDE_1.13.1/STM32CubeIDE/plugins/com.st.stm32cube.ide.mcu.externaltools.gnu-tools-for-stm32.11.3.rel1.win32_1.1.0.202305231506/tools/bin/../lib/gcc/arm-none-eabi/11.3.1/../../../../arm-none-eabi/lib/thumb/v7e-m+fp/hard\libc_nano.a(libc_a-fflush.o) (__sinit)
C:/ST/STM32CubeIDE_1.13.1/STM32CubeIDE/plugins/com.st.stm32cube.ide.mcu.externaltools.gnu-tools-for-stm32.11.3.rel1.win32_1.1.0.202305231506/tools/bin/../lib/gcc/arm-none-eabi/11.3.1/../../../../arm-none-eabi/lib/thumb/v7e-m+fp/hard\libc_nano.a(libc_a-fwalk.o)
                              C:/ST/STM32CubeIDE_1.13.1/STM32CubeIDE/plugins/com.st.stm32cube.ide.mcu.externaltools.gnu-tools-for-stm32.11.3.rel1.win32_1.1.0.202305231506/tools/bin/../lib/gcc/arm-none-eabi/11.3.1/../../../../arm-none-eabi/lib/thumb/v7e-m+fp/hard\libc_nano.a(libc_a-fflush.o) (_fwalk_sglue)
C:/ST/STM32CubeIDE_1.13.1/STM32CubeIDE/plugins/com.st.stm32cube.ide.mcu.externaltools.gnu-tools-for-stm32.11.3.rel1.win32_1.1.0.202305231506/tools/bin/../lib/gcc/arm-none-eabi/11.3.1/../../../../arm-none-eabi/lib/thumb/v7e-m+fp/hard\libc_nano.a(libc_a-printf.o)
                              ./Application/User/app_bluenrg_2.o (printf)
C:/ST/STM32CubeIDE_1.13.1/STM32CubeIDE/plugins/com.st.stm32cube.ide.mcu.externaltools.gnu-tools-for-stm32.11.3.rel1.win32_1.1.0.202305231506/tools/bin/../lib/gcc/arm-none-eabi/11.3.1/../../../../arm-none-eabi/lib/thumb/v7e-m+fp/hard\libc_nano.a(libc_a-puts.o)
                              ./Application/User/app_bluenrg_2.o (puts)
C:/ST/STM32CubeIDE_1.13.1/STM32CubeIDE/plugins/com.st.stm32cube.ide.mcu.externaltools.gnu-tools-for-stm32.11.3.rel1.win32_1.1.0.202305231506/tools/bin/../lib/gcc/arm-none-eabi/11.3.1/../../../../arm-none-eabi/lib/thumb/v7e-m+fp/hard\libc_nano.a(libc_a-stdio.o)
                              C:/ST/STM32CubeIDE_1.13.1/STM32CubeIDE/plugins/com.st.stm32cube.ide.mcu.externaltools.gnu-tools-for-stm32.11.3.rel1.win32_1.1.0.202305231506/tools/bin/../lib/gcc/arm-none-eabi/11.3.1/../../../../arm-none-eabi/lib/thumb/v7e-m+fp/hard\libc_nano.a(libc_a-findfp.o) (__sread)
C:/ST/STM32CubeIDE_1.13.1/STM32CubeIDE/plugins/com.st.stm32cube.ide.mcu.externaltools.gnu-tools-for-stm32.11.3.rel1.win32_1.1.0.202305231506/tools/bin/../lib/gcc/arm-none-eabi/11.3.1/../../../../arm-none-eabi/lib/thumb/v7e-m+fp/hard\libc_nano.a(libc_a-wbuf.o)
                              C:/ST/STM32CubeIDE_1.13.1/STM32CubeIDE/plugins/com.st.stm32cube.ide.mcu.externaltools.gnu-tools-for-stm32.11.3.rel1.win32_1.1.0.202305231506/tools/bin/../lib/gcc/arm-none-eabi/11.3.1/../../../../arm-none-eabi/lib/thumb/v7e-m+fp/hard\libc_nano.a(libc_a-puts.o) (__swbuf_r)
C:/ST/STM32CubeIDE_1.13.1/STM32CubeIDE/plugins/com.st.stm32cube.ide.mcu.externaltools.gnu-tools-for-stm32.11.3.rel1.win32_1.1.0.202305231506/tools/bin/../lib/gcc/arm-none-eabi/11.3.1/../../../../arm-none-eabi/lib/thumb/v7e-m+fp/hard\libc_nano.a(libc_a-wsetup.o)
                              C:/ST/STM32CubeIDE_1.13.1/STM32CubeIDE/plugins/com.st.stm32cube.ide.mcu.externaltools.gnu-tools-for-stm32.11.3.rel1.win32_1.1.0.202305231506/tools/bin/../lib/gcc/arm-none-eabi/11.3.1/../../../../arm-none-eabi/lib/thumb/v7e-m+fp/hard\libc_nano.a(libc_a-puts.o) (__swsetup_r)
C:/ST/STM32CubeIDE_1.13.1/STM32CubeIDE/plugins/com.st.stm32cube.ide.mcu.externaltools.gnu-tools-for-stm32.11.3.rel1.win32_1.1.0.202305231506/tools/bin/../lib/gcc/arm-none-eabi/11.3.1/../../../../arm-none-eabi/lib/thumb/v7e-m+fp/hard\libc_nano.a(libc_a-memcmp.o)
                              ./Application/User/app_bluenrg_2.o (memcmp)
[...]
Memory Configuration

Name             Origin             Length             Attributes
RAM              0x0000000020000000 0x0000000000018000 xrw
RAM2             0x0000000010000000 0x0000000000008000 xrw
FLASH            0x0000000008000000 0x0000000000100000 xr
*default*        0x0000000000000000 0xffffffffffffffff

Linker script and memory map

LOAD C:/ST/STM32CubeIDE_1.13.1/STM32CubeIDE/plugins/com.st.stm32cube.ide.mcu.externaltools.gnu-tools-for-stm32.11.3.rel1.win32_1.1.0.202305231506/tools/bin/../lib/gcc/arm-none-eabi/11.3.1/thumb/v7e-m+fp/hard/crti.o
LOAD C:/ST/STM32CubeIDE_1.13.1/STM32CubeIDE/plugins/com.st.stm32cube.ide.mcu.externaltools.gnu-tools-for-stm32.11.3.rel1.win32_1.1.0.202305231506/tools/bin/../lib/gcc/arm-none-eabi/11.3.1/thumb/v7e-m+fp/hard/crtbegin.o
LOAD C:/ST/STM32CubeIDE_1.13.1/STM32CubeIDE/plugins/com.st.stm32cube.ide.mcu.externaltools.gnu-tools-for-stm32.11.3.rel1.win32_1.1.0.202305231506/tools/bin/../lib/gcc/arm-none-eabi/11.3.1/../../../../arm-none-eabi/lib/thumb/v7e-m+fp/hard/crt0.o
LOAD ./Application/Startup/startup_stm32l476rgtx.o
LOAD ./Application/User/app_bluenrg_2.o
LOAD ./Application/User/gatt_db.o
LOAD ./Application/User/hci_tl_interface.o
LOAD ./Application/User/main.o
LOAD ./Application/User/stm32l4xx_hal_msp.o
LOAD ./Application/User/stm32l4xx_it.o
LOAD ./Application/User/stm32l4xx_nucleo.o
LOAD ./Application/User/stm32l4xx_nucleo_bus.o
LOAD ./Application/User/syscalls.o
LOAD ./Application/User/sysmem.o
LOAD ./Drivers/CMSIS/system_stm32l4xx.o
LOAD ./Drivers/STM32L4xx_HAL_Driver/stm32l4xx_hal.o
LOAD ./Drivers/STM32L4xx_HAL_Driver/stm32l4xx_hal_cortex.o
LOAD ./Drivers/STM32L4xx_HAL_Driver/stm32l4xx_hal_dma.o
LOAD ./Drivers/STM32L4xx_HAL_Driver/stm32l4xx_hal_dma_ex.o
LOAD ./Drivers/STM32L4xx_HAL_Driver/stm32l4xx_hal_exti.o
LOAD ./Drivers/STM32L4xx_HAL_Driver/stm32l4xx_hal_flash.o
LOAD ./Drivers/STM32L4xx_HAL_Driver/stm32l4xx_hal_flash_ex.o
LOAD ./Drivers/STM32L4xx_HAL_Driver/stm32l4xx_hal_flash_ramfunc.o
LOAD ./Drivers/STM32L4xx_HAL_Driver/stm32l4xx_hal_gpio.o
LOAD ./Drivers/STM32L4xx_HAL_Driver/stm32l4xx_hal_i2c.o
LOAD ./Drivers/STM32L4xx_HAL_Driver/stm32l4xx_hal_i2c_ex.o
LOAD ./Drivers/STM32L4xx_HAL_Driver/stm32l4xx_hal_pwr.o
LOAD ./Drivers/STM32L4xx_HAL_Driver/stm32l4xx_hal_pwr_ex.o
LOAD ./Drivers/STM32L4xx_HAL_Driver/stm32l4xx_hal_rcc.o
LOAD ./Drivers/STM32L4xx_HAL_Driver/stm32l4xx_hal_rcc_ex.o
LOAD ./Drivers/STM32L4xx_HAL_Driver/stm32l4xx_hal_spi.o
LOAD ./Drivers/STM32L4xx_HAL_Driver/stm32l4xx_hal_spi_ex.o
LOAD ./Drivers/STM32L4xx_HAL_Driver/stm32l4xx_hal_tim.o
LOAD ./Drivers/STM32L4xx_HAL_Driver/stm32l4xx_hal_tim_ex.o
LOAD ./Drivers/STM32L4xx_HAL_Driver/stm32l4xx_hal_uart.o
LOAD ./Drivers/STM32L4xx_HAL_Driver/stm32l4xx_hal_uart_ex.o
LOAD ./Middlewares/BlueNRG-2/Wireless/BlueNRG-2/Controller/bluenrg1_gap_aci.o
LOAD ./Middlewares/BlueNRG-2/Wireless/BlueNRG-2/Controller/bluenrg1_gatt_aci.o
LOAD ./Middlewares/BlueNRG-2/Wireless/BlueNRG-2/Controller/bluenrg1_hal_aci.o
LOAD ./Middlewares/BlueNRG-2/Wireless/BlueNRG-2/Controller/bluenrg1_l2cap_aci.o
LOAD ./Middlewares/BlueNRG-2/Wireless/BlueNRG-2/HCI_TL/Basic/bluenrg1_devConfig.o
LOAD ./Middlewares/BlueNRG-2/Wireless/BlueNRG-2/HCI_TL/Basic/bluenrg1_events.o
LOAD ./Middlewares/BlueNRG-2/Wireless/BlueNRG-2/HCI_TL/Basic/bluenrg1_events_cb.o
LOAD ./Middlewares/BlueNRG-2/Wireless/BlueNRG-2/HCI_TL/Basic/bluenrg1_hci_le.o
LOAD ./Middlewares/BlueNRG-2/Wireless/BlueNRG-2/HCI_TL/Basic/hci_tl.o
LOAD ./Middlewares/BlueNRG-2/Wireless/BlueNRG-2/Utils/ble_list.o
START GROUP
LOAD C:/ST/STM32CubeIDE_1.13.1/STM32CubeIDE/plugins/com.st.stm32cube.ide.mcu.externaltools.gnu-tools-for-stm32.11.3.rel1.win32_1.1.0.202305231506/tools/bin/../lib/gcc/arm-none-eabi/11.3.1/../../../../arm-none-eabi/lib/thumb/v7e-m+fp/hard\libc_nano.a
LOAD C:/ST/STM32CubeIDE_1.13.1/STM32CubeIDE/plugins/com.st.stm32cube.ide.mcu.externaltools.gnu-tools-for-stm32.11.3.rel1.win32_1.1.0.202305231506/tools/bin/../lib/gcc/arm-none-eabi/11.3.1/../../../../arm-none-eabi/lib/thumb/v7e-m+fp/hard\libm.a
END GROUP
START GROUP
LOAD C:/ST/STM32CubeIDE_1.13.1/STM32CubeIDE/plugins/com.st.stm32cube.ide.mcu.externaltools.gnu-tools-for-stm32.11.3.rel1.win32_1.1.0.202305231506/tools/bin/../lib/gcc/arm-none-eabi/11.3.1/thumb/v7e-m+fp/hard\libgcc.a
LOAD C:/ST/STM32CubeIDE_1.13.1/STM32CubeIDE/plugins/com.st.stm32cube.ide.mcu.externaltools.gnu-tools-for-stm32.11.3.rel1.win32_1.1.0.202305231506/tools/bin/../lib/gcc/arm-none-eabi/11.3.1/../../../../arm-none-eabi/lib/thumb/v7e-m+fp/hard\libc_nano.a
END GROUP
START GROUP
LOAD C:/ST/STM32CubeIDE_1.13.1/STM32CubeIDE/plugins/com.st.stm32cube.ide.mcu.externaltools.gnu-tools-for-stm32.11.3.rel1.win32_1.1.0.202305231506/tools/bin/../lib/gcc/arm-none-eabi/11.3.1/thumb/v7e-m+fp/hard\libgcc.a
LOAD C:/ST/STM32CubeIDE_1.13.1/STM32CubeIDE/plugins/com.st.stm32cube.ide.mcu.externaltools.gnu-tools-for-stm32.11.3.rel1.win32_1.1.0.202305231506/tools/bin/../lib/gcc/arm-none-eabi/11.3.1/../../../../arm-none-eabi/lib/thumb/v7e-m+fp/hard\libc_nano.a
LOAD C:/ST/STM32CubeIDE_1.13.1/STM32CubeIDE/plugins/com.st.stm32cube.ide.mcu.externaltools.gnu-tools-for-stm32.11.3.rel1.win32_1.1.0.202305231506/tools/bin/../lib/gcc/arm-none-eabi/11.3.1/../../../../arm-none-eabi/lib/thumb/v7e-m+fp/hard\libnosys.a
END GROUP
START GROUP
LOAD C:/ST/STM32CubeIDE_1.13.1/STM32CubeIDE/plugins/com.st.stm32cube.ide.mcu.externaltools.gnu-tools-for-stm32.11.3.rel1.win32_1.1.0.202305231506/tools/bin/../lib/gcc/arm-none-eabi/11.3.1/thumb/v7e-m+fp/hard\libgcc.a
LOAD C:/ST/STM32CubeIDE_1.13.1/STM32CubeIDE/plugins/com.st.stm32cube.ide.mcu.externaltools.gnu-tools-for-stm32.11.3.rel1.win32_1.1.0.202305231506/tools/bin/../lib/gcc/arm-none-eabi/11.3.1/../../../../arm-none-eabi/lib/thumb/v7e-m+fp/hard\libc_nano.a
LOAD C:/ST/STM32CubeIDE_1.13.1/STM32CubeIDE/plugins/com.st.stm32cube.ide.mcu.externaltools.gnu-tools-for-stm32.11.3.rel1.win32_1.1.0.202305231506/tools/bin/../lib/gcc/arm-none-eabi/11.3.1/../../../../arm-none-eabi/lib/thumb/v7e-m+fp/hard\libnosys.a
END GROUP
LOAD C:/ST/STM32CubeIDE_1.13.1/STM32CubeIDE/plugins/com.st.stm32cube.ide.mcu.externaltools.gnu-tools-for-stm32.11.3.rel1.win32_1.1.0.202305231506/tools/bin/../lib/gcc/arm-none-eabi/11.3.1/thumb/v7e-m+fp/hard/crtend.o
LOAD C:/ST/STM32CubeIDE_1.13.1/STM32CubeIDE/plugins/com.st.stm32cube.ide.mcu.externaltools.gnu-tools-for-stm32.11.3.rel1.win32_1.1.0.202305231506/tools/bin/../lib/gcc/arm-none-eabi/11.3.1/thumb/v7e-m+fp/hard/crtn.o
                0x0000000020018000                _estack = (ORIGIN (RAM) + LENGTH (RAM))
                0x0000000000000200                _Min_Heap_Size = 0x200
                0x0000000000000400                _Min_Stack_Size = 0x400

.isr_vector     0x0000000008000000      0x188
                0x0000000008000000                . = ALIGN (0x4)
 *(.isr_vector)
 .isr_vector    0x0000000008000000      0x188 ./Application/Startup/startup_stm32l476rgtx.o
                0x0000000008000000                g_pfnVectors
                0x0000000008000188                . = ALIGN (0x4)

.text           0x0000000008000190     0x96e0
                0x0000000008000190                . = ALIGN (0x4)
 *(.text)
 .text          0x0000000008000190       0x40 C:/ST/STM32CubeIDE_1.13.1/STM32CubeIDE/plugins/com.st.stm32cube.ide.mcu.externaltools.gnu-tools-for-stm32.11.3.rel1.win32_1.1.0.202305231506/tools/bin/../lib/gcc/arm-none-eabi/11.3.1/thumb/v7e-m+fp/hard/crtbegin.o
 .text          0x00000000080001d0       0xa0 C:/ST/STM32CubeIDE_1.13.1/STM32CubeIDE/plugins/com.st.stm32cube.ide.mcu.externaltools.gnu-tools-for-stm32.11.3.rel1.win32_1.1.0.202305231506/tools/bin/../lib/gcc/arm-none-eabi/11.3.1/../../../../arm-none-eabi/lib/thumb/v7e-m+fp/hard\libc_nano.a(libc_a-memchr.o)
                0x00000000080001d0                memchr
 .text          0x0000000008000270       0x30 C:/ST/STM32CubeIDE_1.13.1/STM32CubeIDE/plugins/com.st.stm32cube.ide.mcu.externaltools.gnu-tools-for-stm32.11.3.rel1.win32_1.1.0.202305231506/tools/bin/../lib/gcc/arm-none-eabi/11.3.1/thumb/v7e-m+fp/hard\libgcc.a(_aeabi_uldivmod.o)
                0x0000000008000270                __aeabi_uldivmod
 .text          0x00000000080002a0      0x2c8 C:/ST/STM32CubeIDE_1.13.1/STM32CubeIDE/plugins/com.st.stm32cube.ide.mcu.externaltools.gnu-tools-for-stm32.11.3.rel1.win32_1.1.0.202305231506/tools/bin/../lib/gcc/arm-none-eabi/11.3.1/thumb/v7e-m+fp/hard\libgcc.a(_udivmoddi4.o)
                0x00000000080002a0                __udivmoddi4
 .text          0x0000000008000568        0x4 C:/ST/STM32CubeIDE_1.13.1/STM32CubeIDE/plugins/com.st.stm32cube.ide.mcu.externaltools.gnu-tools-for-stm32.11.3.rel1.win32_1.1.0.202305231506/tools/bin/../lib/gcc/arm-none-eabi/11.3.1/thumb/v7e-m+fp/hard\libgcc.a(_dvmd_tls.o)
                0x0000000008000568                __aeabi_idiv0
                0x0000000008000568                __aeabi_ldiv0
 *(.text*)
 .text.Reset_Handler
                0x000000000800056c       0x50 ./Application/Startup/startup_stm32l476rgtx.o
                0x000000000800056c                Reset_Handler
 .text.Default_Handler
                0x00000000080005bc        0x2 ./Application/Startup/startup_stm32l476rgtx.o
                0x00000000080005bc                RTC_Alarm_IRQHandler
                0x00000000080005bc                EXTI2_IRQHandler
                0x00000000080005bc                TIM8_TRG_COM_IRQHandler
                0x00000000080005bc                TIM8_CC_IRQHandler
                0x00000000080005bc                TIM1_CC_IRQHandler
                0x00000000080005bc                TSC_IRQHandler
                0x00000000080005bc                TAMP_STAMP_IRQHandler
                0x00000000080005bc                EXTI3_IRQHandler
                0x00000000080005bc                LPTIM2_IRQHandler
                0x00000000080005bc                DFSDM1_FLT1_IRQHandler
                0x00000000080005bc                I2C3_ER_IRQHandler
                0x00000000080005bc                DFSDM1_FLT2_IRQHandler
                0x00000000080005bc                I2C2_EV_IRQHandler
                0x00000000080005bc                CAN1_RX0_IRQHandler
                0x00000000080005bc                FPU_IRQHandler
                0x00000000080005bc                TIM1_UP_TIM16_IRQHandler
                0x00000000080005bc                ADC1_2_IRQHandler
                0x00000000080005bc                SPI1_IRQHandler
                0x00000000080005bc                TIM6_DAC_IRQHandler
                0x00000000080005bc                TIM8_UP_IRQHandler
                0x00000000080005bc                DMA2_Channel2_IRQHandler
                0x00000000080005bc                DMA1_Channel4_IRQHandler
                0x00000000080005bc                SAI2_IRQHandler
                0x00000000080005bc                DFSDM1_FLT3_IRQHandler
                0x00000000080005bc                USART3_IRQHandler
                0x00000000080005bc                DMA1_Channel7_IRQHandler
                0x00000000080005bc                CAN1_RX1_IRQHandler
                0x00000000080005bc                LCD_IRQHandler
                0x00000000080005bc                UART5_IRQHandler
                0x00000000080005bc                ADC3_IRQHandler
                0x00000000080005bc                TIM4_IRQHandler
                0x00000000080005bc                DMA2_Channel1_IRQHandler
                0x00000000080005bc                QUADSPI_IRQHandler
                0x00000000080005bc                I2C1_EV_IRQHandler
                0x00000000080005bc                DMA1_Channel6_IRQHandler
                0x00000000080005bc                UART4_IRQHandler
                0x00000000080005bc                DMA2_Channel4_IRQHandler
                0x00000000080005bc                TIM3_IRQHandler
                0x00000000080005bc                RCC_IRQHandler
                0x00000000080005bc                DMA1_Channel1_IRQHandler
                0x00000000080005bc                Default_Handler
                0x00000000080005bc                DMA2_Channel7_IRQHandler
                0x00000000080005bc                TIM7_IRQHandler
                0x00000000080005bc                SDMMC1_IRQHandler
                0x00000000080005bc                TIM5_IRQHandler
                0x00000000080005bc                I2C3_EV_IRQHandler
                0x00000000080005bc                EXTI9_5_IRQHandler
                0x00000000080005bc                RTC_WKUP_IRQHandler
                0x00000000080005bc                PVD_PVM_IRQHandler
                0x00000000080005bc                SPI2_IRQHandler
                0x00000000080005bc                CAN1_TX_IRQHandler
                0x00000000080005bc                DMA2_Channel5_IRQHandler
                0x00000000080005bc                DMA1_Channel5_IRQHandler
                0x00000000080005bc                EXTI4_IRQHandler
                0x00000000080005bc                RNG_IRQHandler
                0x00000000080005bc                TIM1_TRG_COM_TIM17_IRQHandler
                0x00000000080005bc                DMA1_Channel3_IRQHandler
                0x00000000080005bc                COMP_IRQHandler
                0x00000000080005bc                WWDG_IRQHandler
                0x00000000080005bc                LPUART1_IRQHandler
                0x00000000080005bc                DMA2_Channel6_IRQHandler
                0x00000000080005bc                TIM2_IRQHandler
                0x00000000080005bc                EXTI1_IRQHandler
                0x00000000080005bc                USART2_IRQHandler
                0x00000000080005bc                DFSDM1_FLT0_IRQHandler
                0x00000000080005bc                I2C2_ER_IRQHandler
                0x00000000080005bc                DMA1_Channel2_IRQHandler
                0x00000000080005bc                TIM8_BRK_IRQHandler
                0x00000000080005bc                CAN1_SCE_IRQHandler
                0x00000000080005bc                FLASH_IRQHandler
                0x00000000080005bc                USART1_IRQHandler
                0x00000000080005bc                OTG_FS_IRQHandler
                0x00000000080005bc                SPI3_IRQHandler
                0x00000000080005bc                I2C1_ER_IRQHandler
                0x00000000080005bc                FMC_IRQHandler
                0x00000000080005bc                SWPMI1_IRQHandler
                0x00000000080005bc                LPTIM1_IRQHandler
                0x00000000080005bc                SAI1_IRQHandler
                0x00000000080005bc                DMA2_Channel3_IRQHandler
                0x00000000080005bc                TIM1_BRK_TIM15_IRQHandler
 *fill*         0x00000000080005be        0x2 
 .text.BLUENRG2_vInit
                0x00000000080005c0       0x44 ./Application/User/app_bluenrg_2.o
                0x00000000080005c0                BLUENRG2_vInit
 .text.BLUENRG2_vProcess
                0x0000000008000604       0x10 ./Application/User/app_bluenrg_2.o
                0x0000000008000604                BLUENRG2_vProcess
 .text.BLUENRG2__vUserInit
                0x0000000008000614       0x1c ./Application/User/app_bluenrg_2.o
 .text.BLUENRG2__u8CentralAppInit
                0x0000000008000630      0x1b0 ./Application/User/app_bluenrg_2.o
 .text.BLUENRG2__vUserProcess
                0x00000000080007e0      0x2e4 ./Application/User/app_bluenrg_2.o
 .text.BLUENRG2__vReceiveData
                0x0000000008000ac4       0x78 ./Application/User/app_bluenrg_2.o
 .text.BLUENRG2__vStartScan
                0x0000000008000b3c       0x44 ./Application/User/app_bluenrg_2.o
 .text.BLUENRG2__vStopScan
                0x0000000008000b80       0x38 ./Application/User/app_bluenrg_2.o
 .text.BLUENRG2__vStartConnect
                0x0000000008000bb8       0x70 ./Application/User/app_bluenrg_2.o
 .text.BLUENRG2__vResetConnectionContext
                0x0000000008000c28       0xfc ./Application/User/app_bluenrg_2.o
 .text.BLUENRG2__u8PrintBLEFwInfo
                0x0000000008000d24      0x110 ./Application/User/app_bluenrg_2.o
 .text.BLUENRG2__bFindDeviceName
                0x0000000008000e34       0x88 ./Application/User/app_bluenrg_2.o
 .text.BLUENRG2__vAttributeModifiedCB
                0x0000000008000ebc       0x58 ./Application/User/app_bluenrg_2.o
 .text.BLUENRG2__vUpdateLockStatus
                0x0000000008000f14       0xd4 ./Application/User/app_bluenrg_2.o
 .text.BLUENRG2__i8GetProcessedRSSI
                0x0000000008000fe8       0xcc ./Application/User/app_bluenrg_2.o
 .text.BLUENRG2__bIsProcessedRSSIValid
                0x00000000080010b4       0x18 ./Application/User/app_bluenrg_2.o
 .text.hci_le_connection_complete_event
                0x00000000080010cc       0x9c ./Application/User/app_bluenrg_2.o
                0x00000000080010cc                hci_le_connection_complete_event
 .text.hci_disconnection_complete_event
                0x0000000008001168       0x34 ./Application/User/app_bluenrg_2.o
                0x0000000008001168                hci_disconnection_complete_event
 .text.hci_le_advertising_report_event
                0x000000000800119c       0xa0 ./Application/User/app_bluenrg_2.o
                0x000000000800119c                hci_le_advertising_report_event
 .text.aci_gap_proc_complete_event
                0x000000000800123c       0x54 ./Application/User/app_bluenrg_2.o
                0x000000000800123c                aci_gap_proc_complete_event
 .text.aci_gatt_attribute_modified_event
                0x0000000008001290       0x34 ./Application/User/app_bluenrg_2.o
                0x0000000008001290                aci_gatt_attribute_modified_event
 .text.aci_gatt_notification_event
                0x00000000080012c4       0x38 ./Application/User/app_bluenrg_2.o
                0x00000000080012c4                aci_gatt_notification_event
 .text.aci_gatt_disc_read_char_by_uuid_resp_event
                0x00000000080012fc       0x84 ./Application/User/app_bluenrg_2.o
                0x00000000080012fc                aci_gatt_disc_read_char_by_uuid_resp_event
 .text.aci_gatt_proc_complete_event
                0x0000000008001380       0x5c ./Application/User/app_bluenrg_2.o
                0x0000000008001380                aci_gatt_proc_complete_event
 .text.aci_gatt_tx_pool_available_event
                0x00000000080013dc       0x28 ./Application/User/app_bluenrg_2.o
                0x00000000080013dc                aci_gatt_tx_pool_available_event
 .text.aci_att_exchange_mtu_resp_event
                0x0000000008001404       0x4c ./Application/User/app_bluenrg_2.o
                0x0000000008001404                aci_att_exchange_mtu_resp_event
 .text.GATT_DB_u8AddService
                0x0000000008001450      0x130 ./Application/User/gatt_db.o
                0x0000000008001450                GATT_DB_u8AddService
 .text.APP_UserEvtRx
                0x0000000008001580       0xf0 ./Application/User/gatt_db.o
                0x0000000008001580                APP_UserEvtRx
 .text.HCI_TL_SPI_Enable_IRQ
                0x0000000008001670        0xe ./Application/User/hci_tl_interface.o
 .text.HCI_TL_SPI_Disable_IRQ
                0x000000000800167e        0xe ./Application/User/hci_tl_interface.o
 .text.HCI_TL_SPI_Init
                0x000000000800168c       0x98 ./Application/User/hci_tl_interface.o
                0x000000000800168c                HCI_TL_SPI_Init
 .text.HCI_TL_SPI_DeInit
                0x0000000008001724       0x2a ./Application/User/hci_tl_interface.o
                0x0000000008001724                HCI_TL_SPI_DeInit
 .text.HCI_TL_SPI_Reset
                0x000000000800174e       0x3e ./Application/User/hci_tl_interface.o
                0x000000000800174e                HCI_TL_SPI_Reset
 .text.HCI_TL_SPI_Receive
                0x000000000800178c       0xe4 ./Application/User/hci_tl_interface.o
                0x000000000800178c                HCI_TL_SPI_Receive
 .text.HCI_TL_SPI_Send
                0x0000000008001870      0x11c ./Application/User/hci_tl_interface.o
                0x0000000008001870                HCI_TL_SPI_Send
 .text.IsDataAvailable
                0x000000000800198c       0x1e ./Application/User/hci_tl_interface.o
 *fill*         0x00000000080019aa        0x2 
 .text.hci_tl_lowlevel_init
                0x00000000080019ac       0x74 ./Application/User/hci_tl_interface.o
                0x00000000080019ac                hci_tl_lowlevel_init
 .text.hci_tl_lowlevel_isr
                0x0000000008001a20       0x22 ./Application/User/hci_tl_interface.o
                0x0000000008001a20                hci_tl_lowlevel_isr
 .text.main     0x0000000008001a42       0x1a ./Application/User/main.o
                0x0000000008001a42                main
 .text.SystemClock_Config
                0x0000000008001a5c       0xa2 ./Application/User/main.o
                0x0000000008001a5c                SystemClock_Config
 *fill*         0x0000000008001afe        0x2 
 .text.MX_GPIO_Init
                0x0000000008001b00       0xec ./Application/User/main.o
 .text.Error_Handler
                0x0000000008001bec        0xa ./Application/User/main.o
                0x0000000008001bec                Error_Handler
 *fill*         0x0000000008001bf6        0x2 
 .text.HAL_MspInit
                0x0000000008001bf8       0x48 ./Application/User/stm32l4xx_hal_msp.o
                0x0000000008001bf8                HAL_MspInit
 .text.NMI_Handler
                0x0000000008001c40        0x6 ./Application/User/stm32l4xx_it.o
                0x0000000008001c40                NMI_Handler
 .text.HardFault_Handler
                0x0000000008001c46        0x6 ./Application/User/stm32l4xx_it.o
                0x0000000008001c46                HardFault_Handler
 .text.MemManage_Handler
                0x0000000008001c4c        0x6 ./Application/User/stm32l4xx_it.o
                0x0000000008001c4c                MemManage_Handler
 .text.BusFault_Handler
                0x0000000008001c52        0x6 ./Application/User/stm32l4xx_it.o
                0x0000000008001c52                BusFault_Handler
 .text.UsageFault_Handler
                0x0000000008001c58        0x6 ./Application/User/stm32l4xx_it.o
                0x0000000008001c58                UsageFault_Handler
 .text.SVC_Handler
                0x0000000008001c5e        0xe ./Application/User/stm32l4xx_it.o
                0x0000000008001c5e                SVC_Handler
 .text.DebugMon_Handler
                0x0000000008001c6c        0xe ./Application/User/stm32l4xx_it.o
                0x0000000008001c6c                DebugMon_Handler
 .text.PendSV_Handler
                0x0000000008001c7a        0xe ./Application/User/stm32l4xx_it.o
                0x0000000008001c7a                PendSV_Handler
 .text.SysTick_Handler
                0x0000000008001c88        0xc ./Application/User/stm32l4xx_it.o
                0x0000000008001c88                SysTick_Handler
 .text.EXTI0_IRQHandler
                0x0000000008001c94       0x14 ./Application/User/stm32l4xx_it.o
                0x0000000008001c94                EXTI0_IRQHandler
 .text.EXTI15_10_IRQHandler
                0x0000000008001ca8       0x14 ./Application/User/stm32l4xx_it.o
                0x0000000008001ca8                EXTI15_10_IRQHandler
 .text.BSP_LED_Init
                0x0000000008001cbc       0x24 ./Application/User/stm32l4xx_nucleo.o
                0x0000000008001cbc                BSP_LED_Init
 .text.BSP_LED_On
                0x0000000008001ce0       0x2c ./Application/User/stm32l4xx_nucleo.o
                0x0000000008001ce0                BSP_LED_On
 .text.BSP_LED_Off
                0x0000000008001d0c       0x2c ./Application/User/stm32l4xx_nucleo.o
                0x0000000008001d0c                BSP_LED_Off
 .text.LED_USER_GPIO_Init
                0x0000000008001d38       0x7c ./Application/User/stm32l4xx_nucleo.o
 .text.BSP_PB_Init
                0x0000000008001db4       0xa8 ./Application/User/stm32l4xx_nucleo.o
                0x0000000008001db4                BSP_PB_Init
 .text.BSP_PB_GetState
                0x0000000008001e5c       0x38 ./Application/User/stm32l4xx_nucleo.o
                0x0000000008001e5c                BSP_PB_GetState
 .text.BSP_PB_Callback
                0x0000000008001e94       0x16 ./Application/User/stm32l4xx_nucleo.o
                0x0000000008001e94                BSP_PB_Callback
 .text.BUTTON_USER_EXTI_Callback
                0x0000000008001eaa        0xe ./Application/User/stm32l4xx_nucleo.o
 .text.BUTTON_USER_GPIO_Init
                0x0000000008001eb8       0x74 ./Application/User/stm32l4xx_nucleo.o
 .text.BSP_COM_Init
                0x0000000008001f2c       0x7c ./Application/User/stm32l4xx_nucleo.o
                0x0000000008001f2c                BSP_COM_Init
 .text.MX_USART2_UART_Init
                0x0000000008001fa8       0x68 ./Application/User/stm32l4xx_nucleo.o
                0x0000000008001fa8                MX_USART2_UART_Init
 .text.__io_putchar
                0x0000000008002010       0x38 ./Application/User/stm32l4xx_nucleo.o
                0x0000000008002010                __io_putchar
 .text.USART2_MspInit
                0x0000000008002048       0xbc ./Application/User/stm32l4xx_nucleo.o
 .text.BSP_SPI1_Init
                0x0000000008002104       0x60 ./Application/User/stm32l4xx_nucleo_bus.o
                0x0000000008002104                BSP_SPI1_Init
 .text.BSP_SPI1_SendRecv
                0x0000000008002164       0x40 ./Application/User/stm32l4xx_nucleo_bus.o
                0x0000000008002164                BSP_SPI1_SendRecv
 .text.BSP_GetTick
                0x00000000080021a4        0xe ./Application/User/stm32l4xx_nucleo_bus.o
                0x00000000080021a4                BSP_GetTick
 *fill*         0x00000000080021b2        0x2 
 .text.MX_SPI1_Init
                0x00000000080021b4       0x84 ./Application/User/stm32l4xx_nucleo_bus.o
                0x00000000080021b4                MX_SPI1_Init
 .text.SPI1_MspInit
                0x0000000008002238       0xc4 ./Application/User/stm32l4xx_nucleo_bus.o
 .text._read    0x00000000080022fc       0x3a ./Application/User/syscalls.o
                0x00000000080022fc                _read
 .text._write   0x0000000008002336       0x38 ./Application/User/syscalls.o
                0x0000000008002336                _write
 .text._close   0x000000000800236e       0x18 ./Application/User/syscalls.o
                0x000000000800236e                _close
 .text._fstat   0x0000000008002386       0x20 ./Application/User/syscalls.o
                0x0000000008002386                _fstat
 .text._isatty  0x00000000080023a6       0x16 ./Application/User/syscalls.o
                0x00000000080023a6                _isatty
 .text._lseek   0x00000000080023bc       0x1a ./Application/User/syscalls.o
                0x00000000080023bc                _lseek
 *fill*         0x00000000080023d6        0x2 
 .text._sbrk    0x00000000080023d8       0x6c ./Application/User/sysmem.o
                0x00000000080023d8                _sbrk
 .text.SystemInit
                0x0000000008002444       0x24 ./Drivers/CMSIS/system_stm32l4xx.o
                0x0000000008002444                SystemInit
 .text.HAL_Init
                0x0000000008002468       0x40 ./Drivers/STM32L4xx_HAL_Driver/stm32l4xx_hal.o
                0x0000000008002468                HAL_Init
 .text.HAL_InitTick
                0x00000000080024a8       0x78 ./Drivers/STM32L4xx_HAL_Driver/stm32l4xx_hal.o
                0x00000000080024a8                HAL_InitTick
 .text.HAL_IncTick
                0x0000000008002520       0x28 ./Drivers/STM32L4xx_HAL_Driver/stm32l4xx_hal.o
                0x0000000008002520                HAL_IncTick
 .text.HAL_GetTick
                0x0000000008002548       0x18 ./Drivers/STM32L4xx_HAL_Driver/stm32l4xx_hal.o
                0x0000000008002548                HAL_GetTick
 .text.HAL_Delay
                0x0000000008002560       0x48 ./Drivers/STM32L4xx_HAL_Driver/stm32l4xx_hal.o
                0x0000000008002560                HAL_Delay
 .text.__NVIC_SetPriorityGrouping
                0x00000000080025a8       0x48 ./Drivers/STM32L4xx_HAL_Driver/stm32l4xx_hal_cortex.o
 .text.__NVIC_GetPriorityGrouping
                0x00000000080025f0       0x1c ./Drivers/STM32L4xx_HAL_Driver/stm32l4xx_hal_cortex.o
 .text.__NVIC_EnableIRQ
                0x000000000800260c       0x3c ./Drivers/STM32L4xx_HAL_Driver/stm32l4xx_hal_cortex.o
 .text.__NVIC_DisableIRQ
                0x0000000008002648       0x48 ./Drivers/STM32L4xx_HAL_Driver/stm32l4xx_hal_cortex.o
 .text.__NVIC_SetPriority
                0x0000000008002690       0x54 ./Drivers/STM32L4xx_HAL_Driver/stm32l4xx_hal_cortex.o
 .text.NVIC_EncodePriority
                0x00000000080026e4       0x66 ./Drivers/STM32L4xx_HAL_Driver/stm32l4xx_hal_cortex.o
 *fill*         0x000000000800274a        0x2 
 .text.SysTick_Config
                0x000000000800274c       0x44 ./Drivers/STM32L4xx_HAL_Driver/stm32l4xx_hal_cortex.o
 .text.HAL_NVIC_SetPriorityGrouping
                0x0000000008002790       0x16 ./Drivers/STM32L4xx_HAL_Driver/stm32l4xx_hal_cortex.o
                0x0000000008002790                HAL_NVIC_SetPriorityGrouping
 .text.HAL_NVIC_SetPriority
                0x00000000080027a6       0x38 ./Drivers/STM32L4xx_HAL_Driver/stm32l4xx_hal_cortex.o
                0x00000000080027a6                HAL_NVIC_SetPriority
 .text.HAL_NVIC_EnableIRQ
                0x00000000080027de       0x1c ./Drivers/STM32L4xx_HAL_Driver/stm32l4xx_hal_cortex.o
                0x00000000080027de                HAL_NVIC_EnableIRQ
 .text.HAL_NVIC_DisableIRQ
                0x00000000080027fa       0x1c ./Drivers/STM32L4xx_HAL_Driver/stm32l4xx_hal_cortex.o
                0x00000000080027fa                HAL_NVIC_DisableIRQ
 .text.HAL_SYSTICK_Config
                0x0000000008002816       0x18 ./Drivers/STM32L4xx_HAL_Driver/stm32l4xx_hal_cortex.o
                0x0000000008002816                HAL_SYSTICK_Config
 .text.HAL_EXTI_RegisterCallback
                0x000000000800282e       0x34 ./Drivers/STM32L4xx_HAL_Driver/stm32l4xx_hal_exti.o
                0x000000000800282e                HAL_EXTI_RegisterCallback
 .text.HAL_EXTI_GetHandle
                0x0000000008002862       0x28 ./Drivers/STM32L4xx_HAL_Driver/stm32l4xx_hal_exti.o
                0x0000000008002862                HAL_EXTI_GetHandle
 *fill*         0x000000000800288a        0x2 
 .text.HAL_EXTI_IRQHandler
                0x000000000800288c       0x60 ./Drivers/STM32L4xx_HAL_Driver/stm32l4xx_hal_exti.o
                0x000000000800288c                HAL_EXTI_IRQHandler
 .text.HAL_GPIO_Init
                0x00000000080028ec      0x354 ./Drivers/STM32L4xx_HAL_Driver/stm32l4xx_hal_gpio.o
                0x00000000080028ec                HAL_GPIO_Init
 .text.HAL_GPIO_DeInit
                0x0000000008002c40      0x1e8 ./Drivers/STM32L4xx_HAL_Driver/stm32l4xx_hal_gpio.o
                0x0000000008002c40                HAL_GPIO_DeInit
 .text.HAL_GPIO_ReadPin
                0x0000000008002e28       0x30 ./Drivers/STM32L4xx_HAL_Driver/stm32l4xx_hal_gpio.o
                0x0000000008002e28                HAL_GPIO_ReadPin
 .text.HAL_GPIO_WritePin
                0x0000000008002e58       0x30 ./Drivers/STM32L4xx_HAL_Driver/stm32l4xx_hal_gpio.o
                0x0000000008002e58                HAL_GPIO_WritePin
 .text.HAL_PWREx_GetVoltageRange
                0x0000000008002e88       0x1c ./Drivers/STM32L4xx_HAL_Driver/stm32l4xx_hal_pwr_ex.o
                0x0000000008002e88                HAL_PWREx_GetVoltageRange
 .text.HAL_PWREx_ControlVoltageScaling
                0x0000000008002ea4       0xac ./Drivers/STM32L4xx_HAL_Driver/stm32l4xx_hal_pwr_ex.o
                0x0000000008002ea4                HAL_PWREx_ControlVoltageScaling
 .text.HAL_RCC_OscConfig
                0x0000000008002f50      0x7d0 ./Drivers/STM32L4xx_HAL_Driver/stm32l4xx_hal_rcc.o
                0x0000000008002f50                HAL_RCC_OscConfig
 .text.HAL_RCC_ClockConfig
                0x0000000008003720      0x1c4 ./Drivers/STM32L4xx_HAL_Driver/stm32l4xx_hal_rcc.o
                0x0000000008003720                HAL_RCC_ClockConfig
 .text.HAL_RCC_GetSysClockFreq
                0x00000000080038e4      0x118 ./Drivers/STM32L4xx_HAL_Driver/stm32l4xx_hal_rcc.o
                0x00000000080038e4                HAL_RCC_GetSysClockFreq
 .text.HAL_RCC_GetHCLKFreq
                0x00000000080039fc       0x18 ./Drivers/STM32L4xx_HAL_Driver/stm32l4xx_hal_rcc.o
                0x00000000080039fc                HAL_RCC_GetHCLKFreq
 .text.HAL_RCC_GetPCLK1Freq
                0x0000000008003a14       0x2c ./Drivers/STM32L4xx_HAL_Driver/stm32l4xx_hal_rcc.o
                0x0000000008003a14                HAL_RCC_GetPCLK1Freq
 .text.HAL_RCC_GetPCLK2Freq
                0x0000000008003a40       0x2c ./Drivers/STM32L4xx_HAL_Driver/stm32l4xx_hal_rcc.o
                0x0000000008003a40                HAL_RCC_GetPCLK2Freq
 .text.RCC_SetFlashLatencyFromMSIRange
                0x0000000008003a6c       0xc0 ./Drivers/STM32L4xx_HAL_Driver/stm32l4xx_hal_rcc.o
 .text.HAL_RCCEx_PeriphCLKConfig
                0x0000000008003b2c      0x5d4 ./Drivers/STM32L4xx_HAL_Driver/stm32l4xx_hal_rcc_ex.o
                0x0000000008003b2c                HAL_RCCEx_PeriphCLKConfig
 .text.RCCEx_PLLSAI1_Config
                0x0000000008004100      0x1e8 ./Drivers/STM32L4xx_HAL_Driver/stm32l4xx_hal_rcc_ex.o
 .text.RCCEx_PLLSAI2_Config
                0x00000000080042e8      0x1bc ./Drivers/STM32L4xx_HAL_Driver/stm32l4xx_hal_rcc_ex.o
 .text.HAL_SPI_Init
                0x00000000080044a4      0x146 ./Drivers/STM32L4xx_HAL_Driver/stm32l4xx_hal_spi.o
                0x00000000080044a4                HAL_SPI_Init
 .text.HAL_SPI_MspInit
                0x00000000080045ea       0x14 ./Drivers/STM32L4xx_HAL_Driver/stm32l4xx_hal_spi.o
                0x00000000080045ea                HAL_SPI_MspInit
 .text.HAL_SPI_TransmitReceive
                0x00000000080045fe      0x426 ./Drivers/STM32L4xx_HAL_Driver/stm32l4xx_hal_spi.o
                0x00000000080045fe                HAL_SPI_TransmitReceive
 .text.HAL_SPI_GetState
                0x0000000008004a24       0x1c ./Drivers/STM32L4xx_HAL_Driver/stm32l4xx_hal_spi.o
                0x0000000008004a24                HAL_SPI_GetState
 .text.SPI_WaitFlagStateUntilTimeout
                0x0000000008004a40      0x110 ./Drivers/STM32L4xx_HAL_Driver/stm32l4xx_hal_spi.o
 .text.SPI_WaitFifoStateUntilTimeout
                0x0000000008004b50      0x12c ./Drivers/STM32L4xx_HAL_Driver/stm32l4xx_hal_spi.o
 .text.SPI_EndRxTxTransaction
                0x0000000008004c7c       0x8c ./Drivers/STM32L4xx_HAL_Driver/stm32l4xx_hal_spi.o
 .text.HAL_UART_Init
                0x0000000008004d08       0x9c ./Drivers/STM32L4xx_HAL_Driver/stm32l4xx_hal_uart.o
                0x0000000008004d08                HAL_UART_Init
 .text.HAL_UART_MspInit
                0x0000000008004da4       0x14 ./Drivers/STM32L4xx_HAL_Driver/stm32l4xx_hal_uart.o
                0x0000000008004da4                HAL_UART_MspInit
 .text.HAL_UART_Transmit
                0x0000000008004db8      0x128 ./Drivers/STM32L4xx_HAL_Driver/stm32l4xx_hal_uart.o
                0x0000000008004db8                HAL_UART_Transmit
 .text.UART_SetConfig
                0x0000000008004ee0      0x570 ./Drivers/STM32L4xx_HAL_Driver/stm32l4xx_hal_uart.o
                0x0000000008004ee0                UART_SetConfig
 .text.UART_AdvFeatureConfig
                0x0000000008005450      0x144 ./Drivers/STM32L4xx_HAL_Driver/stm32l4xx_hal_uart.o
                0x0000000008005450                UART_AdvFeatureConfig
 .text.UART_CheckIdleState
                0x0000000008005594       0x92 ./Drivers/STM32L4xx_HAL_Driver/stm32l4xx_hal_uart.o
                0x0000000008005594                UART_CheckIdleState
 .text.UART_WaitOnFlagUntilTimeout
                0x0000000008005626      0x188 ./Drivers/STM32L4xx_HAL_Driver/stm32l4xx_hal_uart.o
                0x0000000008005626                UART_WaitOnFlagUntilTimeout
 .text.aci_gap_set_io_capability
                0x00000000080057ae       0xba ./Middlewares/BlueNRG-2/Wireless/BlueNRG-2/Controller/bluenrg1_gap_aci.o
                0x00000000080057ae                aci_gap_set_io_capability
 .text.aci_gap_set_authentication_requirement
                0x0000000008005868      0x19a ./Middlewares/BlueNRG-2/Wireless/BlueNRG-2/Controller/bluenrg1_gap_aci.o
                0x0000000008005868                aci_gap_set_authentication_requirement
 .text.aci_gap_init
                0x0000000008005a02      0x15a ./Middlewares/BlueNRG-2/Wireless/BlueNRG-2/Controller/bluenrg1_gap_aci.o
                0x0000000008005a02                aci_gap_init
 .text.aci_gap_clear_security_db
                0x0000000008005b5c       0x52 ./Middlewares/BlueNRG-2/Wireless/BlueNRG-2/Controller/bluenrg1_gap_aci.o
                0x0000000008005b5c                aci_gap_clear_security_db
 .text.aci_gap_start_general_discovery_proc
                0x0000000008005bae      0x13a ./Middlewares/BlueNRG-2/Wireless/BlueNRG-2/Controller/bluenrg1_gap_aci.o
                0x0000000008005bae                aci_gap_start_general_discovery_proc
 .text.aci_gap_create_connection
                0x0000000008005ce8      0x1c8 ./Middlewares/BlueNRG-2/Wireless/BlueNRG-2/Controller/bluenrg1_gap_aci.o
                0x0000000008005ce8                aci_gap_create_connection
 .text.aci_gap_terminate_gap_proc
                0x0000000008005eb0       0xba ./Middlewares/BlueNRG-2/Wireless/BlueNRG-2/Controller/bluenrg1_gap_aci.o
                0x0000000008005eb0                aci_gap_terminate_gap_proc
 .text.aci_gatt_init
                0x0000000008005f6a       0x54 ./Middlewares/BlueNRG-2/Wireless/BlueNRG-2/Controller/bluenrg1_gatt_aci.o
                0x0000000008005f6a                aci_gatt_init
 .text.aci_gatt_add_service
                0x0000000008005fbe      0x1ac ./Middlewares/BlueNRG-2/Wireless/BlueNRG-2/Controller/bluenrg1_gatt_aci.o
                0x0000000008005fbe                aci_gatt_add_service
 .text.aci_gatt_add_char
                0x000000000800616a      0x210 ./Middlewares/BlueNRG-2/Wireless/BlueNRG-2/Controller/bluenrg1_gatt_aci.o
                0x000000000800616a                aci_gatt_add_char
 .text.aci_gatt_update_char_value
                0x000000000800637a      0x164 ./Middlewares/BlueNRG-2/Wireless/BlueNRG-2/Controller/bluenrg1_gatt_aci.o
                0x000000000800637a                aci_gatt_update_char_value
 .text.aci_gatt_exchange_config
                0x00000000080064de       0xc2 ./Middlewares/BlueNRG-2/Wireless/BlueNRG-2/Controller/bluenrg1_gatt_aci.o
                0x00000000080064de                aci_gatt_exchange_config
 .text.aci_gatt_disc_char_by_uuid
                0x00000000080065a0      0x186 ./Middlewares/BlueNRG-2/Wireless/BlueNRG-2/Controller/bluenrg1_gatt_aci.o
                0x00000000080065a0                aci_gatt_disc_char_by_uuid
 .text.aci_gatt_write_char_desc
                0x0000000008006726      0x150 ./Middlewares/BlueNRG-2/Wireless/BlueNRG-2/Controller/bluenrg1_gatt_aci.o
                0x0000000008006726                aci_gatt_write_char_desc
 .text.aci_hal_get_firmware_details
                0x0000000008006876       0xb4 ./Middlewares/BlueNRG-2/Wireless/BlueNRG-2/Controller/bluenrg1_hal_aci.o
                0x0000000008006876                aci_hal_get_firmware_details
 .text.aci_hal_read_config_data
                0x000000000800692a      0x108 ./Middlewares/BlueNRG-2/Wireless/BlueNRG-2/Controller/bluenrg1_hal_aci.o
                0x000000000800692a                aci_hal_read_config_data
 .text.aci_hal_set_tx_power_level
                0x0000000008006a32       0xe0 ./Middlewares/BlueNRG-2/Wireless/BlueNRG-2/Controller/bluenrg1_hal_aci.o
                0x0000000008006a32                aci_hal_set_tx_power_level
 .text.hci_disconnection_complete_event_process
                0x0000000008006b12       0x30 ./Middlewares/BlueNRG-2/Wireless/BlueNRG-2/HCI_TL/Basic/bluenrg1_events.o
                0x0000000008006b12                hci_disconnection_complete_event_process
 .text.hci_encryption_change_event_process
                0x0000000008006b42       0x30 ./Middlewares/BlueNRG-2/Wireless/BlueNRG-2/HCI_TL/Basic/bluenrg1_events.o
                0x0000000008006b42                hci_encryption_change_event_process
 .text.hci_read_remote_version_information_complete_event_process
                0x0000000008006b72       0x3e ./Middlewares/BlueNRG-2/Wireless/BlueNRG-2/HCI_TL/Basic/bluenrg1_events.o
                0x0000000008006b72                hci_read_remote_version_information_complete_event_process
 .text.hci_hardware_error_event_process
                0x0000000008006bb0       0x24 ./Middlewares/BlueNRG-2/Wireless/BlueNRG-2/HCI_TL/Basic/bluenrg1_events.o
                0x0000000008006bb0                hci_hardware_error_event_process
 .text.hci_number_of_completed_packets_event_process
                0x0000000008006bd4       0xae ./Middlewares/BlueNRG-2/Wireless/BlueNRG-2/HCI_TL/Basic/bluenrg1_events.o
                0x0000000008006bd4                hci_number_of_completed_packets_event_process
 .text.hci_data_buffer_overflow_event_process
                0x0000000008006c82       0x24 ./Middlewares/BlueNRG-2/Wireless/BlueNRG-2/HCI_TL/Basic/bluenrg1_events.o
                0x0000000008006c82                hci_data_buffer_overflow_event_process
 .text.hci_encryption_key_refresh_complete_event_process
                0x0000000008006ca6       0x2e ./Middlewares/BlueNRG-2/Wireless/BlueNRG-2/HCI_TL/Basic/bluenrg1_events.o
                0x0000000008006ca6                hci_encryption_key_refresh_complete_event_process
 .text.aci_blue_initialized_event_process
                0x0000000008006cd4       0x24 ./Middlewares/BlueNRG-2/Wireless/BlueNRG-2/HCI_TL/Basic/bluenrg1_events.o
                0x0000000008006cd4                aci_blue_initialized_event_process
 .text.aci_blue_events_lost_event_process
                0x0000000008006cf8       0x22 ./Middlewares/BlueNRG-2/Wireless/BlueNRG-2/HCI_TL/Basic/bluenrg1_events.o
                0x0000000008006cf8                aci_blue_events_lost_event_process
 .text.aci_blue_crash_info_event_process
                0x0000000008006d1a       0x84 ./Middlewares/BlueNRG-2/Wireless/BlueNRG-2/HCI_TL/Basic/bluenrg1_events.o
                0x0000000008006d1a                aci_blue_crash_info_event_process
 .text.aci_hal_end_of_radio_activity_event_process
                0x0000000008006d9e       0x2e ./Middlewares/BlueNRG-2/Wireless/BlueNRG-2/HCI_TL/Basic/bluenrg1_events.o
                0x0000000008006d9e                aci_hal_end_of_radio_activity_event_process
 .text.aci_hal_scan_req_report_event_process
                0x0000000008006dcc       0x2e ./Middlewares/BlueNRG-2/Wireless/BlueNRG-2/HCI_TL/Basic/bluenrg1_events.o
                0x0000000008006dcc                aci_hal_scan_req_report_event_process
 .text.aci_hal_fw_error_event_process
                0x0000000008006dfa       0x2c ./Middlewares/BlueNRG-2/Wireless/BlueNRG-2/HCI_TL/Basic/bluenrg1_events.o
                0x0000000008006dfa                aci_hal_fw_error_event_process
 .text.aci_gap_limited_discoverable_event_process
                0x0000000008006e26       0x1a ./Middlewares/BlueNRG-2/Wireless/BlueNRG-2/HCI_TL/Basic/bluenrg1_events.o
                0x0000000008006e26                aci_gap_limited_discoverable_event_process
 .text.aci_gap_pairing_complete_event_process
                0x0000000008006e40       0x2e ./Middlewares/BlueNRG-2/Wireless/BlueNRG-2/HCI_TL/Basic/bluenrg1_events.o
                0x0000000008006e40                aci_gap_pairing_complete_event_process
 .text.aci_gap_pass_key_req_event_process
                0x0000000008006e6e       0x26 ./Middlewares/BlueNRG-2/Wireless/BlueNRG-2/HCI_TL/Basic/bluenrg1_events.o
                0x0000000008006e6e                aci_gap_pass_key_req_event_process
 .text.aci_gap_authorization_req_event_process
                0x0000000008006e94       0x26 ./Middlewares/BlueNRG-2/Wireless/BlueNRG-2/HCI_TL/Basic/bluenrg1_events.o
                0x0000000008006e94                aci_gap_authorization_req_event_process
 .text.aci_gap_slave_security_initiated_event_process
                0x0000000008006eba       0x1a ./Middlewares/BlueNRG-2/Wireless/BlueNRG-2/HCI_TL/Basic/bluenrg1_events.o
                0x0000000008006eba                aci_gap_slave_security_initiated_event_process
 .text.aci_gap_bond_lost_event_process
                0x0000000008006ed4       0x1a ./Middlewares/BlueNRG-2/Wireless/BlueNRG-2/HCI_TL/Basic/bluenrg1_events.o
                0x0000000008006ed4                aci_gap_bond_lost_event_process
 .text.aci_gap_proc_complete_event_process
                0x0000000008006eee       0x2e ./Middlewares/BlueNRG-2/Wireless/BlueNRG-2/HCI_TL/Basic/bluenrg1_events.o
                0x0000000008006eee                aci_gap_proc_complete_event_process
 .text.aci_gap_addr_not_resolved_event_process
                0x0000000008006f1c       0x26 ./Middlewares/BlueNRG-2/Wireless/BlueNRG-2/HCI_TL/Basic/bluenrg1_events.o
                0x0000000008006f1c                aci_gap_addr_not_resolved_event_process
 .text.aci_gap_numeric_comparison_value_event_process
                0x0000000008006f42       0x2e ./Middlewares/BlueNRG-2/Wireless/BlueNRG-2/HCI_TL/Basic/bluenrg1_events.o
                0x0000000008006f42                aci_gap_numeric_comparison_value_event_process
 .text.aci_gap_keypress_notification_event_process
                0x0000000008006f70       0x2c ./Middlewares/BlueNRG-2/Wireless/BlueNRG-2/HCI_TL/Basic/bluenrg1_events.o
                0x0000000008006f70                aci_gap_keypress_notification_event_process
 .text.aci_l2cap_connection_update_resp_event_process
                0x0000000008006f9c       0x2e ./Middlewares/BlueNRG-2/Wireless/BlueNRG-2/HCI_TL/Basic/bluenrg1_events.o
                0x0000000008006f9c                aci_l2cap_connection_update_resp_event_process
 .text.aci_l2cap_proc_timeout_event_process
                0x0000000008006fca       0x2e ./Middlewares/BlueNRG-2/Wireless/BlueNRG-2/HCI_TL/Basic/bluenrg1_events.o
                0x0000000008006fca                aci_l2cap_proc_timeout_event_process
 .text.aci_l2cap_connection_update_req_event_process
                0x0000000008006ff8       0x5c ./Middlewares/BlueNRG-2/Wireless/BlueNRG-2/HCI_TL/Basic/bluenrg1_events.o
                0x0000000008006ff8                aci_l2cap_connection_update_req_event_process
 .text.aci_l2cap_command_reject_event_process
                0x0000000008007054       0x3c ./Middlewares/BlueNRG-2/Wireless/BlueNRG-2/HCI_TL/Basic/bluenrg1_events.o
                0x0000000008007054                aci_l2cap_command_reject_event_process
 .text.aci_gatt_attribute_modified_event_process
                0x0000000008007090       0x3e ./Middlewares/BlueNRG-2/Wireless/BlueNRG-2/HCI_TL/Basic/bluenrg1_events.o
                0x0000000008007090                aci_gatt_attribute_modified_event_process
 .text.aci_gatt_proc_timeout_event_process
                0x00000000080070ce       0x26 ./Middlewares/BlueNRG-2/Wireless/BlueNRG-2/HCI_TL/Basic/bluenrg1_events.o
                0x00000000080070ce                aci_gatt_proc_timeout_event_process
 .text.aci_att_exchange_mtu_resp_event_process
                0x00000000080070f4       0x2e ./Middlewares/BlueNRG-2/Wireless/BlueNRG-2/HCI_TL/Basic/bluenrg1_events.o
                0x00000000080070f4                aci_att_exchange_mtu_resp_event_process
 .text.aci_att_find_info_resp_event_process
                0x0000000008007122       0x30 ./Middlewares/BlueNRG-2/Wireless/BlueNRG-2/HCI_TL/Basic/bluenrg1_events.o
                0x0000000008007122                aci_att_find_info_resp_event_process
 .text.aci_att_find_by_type_value_resp_event_process
                0x0000000008007152       0xb4 ./Middlewares/BlueNRG-2/Wireless/BlueNRG-2/HCI_TL/Basic/bluenrg1_events.o
                0x0000000008007152                aci_att_find_by_type_value_resp_event_process
 .text.aci_att_read_by_type_resp_event_process
                0x0000000008007206       0x30 ./Middlewares/BlueNRG-2/Wireless/BlueNRG-2/HCI_TL/Basic/bluenrg1_events.o
                0x0000000008007206                aci_att_read_by_type_resp_event_process
 .text.aci_att_read_resp_event_process
                0x0000000008007236       0x2e ./Middlewares/BlueNRG-2/Wireless/BlueNRG-2/HCI_TL/Basic/bluenrg1_events.o
                0x0000000008007236                aci_att_read_resp_event_process
 .text.aci_att_read_blob_resp_event_process
                0x0000000008007264       0x2e ./Middlewares/BlueNRG-2/Wireless/BlueNRG-2/HCI_TL/Basic/bluenrg1_events.o
                0x0000000008007264                aci_att_read_blob_resp_event_process
 .text.aci_att_read_multiple_resp_event_process
                0x0000000008007292       0x2e ./Middlewares/BlueNRG-2/Wireless/BlueNRG-2/HCI_TL/Basic/bluenrg1_events.o
                0x0000000008007292                aci_att_read_multiple_resp_event_process
 .text.aci_att_read_by_group_type_resp_event_process
                0x00000000080072c0       0x30 ./Middlewares/BlueNRG-2/Wireless/BlueNRG-2/HCI_TL/Basic/bluenrg1_events.o
                0x00000000080072c0                aci_att_read_by_group_type_resp_event_process
 .text.aci_att_prepare_write_resp_event_process
                0x00000000080072f0       0x3c ./Middlewares/BlueNRG-2/Wireless/BlueNRG-2/HCI_TL/Basic/bluenrg1_events.o
                0x00000000080072f0                aci_att_prepare_write_resp_event_process
 .text.aci_att_exec_write_resp_event_process
                0x000000000800732c       0x26 ./Middlewares/BlueNRG-2/Wireless/BlueNRG-2/HCI_TL/Basic/bluenrg1_events.o
                0x000000000800732c                aci_att_exec_write_resp_event_process
 .text.aci_gatt_indication_event_process
                0x0000000008007352       0x32 ./Middlewares/BlueNRG-2/Wireless/BlueNRG-2/HCI_TL/Basic/bluenrg1_events.o
                0x0000000008007352                aci_gatt_indication_event_process
 .text.aci_gatt_notification_event_process
                0x0000000008007384       0x32 ./Middlewares/BlueNRG-2/Wireless/BlueNRG-2/HCI_TL/Basic/bluenrg1_events.o
                0x0000000008007384                aci_gatt_notification_event_process
 .text.aci_gatt_proc_complete_event_process
                0x00000000080073b6       0x2c ./Middlewares/BlueNRG-2/Wireless/BlueNRG-2/HCI_TL/Basic/bluenrg1_events.o
                0x00000000080073b6                aci_gatt_proc_complete_event_process
 .text.aci_gatt_error_resp_event_process
                0x00000000080073e2       0x34 ./Middlewares/BlueNRG-2/Wireless/BlueNRG-2/HCI_TL/Basic/bluenrg1_events.o
                0x00000000080073e2                aci_gatt_error_resp_event_process
 .text.aci_gatt_disc_read_char_by_uuid_resp_event_process
                0x0000000008007416       0x32 ./Middlewares/BlueNRG-2/Wireless/BlueNRG-2/HCI_TL/Basic/bluenrg1_events.o
                0x0000000008007416                aci_gatt_disc_read_char_by_uuid_resp_event_process
 .text.aci_gatt_write_permit_req_event_process
                0x0000000008007448       0x32 ./Middlewares/BlueNRG-2/Wireless/BlueNRG-2/HCI_TL/Basic/bluenrg1_events.o
                0x0000000008007448                aci_gatt_write_permit_req_event_process
 .text.aci_gatt_read_permit_req_event_process
                0x000000000800747a       0x32 ./Middlewares/BlueNRG-2/Wireless/BlueNRG-2/HCI_TL/Basic/bluenrg1_events.o
                0x000000000800747a                aci_gatt_read_permit_req_event_process
 .text.aci_gatt_read_multi_permit_req_event_process
                0x00000000080074ac       0x8a ./Middlewares/BlueNRG-2/Wireless/BlueNRG-2/HCI_TL/Basic/bluenrg1_events.o
                0x00000000080074ac                aci_gatt_read_multi_permit_req_event_process
 .text.aci_gatt_tx_pool_available_event_process
                0x0000000008007536       0x2e ./Middlewares/BlueNRG-2/Wireless/BlueNRG-2/HCI_TL/Basic/bluenrg1_events.o
                0x0000000008007536                aci_gatt_tx_pool_available_event_process
 .text.aci_gatt_server_confirmation_event_process
                0x0000000008007564       0x26 ./Middlewares/BlueNRG-2/Wireless/BlueNRG-2/HCI_TL/Basic/bluenrg1_events.o
                0x0000000008007564                aci_gatt_server_confirmation_event_process
 .text.aci_gatt_prepare_write_permit_req_event_process
                0x000000000800758a       0x3c ./Middlewares/BlueNRG-2/Wireless/BlueNRG-2/HCI_TL/Basic/bluenrg1_events.o
                0x000000000800758a                aci_gatt_prepare_write_permit_req_event_process
 .text.hci_le_connection_complete_event_process
                0x00000000080075c6       0x68 ./Middlewares/BlueNRG-2/Wireless/BlueNRG-2/HCI_TL/Basic/bluenrg1_events.o
                0x00000000080075c6                hci_le_connection_complete_event_process
 .text.hci_le_advertising_report_event_process
                0x000000000800762e      0x1ba ./Middlewares/BlueNRG-2/Wireless/BlueNRG-2/HCI_TL/Basic/bluenrg1_events.o
                0x000000000800762e                hci_le_advertising_report_event_process
 .text.hci_le_connection_update_complete_event_process
                0x00000000080077e8       0x46 ./Middlewares/BlueNRG-2/Wireless/BlueNRG-2/HCI_TL/Basic/bluenrg1_events.o
                0x00000000080077e8                hci_le_connection_update_complete_event_process
 .text.hci_le_read_remote_used_features_complete_event_process
                0x000000000800782e       0x30 ./Middlewares/BlueNRG-2/Wireless/BlueNRG-2/HCI_TL/Basic/bluenrg1_events.o
                0x000000000800782e                hci_le_read_remote_used_features_complete_event_process
 .text.hci_le_long_term_key_request_event_process
                0x000000000800785e       0x30 ./Middlewares/BlueNRG-2/Wireless/BlueNRG-2/HCI_TL/Basic/bluenrg1_events.o
                0x000000000800785e                hci_le_long_term_key_request_event_process
 .text.hci_le_data_length_change_event_process
                0x000000000800788e       0x40 ./Middlewares/BlueNRG-2/Wireless/BlueNRG-2/HCI_TL/Basic/bluenrg1_events.o
                0x000000000800788e                hci_le_data_length_change_event_process
 .text.hci_le_read_local_p256_public_key_complete_event_process
                0x00000000080078ce       0x2a ./Middlewares/BlueNRG-2/Wireless/BlueNRG-2/HCI_TL/Basic/bluenrg1_events.o
                0x00000000080078ce                hci_le_read_local_p256_public_key_complete_event_process
 .text.hci_le_generate_dhkey_complete_event_process
                0x00000000080078f8       0x2a ./Middlewares/BlueNRG-2/Wireless/BlueNRG-2/HCI_TL/Basic/bluenrg1_events.o
                0x00000000080078f8                hci_le_generate_dhkey_complete_event_process
 .text.hci_le_enhanced_connection_complete_event_process
                0x0000000008007922       0x7c ./Middlewares/BlueNRG-2/Wireless/BlueNRG-2/HCI_TL/Basic/bluenrg1_events.o
                0x0000000008007922                hci_le_enhanced_connection_complete_event_process
 .text.hci_le_direct_advertising_report_event_process
                0x000000000800799e      0x15e ./Middlewares/BlueNRG-2/Wireless/BlueNRG-2/HCI_TL/Basic/bluenrg1_events.o
                0x000000000800799e                hci_le_direct_advertising_report_event_process
 .text.hci_encryption_change_event
                0x0000000008007afc       0x1e ./Middlewares/BlueNRG-2/Wireless/BlueNRG-2/HCI_TL/Basic/bluenrg1_events_cb.o
                0x0000000008007afc                hci_encryption_change_event
 .text.hci_read_remote_version_information_complete_event
                0x0000000008007b1a       0x28 ./Middlewares/BlueNRG-2/Wireless/BlueNRG-2/HCI_TL/Basic/bluenrg1_events_cb.o
                0x0000000008007b1a                hci_read_remote_version_information_complete_event
 .text.hci_hardware_error_event
                0x0000000008007b42       0x16 ./Middlewares/BlueNRG-2/Wireless/BlueNRG-2/HCI_TL/Basic/bluenrg1_events_cb.o
                0x0000000008007b42                hci_hardware_error_event
 .text.hci_number_of_completed_packets_event
                0x0000000008007b58       0x18 ./Middlewares/BlueNRG-2/Wireless/BlueNRG-2/HCI_TL/Basic/bluenrg1_events_cb.o
                0x0000000008007b58                hci_number_of_completed_packets_event
 .text.hci_data_buffer_overflow_event
                0x0000000008007b70       0x16 ./Middlewares/BlueNRG-2/Wireless/BlueNRG-2/HCI_TL/Basic/bluenrg1_events_cb.o
                0x0000000008007b70                hci_data_buffer_overflow_event
 .text.hci_encryption_key_refresh_complete_event
                0x0000000008007b86       0x1c ./Middlewares/BlueNRG-2/Wireless/BlueNRG-2/HCI_TL/Basic/bluenrg1_events_cb.o
                0x0000000008007b86                hci_encryption_key_refresh_complete_event
 .text.hci_le_connection_update_complete_event
                0x0000000008007ba2       0x28 ./Middlewares/BlueNRG-2/Wireless/BlueNRG-2/HCI_TL/Basic/bluenrg1_events_cb.o
                0x0000000008007ba2                hci_le_connection_update_complete_event
 .text.hci_le_read_remote_used_features_complete_event
                0x0000000008007bca       0x1c ./Middlewares/BlueNRG-2/Wireless/BlueNRG-2/HCI_TL/Basic/bluenrg1_events_cb.o
                0x0000000008007bca                hci_le_read_remote_used_features_complete_event
 .text.hci_le_long_term_key_request_event
                0x0000000008007be6       0x1c ./Middlewares/BlueNRG-2/Wireless/BlueNRG-2/HCI_TL/Basic/bluenrg1_events_cb.o
                0x0000000008007be6                hci_le_long_term_key_request_event
 .text.hci_le_data_length_change_event
                0x0000000008007c02       0x28 ./Middlewares/BlueNRG-2/Wireless/BlueNRG-2/HCI_TL/Basic/bluenrg1_events_cb.o
                0x0000000008007c02                hci_le_data_length_change_event
 .text.hci_le_read_local_p256_public_key_complete_event
                0x0000000008007c2a       0x18 ./Middlewares/BlueNRG-2/Wireless/BlueNRG-2/HCI_TL/Basic/bluenrg1_events_cb.o
                0x0000000008007c2a                hci_le_read_local_p256_public_key_complete_event
 .text.hci_le_generate_dhkey_complete_event
                0x0000000008007c42       0x18 ./Middlewares/BlueNRG-2/Wireless/BlueNRG-2/HCI_TL/Basic/bluenrg1_events_cb.o
                0x0000000008007c42                hci_le_generate_dhkey_complete_event
 .text.hci_le_enhanced_connection_complete_event
                0x0000000008007c5a       0x28 ./Middlewares/BlueNRG-2/Wireless/BlueNRG-2/HCI_TL/Basic/bluenrg1_events_cb.o
                0x0000000008007c5a                hci_le_enhanced_connection_complete_event
 .text.hci_le_direct_advertising_report_event
                0x0000000008007c82       0x18 ./Middlewares/BlueNRG-2/Wireless/BlueNRG-2/HCI_TL/Basic/bluenrg1_events_cb.o
                0x0000000008007c82                hci_le_direct_advertising_report_event
 .text.aci_gap_limited_discoverable_event
                0x0000000008007c9a        0xe ./Middlewares/BlueNRG-2/Wireless/BlueNRG-2/HCI_TL/Basic/bluenrg1_events_cb.o
                0x0000000008007c9a                aci_gap_limited_discoverable_event
 .text.aci_gap_pairing_complete_event
                0x0000000008007ca8       0x1e ./Middlewares/BlueNRG-2/Wireless/BlueNRG-2/HCI_TL/Basic/bluenrg1_events_cb.o
                0x0000000008007ca8                aci_gap_pairing_complete_event
 .text.aci_gap_pass_key_req_event
                0x0000000008007cc6       0x16 ./Middlewares/BlueNRG-2/Wireless/BlueNRG-2/HCI_TL/Basic/bluenrg1_events_cb.o
                0x0000000008007cc6                aci_gap_pass_key_req_event
 .text.aci_gap_authorization_req_event
                0x0000000008007cdc       0x16 ./Middlewares/BlueNRG-2/Wireless/BlueNRG-2/HCI_TL/Basic/bluenrg1_events_cb.o
                0x0000000008007cdc                aci_gap_authorization_req_event
 .text.aci_gap_slave_security_initiated_event
                0x0000000008007cf2        0xe ./Middlewares/BlueNRG-2/Wireless/BlueNRG-2/HCI_TL/Basic/bluenrg1_events_cb.o
                0x0000000008007cf2                aci_gap_slave_security_initiated_event
 .text.aci_gap_bond_lost_event
                0x0000000008007d00        0xe ./Middlewares/BlueNRG-2/Wireless/BlueNRG-2/HCI_TL/Basic/bluenrg1_events_cb.o
                0x0000000008007d00                aci_gap_bond_lost_event
 .text.aci_gap_addr_not_resolved_event
                0x0000000008007d0e       0x16 ./Middlewares/BlueNRG-2/Wireless/BlueNRG-2/HCI_TL/Basic/bluenrg1_events_cb.o
                0x0000000008007d0e                aci_gap_addr_not_resolved_event
 .text.aci_gap_numeric_comparison_value_event
                0x0000000008007d24       0x18 ./Middlewares/BlueNRG-2/Wireless/BlueNRG-2/HCI_TL/Basic/bluenrg1_events_cb.o
                0x0000000008007d24                aci_gap_numeric_comparison_value_event
 .text.aci_gap_keypress_notification_event
                0x0000000008007d3c       0x1c ./Middlewares/BlueNRG-2/Wireless/BlueNRG-2/HCI_TL/Basic/bluenrg1_events_cb.o
                0x0000000008007d3c                aci_gap_keypress_notification_event
 .text.aci_gatt_proc_timeout_event
                0x0000000008007d58       0x16 ./Middlewares/BlueNRG-2/Wireless/BlueNRG-2/HCI_TL/Basic/bluenrg1_events_cb.o
                0x0000000008007d58                aci_gatt_proc_timeout_event
 .text.aci_att_find_info_resp_event
                0x0000000008007d6e       0x20 ./Middlewares/BlueNRG-2/Wireless/BlueNRG-2/HCI_TL/Basic/bluenrg1_events_cb.o
                0x0000000008007d6e                aci_att_find_info_resp_event
 .text.aci_att_find_by_type_value_resp_event
                0x0000000008007d8e       0x1c ./Middlewares/BlueNRG-2/Wireless/BlueNRG-2/HCI_TL/Basic/bluenrg1_events_cb.o
                0x0000000008007d8e                aci_att_find_by_type_value_resp_event
 .text.aci_att_read_by_type_resp_event
                0x0000000008007daa       0x20 ./Middlewares/BlueNRG-2/Wireless/BlueNRG-2/HCI_TL/Basic/bluenrg1_events_cb.o
                0x0000000008007daa                aci_att_read_by_type_resp_event
 .text.aci_att_read_resp_event
                0x0000000008007dca       0x1c ./Middlewares/BlueNRG-2/Wireless/BlueNRG-2/HCI_TL/Basic/bluenrg1_events_cb.o
                0x0000000008007dca                aci_att_read_resp_event
 .text.aci_att_read_blob_resp_event
                0x0000000008007de6       0x1c ./Middlewares/BlueNRG-2/Wireless/BlueNRG-2/HCI_TL/Basic/bluenrg1_events_cb.o
                0x0000000008007de6                aci_att_read_blob_resp_event
 .text.aci_att_read_multiple_resp_event
                0x0000000008007e02       0x1c ./Middlewares/BlueNRG-2/Wireless/BlueNRG-2/HCI_TL/Basic/bluenrg1_events_cb.o
                0x0000000008007e02                aci_att_read_multiple_resp_event
 .text.aci_att_read_by_group_type_resp_event
                0x0000000008007e1e       0x20 ./Middlewares/BlueNRG-2/Wireless/BlueNRG-2/HCI_TL/Basic/bluenrg1_events_cb.o
                0x0000000008007e1e                aci_att_read_by_group_type_resp_event
 .text.aci_att_prepare_write_resp_event
                0x0000000008007e3e       0x28 ./Middlewares/BlueNRG-2/Wireless/BlueNRG-2/HCI_TL/Basic/bluenrg1_events_cb.o
                0x0000000008007e3e                aci_att_prepare_write_resp_event
 .text.aci_att_exec_write_resp_event
                0x0000000008007e66       0x16 ./Middlewares/BlueNRG-2/Wireless/BlueNRG-2/HCI_TL/Basic/bluenrg1_events_cb.o
                0x0000000008007e66                aci_att_exec_write_resp_event
 .text.aci_gatt_indication_event
                0x0000000008007e7c       0x20 ./Middlewares/BlueNRG-2/Wireless/BlueNRG-2/HCI_TL/Basic/bluenrg1_events_cb.o
                0x0000000008007e7c                aci_gatt_indication_event
 .text.aci_gatt_error_resp_event
                0x0000000008007e9c       0x28 ./Middlewares/BlueNRG-2/Wireless/BlueNRG-2/HCI_TL/Basic/bluenrg1_events_cb.o
                0x0000000008007e9c                aci_gatt_error_resp_event
 .text.aci_gatt_write_permit_req_event
                0x0000000008007ec4       0x20 ./Middlewares/BlueNRG-2/Wireless/BlueNRG-2/HCI_TL/Basic/bluenrg1_events_cb.o
                0x0000000008007ec4                aci_gatt_write_permit_req_event
 .text.aci_gatt_read_permit_req_event
                0x0000000008007ee4       0x1e ./Middlewares/BlueNRG-2/Wireless/BlueNRG-2/HCI_TL/Basic/bluenrg1_events_cb.o
                0x0000000008007ee4                aci_gatt_read_permit_req_event
 .text.aci_gatt_read_multi_permit_req_event
                0x0000000008007f02       0x1c ./Middlewares/BlueNRG-2/Wireless/BlueNRG-2/HCI_TL/Basic/bluenrg1_events_cb.o
                0x0000000008007f02                aci_gatt_read_multi_permit_req_event
 .text.aci_gatt_server_confirmation_event
                0x0000000008007f1e       0x16 ./Middlewares/BlueNRG-2/Wireless/BlueNRG-2/HCI_TL/Basic/bluenrg1_events_cb.o
                0x0000000008007f1e                aci_gatt_server_confirmation_event
 .text.aci_gatt_prepare_write_permit_req_event
                0x0000000008007f34       0x28 ./Middlewares/BlueNRG-2/Wireless/BlueNRG-2/HCI_TL/Basic/bluenrg1_events_cb.o
                0x0000000008007f34                aci_gatt_prepare_write_permit_req_event
 .text.aci_l2cap_connection_update_resp_event
                0x0000000008007f5c       0x1c ./Middlewares/BlueNRG-2/Wireless/BlueNRG-2/HCI_TL/Basic/bluenrg1_events_cb.o
                0x0000000008007f5c                aci_l2cap_connection_update_resp_event
 .text.aci_l2cap_proc_timeout_event
                0x0000000008007f78       0x1c ./Middlewares/BlueNRG-2/Wireless/BlueNRG-2/HCI_TL/Basic/bluenrg1_events_cb.o
                0x0000000008007f78                aci_l2cap_proc_timeout_event
 .text.aci_l2cap_connection_update_req_event
                0x0000000008007f94       0x28 ./Middlewares/BlueNRG-2/Wireless/BlueNRG-2/HCI_TL/Basic/bluenrg1_events_cb.o
                0x0000000008007f94                aci_l2cap_connection_update_req_event
 .text.aci_l2cap_command_reject_event
                0x0000000008007fbc       0x28 ./Middlewares/BlueNRG-2/Wireless/BlueNRG-2/HCI_TL/Basic/bluenrg1_events_cb.o
                0x0000000008007fbc                aci_l2cap_command_reject_event
 .text.aci_blue_initialized_event
                0x0000000008007fe4       0x16 ./Middlewares/BlueNRG-2/Wireless/BlueNRG-2/HCI_TL/Basic/bluenrg1_events_cb.o
                0x0000000008007fe4                aci_blue_initialized_event
 .text.aci_blue_events_lost_event
                0x0000000008007ffa       0x14 ./Middlewares/BlueNRG-2/Wireless/BlueNRG-2/HCI_TL/Basic/bluenrg1_events_cb.o
                0x0000000008007ffa                aci_blue_events_lost_event
 .text.aci_blue_crash_info_event
                0x000000000800800e       0x1c ./Middlewares/BlueNRG-2/Wireless/BlueNRG-2/HCI_TL/Basic/bluenrg1_events_cb.o
                0x000000000800800e                aci_blue_crash_info_event
 .text.aci_hal_end_of_radio_activity_event
                0x000000000800802a       0x1c ./Middlewares/BlueNRG-2/Wireless/BlueNRG-2/HCI_TL/Basic/bluenrg1_events_cb.o
                0x000000000800802a                aci_hal_end_of_radio_activity_event
 .text.aci_hal_scan_req_report_event
                0x0000000008008046       0x1c ./Middlewares/BlueNRG-2/Wireless/BlueNRG-2/HCI_TL/Basic/bluenrg1_events_cb.o
                0x0000000008008046                aci_hal_scan_req_report_event
 .text.aci_hal_fw_error_event
                0x0000000008008062       0x1c ./Middlewares/BlueNRG-2/Wireless/BlueNRG-2/HCI_TL/Basic/bluenrg1_events_cb.o
                0x0000000008008062                aci_hal_fw_error_event
 .text.hci_reset
                0x000000000800807e       0x52 ./Middlewares/BlueNRG-2/Wireless/BlueNRG-2/HCI_TL/Basic/bluenrg1_hci_le.o
                0x000000000800807e                hci_reset
 .text.hci_read_rssi
                0x00000000080080d0       0xde ./Middlewares/BlueNRG-2/Wireless/BlueNRG-2/HCI_TL/Basic/bluenrg1_hci_le.o
                0x00000000080080d0                hci_read_rssi
 .text.verify_packet
                0x00000000080081ae       0x40 ./Middlewares/BlueNRG-2/Wireless/BlueNRG-2/HCI_TL/Basic/hci_tl.o
 *fill*         0x00000000080081ee        0x2 
 .text.send_cmd
                0x00000000080081f0       0x80 ./Middlewares/BlueNRG-2/Wireless/BlueNRG-2/HCI_TL/Basic/hci_tl.o
 .text.move_list
                0x0000000008008270       0x38 ./Middlewares/BlueNRG-2/Wireless/BlueNRG-2/HCI_TL/Basic/hci_tl.o
 .text.free_event_list
                0x00000000080082a8       0x3c ./Middlewares/BlueNRG-2/Wireless/BlueNRG-2/HCI_TL/Basic/hci_tl.o
 .text.hci_init
                0x00000000080082e4       0x84 ./Middlewares/BlueNRG-2/Wireless/BlueNRG-2/HCI_TL/Basic/hci_tl.o
                0x00000000080082e4                hci_init
 .text.hci_register_io_bus
                0x0000000008008368       0x40 ./Middlewares/BlueNRG-2/Wireless/BlueNRG-2/HCI_TL/Basic/hci_tl.o
                0x0000000008008368                hci_register_io_bus
 .text.hci_send_req
                0x00000000080083a8      0x230 ./Middlewares/BlueNRG-2/Wireless/BlueNRG-2/HCI_TL/Basic/hci_tl.o
                0x00000000080083a8                hci_send_req
 .text.hci_user_evt_proc
                0x00000000080085d8       0x58 ./Middlewares/BlueNRG-2/Wireless/BlueNRG-2/HCI_TL/Basic/hci_tl.o
                0x00000000080085d8                hci_user_evt_proc
 .text.hci_notify_asynch_evt
                0x0000000008008630       0x9c ./Middlewares/BlueNRG-2/Wireless/BlueNRG-2/HCI_TL/Basic/hci_tl.o
                0x0000000008008630                hci_notify_asynch_evt
 .text.list_init_head
                0x00000000080086cc       0x20 ./Middlewares/BlueNRG-2/Wireless/BlueNRG-2/Utils/ble_list.o
                0x00000000080086cc                list_init_head
 .text.list_is_empty
                0x00000000080086ec       0x44 ./Middlewares/BlueNRG-2/Wireless/BlueNRG-2/Utils/ble_list.o
                0x00000000080086ec                list_is_empty
 .text.list_insert_head
                0x0000000008008730       0x4c ./Middlewares/BlueNRG-2/Wireless/BlueNRG-2/Utils/ble_list.o
                0x0000000008008730                list_insert_head
 .text.list_insert_tail
                0x000000000800877c       0x4c ./Middlewares/BlueNRG-2/Wireless/BlueNRG-2/Utils/ble_list.o
                0x000000000800877c                list_insert_tail
 .text.list_remove_node
                0x00000000080087c8       0x42 ./Middlewares/BlueNRG-2/Wireless/BlueNRG-2/Utils/ble_list.o
                0x00000000080087c8                list_remove_node
 .text.list_remove_head
                0x000000000800880a       0x4e ./Middlewares/BlueNRG-2/Wireless/BlueNRG-2/Utils/ble_list.o
                0x000000000800880a                list_remove_head
 .text.list_remove_tail
                0x0000000008008858       0x4e ./Middlewares/BlueNRG-2/Wireless/BlueNRG-2/Utils/ble_list.o
                0x0000000008008858                list_remove_tail
 .text.list_get_size
                0x00000000080088a6       0x50 ./Middlewares/BlueNRG-2/Wireless/BlueNRG-2/Utils/ble_list.o
                0x00000000080088a6                list_get_size
 *fill*         0x00000000080088f6        0x2 
 .text.__sflush_r
                0x00000000080088f8      0x10c C:/ST/STM32CubeIDE_1.13.1/STM32CubeIDE/plugins/com.st.stm32cube.ide.mcu.externaltools.gnu-tools-for-stm32.11.3.rel1.win32_1.1.0.202305231506/tools/bin/../lib/gcc/arm-none-eabi/11.3.1/../../../../arm-none-eabi/lib/thumb/v7e-m+fp/hard\libc_nano.a(libc_a-fflush.o)
                0x00000000080088f8                __sflush_r
 .text._fflush_r
                0x0000000008008a04       0x50 C:/ST/STM32CubeIDE_1.13.1/STM32CubeIDE/plugins/com.st.stm32cube.ide.mcu.externaltools.gnu-tools-for-stm32.11.3.rel1.win32_1.1.0.202305231506/tools/bin/../lib/gcc/arm-none-eabi/11.3.1/../../../../arm-none-eabi/lib/thumb/v7e-m+fp/hard\libc_nano.a(libc_a-fflush.o)
                0x0000000008008a04                _fflush_r
 .text.fflush   0x0000000008008a54       0x28 C:/ST/STM32CubeIDE_1.13.1/STM32CubeIDE/plugins/com.st.stm32cube.ide.mcu.externaltools.gnu-tools-for-stm32.11.3.rel1.win32_1.1.0.202305231506/tools/bin/../lib/gcc/arm-none-eabi/11.3.1/../../../../arm-none-eabi/lib/thumb/v7e-m+fp/hard\libc_nano.a(libc_a-fflush.o)
                0x0000000008008a54                fflush
 .text.std      0x0000000008008a7c       0x48 C:/ST/STM32CubeIDE_1.13.1/STM32CubeIDE/plugins/com.st.stm32cube.ide.mcu.externaltools.gnu-tools-for-stm32.11.3.rel1.win32_1.1.0.202305231506/tools/bin/../lib/gcc/arm-none-eabi/11.3.1/../../../../arm-none-eabi/lib/thumb/v7e-m+fp/hard\libc_nano.a(libc_a-findfp.o)
 .text.stdio_exit_handler
                0x0000000008008ac4       0x18 C:/ST/STM32CubeIDE_1.13.1/STM32CubeIDE/plugins/com.st.stm32cube.ide.mcu.externaltools.gnu-tools-for-stm32.11.3.rel1.win32_1.1.0.202305231506/tools/bin/../lib/gcc/arm-none-eabi/11.3.1/../../../../arm-none-eabi/lib/thumb/v7e-m+fp/hard\libc_nano.a(libc_a-findfp.o)
 .text.cleanup_stdio
                0x0000000008008adc       0x40 C:/ST/STM32CubeIDE_1.13.1/STM32CubeIDE/plugins/com.st.stm32cube.ide.mcu.externaltools.gnu-tools-for-stm32.11.3.rel1.win32_1.1.0.202305231506/tools/bin/../lib/gcc/arm-none-eabi/11.3.1/../../../../arm-none-eabi/lib/thumb/v7e-m+fp/hard\libc_nano.a(libc_a-findfp.o)
 .text.global_stdio_init.part.0
                0x0000000008008b1c       0x3c C:/ST/STM32CubeIDE_1.13.1/STM32CubeIDE/plugins/com.st.stm32cube.ide.mcu.externaltools.gnu-tools-for-stm32.11.3.rel1.win32_1.1.0.202305231506/tools/bin/../lib/gcc/arm-none-eabi/11.3.1/../../../../arm-none-eabi/lib/thumb/v7e-m+fp/hard\libc_nano.a(libc_a-findfp.o)
 .text.__sfp_lock_acquire
                0x0000000008008b58        0xc C:/ST/STM32CubeIDE_1.13.1/STM32CubeIDE/plugins/com.st.stm32cube.ide.mcu.externaltools.gnu-tools-for-stm32.11.3.rel1.win32_1.1.0.202305231506/tools/bin/../lib/gcc/arm-none-eabi/11.3.1/../../../../arm-none-eabi/lib/thumb/v7e-m+fp/hard\libc_nano.a(libc_a-findfp.o)
                0x0000000008008b58                __sfp_lock_acquire
 .text.__sfp_lock_release
                0x0000000008008b64        0xc C:/ST/STM32CubeIDE_1.13.1/STM32CubeIDE/plugins/com.st.stm32cube.ide.mcu.externaltools.gnu-tools-for-stm32.11.3.rel1.win32_1.1.0.202305231506/tools/bin/../lib/gcc/arm-none-eabi/11.3.1/../../../../arm-none-eabi/lib/thumb/v7e-m+fp/hard\libc_nano.a(libc_a-findfp.o)
                0x0000000008008b64                __sfp_lock_release
 .text.__sinit  0x0000000008008b70       0x30 C:/ST/STM32CubeIDE_1.13.1/STM32CubeIDE/plugins/com.st.stm32cube.ide.mcu.externaltools.gnu-tools-for-stm32.11.3.rel1.win32_1.1.0.202305231506/tools/bin/../lib/gcc/arm-none-eabi/11.3.1/../../../../arm-none-eabi/lib/thumb/v7e-m+fp/hard\libc_nano.a(libc_a-findfp.o)
                0x0000000008008b70                __sinit
 .text._fwalk_sglue
                0x0000000008008ba0       0x3c C:/ST/STM32CubeIDE_1.13.1/STM32CubeIDE/plugins/com.st.stm32cube.ide.mcu.externaltools.gnu-tools-for-stm32.11.3.rel1.win32_1.1.0.202305231506/tools/bin/../lib/gcc/arm-none-eabi/11.3.1/../../../../arm-none-eabi/lib/thumb/v7e-m+fp/hard\libc_nano.a(libc_a-fwalk.o)
                0x0000000008008ba0                _fwalk_sglue
 .text.printf   0x0000000008008bdc       0x24 C:/ST/STM32CubeIDE_1.13.1/STM32CubeIDE/plugins/com.st.stm32cube.ide.mcu.externaltools.gnu-tools-for-stm32.11.3.rel1.win32_1.1.0.202305231506/tools/bin/../lib/gcc/arm-none-eabi/11.3.1/../../../../arm-none-eabi/lib/thumb/v7e-m+fp/hard\libc_nano.a(libc_a-printf.o)
                0x0000000008008bdc                iprintf
                0x0000000008008bdc                printf
 .text._puts_r  0x0000000008008c00       0xa8 C:/ST/STM32CubeIDE_1.13.1/STM32CubeIDE/plugins/com.st.stm32cube.ide.mcu.externaltools.gnu-tools-for-stm32.11.3.rel1.win32_1.1.0.202305231506/tools/bin/../lib/gcc/arm-none-eabi/11.3.1/../../../../arm-none-eabi/lib/thumb/v7e-m+fp/hard\libc_nano.a(libc_a-puts.o)
                0x0000000008008c00                _puts_r
 .text.puts     0x0000000008008ca8       0x10 C:/ST/STM32CubeIDE_1.13.1/STM32CubeIDE/plugins/com.st.stm32cube.ide.mcu.externaltools.gnu-tools-for-stm32.11.3.rel1.win32_1.1.0.202305231506/tools/bin/../lib/gcc/arm-none-eabi/11.3.1/../../../../arm-none-eabi/lib/thumb/v7e-m+fp/hard\libc_nano.a(libc_a-puts.o)
                0x0000000008008ca8                puts
 .text.__sread  0x0000000008008cb8       0x22 C:/ST/STM32CubeIDE_1.13.1/STM32CubeIDE/plugins/com.st.stm32cube.ide.mcu.externaltools.gnu-tools-for-stm32.11.3.rel1.win32_1.1.0.202305231506/tools/bin/../lib/gcc/arm-none-eabi/11.3.1/../../../../arm-none-eabi/lib/thumb/v7e-m+fp/hard\libc_nano.a(libc_a-stdio.o)
                0x0000000008008cb8                __sread
 .text.__swrite
                0x0000000008008cda       0x38 C:/ST/STM32CubeIDE_1.13.1/STM32CubeIDE/plugins/com.st.stm32cube.ide.mcu.externaltools.gnu-tools-for-stm32.11.3.rel1.win32_1.1.0.202305231506/tools/bin/../lib/gcc/arm-none-eabi/11.3.1/../../../../arm-none-eabi/lib/thumb/v7e-m+fp/hard\libc_nano.a(libc_a-stdio.o)
                0x0000000008008cda                __swrite
 .text.__sseek  0x0000000008008d12       0x24 C:/ST/STM32CubeIDE_1.13.1/STM32CubeIDE/plugins/com.st.stm32cube.ide.mcu.externaltools.gnu-tools-for-stm32.11.3.rel1.win32_1.1.0.202305231506/tools/bin/../lib/gcc/arm-none-eabi/11.3.1/../../../../arm-none-eabi/lib/thumb/v7e-m+fp/hard\libc_nano.a(libc_a-stdio.o)
                0x0000000008008d12                __sseek
 .text.__sclose
                0x0000000008008d36        0x8 C:/ST/STM32CubeIDE_1.13.1/STM32CubeIDE/plugins/com.st.stm32cube.ide.mcu.externaltools.gnu-tools-for-stm32.11.3.rel1.win32_1.1.0.202305231506/tools/bin/../lib/gcc/arm-none-eabi/11.3.1/../../../../arm-none-eabi/lib/thumb/v7e-m+fp/hard\libc_nano.a(libc_a-stdio.o)
                0x0000000008008d36                __sclose
 .text.__swbuf_r
                0x0000000008008d3e       0x7a C:/ST/STM32CubeIDE_1.13.1/STM32CubeIDE/plugins/com.st.stm32cube.ide.mcu.externaltools.gnu-tools-for-stm32.11.3.rel1.win32_1.1.0.202305231506/tools/bin/../lib/gcc/arm-none-eabi/11.3.1/../../../../arm-none-eabi/lib/thumb/v7e-m+fp/hard\libc_nano.a(libc_a-wbuf.o)
                0x0000000008008d3e                __swbuf_r
 .text.__swsetup_r
                0x0000000008008db8       0xb0 C:/ST/STM32CubeIDE_1.13.1/STM32CubeIDE/plugins/com.st.stm32cube.ide.mcu.externaltools.gnu-tools-for-stm32.11.3.rel1.win32_1.1.0.202305231506/tools/bin/../lib/gcc/arm-none-eabi/11.3.1/../../../../arm-none-eabi/lib/thumb/v7e-m+fp/hard\libc_nano.a(libc_a-wsetup.o)
                0x0000000008008db8                __swsetup_r
 .text.memcmp   0x0000000008008e68       0x20 C:/ST/STM32CubeIDE_1.13.1/STM32CubeIDE/plugins/com.st.stm32cube.ide.mcu.externaltools.gnu-tools-for-stm32.11.3.rel1.win32_1.1.0.202305231506/tools/bin/../lib/gcc/arm-none-eabi/11.3.1/../../../../arm-none-eabi/lib/thumb/v7e-m+fp/hard\libc_nano.a(libc_a-memcmp.o)
                0x0000000008008e68                memcmp
 .text.memset   0x0000000008008e88       0x10 C:/ST/STM32CubeIDE_1.13.1/STM32CubeIDE/plugins/com.st.stm32cube.ide.mcu.externaltools.gnu-tools-for-stm32.11.3.rel1.win32_1.1.0.202305231506/tools/bin/../lib/gcc/arm-none-eabi/11.3.1/../../../../arm-none-eabi/lib/thumb/v7e-m+fp/hard\libc_nano.a(libc_a-memset.o)
                0x0000000008008e88                memset
 .text._close_r
                0x0000000008008e98       0x20 C:/ST/STM32CubeIDE_1.13.1/STM32CubeIDE/plugins/com.st.stm32cube.ide.mcu.externaltools.gnu-tools-for-stm32.11.3.rel1.win32_1.1.0.202305231506/tools/bin/../lib/gcc/arm-none-eabi/11.3.1/../../../../arm-none-eabi/lib/thumb/v7e-m+fp/hard\libc_nano.a(libc_a-closer.o)
                0x0000000008008e98                _close_r
 .text._lseek_r
                0x0000000008008eb8       0x24 C:/ST/STM32CubeIDE_1.13.1/STM32CubeIDE/plugins/com.st.stm32cube.ide.mcu.externaltools.gnu-tools-for-stm32.11.3.rel1.win32_1.1.0.202305231506/tools/bin/../lib/gcc/arm-none-eabi/11.3.1/../../../../arm-none-eabi/lib/thumb/v7e-m+fp/hard\libc_nano.a(libc_a-lseekr.o)
                0x0000000008008eb8                _lseek_r
 .text._read_r  0x0000000008008edc       0x24 C:/ST/STM32CubeIDE_1.13.1/STM32CubeIDE/plugins/com.st.stm32cube.ide.mcu.externaltools.gnu-tools-for-stm32.11.3.rel1.win32_1.1.0.202305231506/tools/bin/../lib/gcc/arm-none-eabi/11.3.1/../../../../arm-none-eabi/lib/thumb/v7e-m+fp/hard\libc_nano.a(libc_a-readr.o)
                0x0000000008008edc                _read_r
 .text._write_r
                0x0000000008008f00       0x24 C:/ST/STM32CubeIDE_1.13.1/STM32CubeIDE/plugins/com.st.stm32cube.ide.mcu.externaltools.gnu-tools-for-stm32.11.3.rel1.win32_1.1.0.202305231506/tools/bin/../lib/gcc/arm-none-eabi/11.3.1/../../../../arm-none-eabi/lib/thumb/v7e-m+fp/hard\libc_nano.a(libc_a-writer.o)
                0x0000000008008f00                _write_r
 .text.__errno  0x0000000008008f24        0xc C:/ST/STM32CubeIDE_1.13.1/STM32CubeIDE/plugins/com.st.stm32cube.ide.mcu.externaltools.gnu-tools-for-stm32.11.3.rel1.win32_1.1.0.202305231506/tools/bin/../lib/gcc/arm-none-eabi/11.3.1/../../../../arm-none-eabi/lib/thumb/v7e-m+fp/hard\libc_nano.a(libc_a-errno.o)
                0x0000000008008f24                __errno
 .text.__libc_init_array
                0x0000000008008f30       0x48 C:/ST/STM32CubeIDE_1.13.1/STM32CubeIDE/plugins/com.st.stm32cube.ide.mcu.externaltools.gnu-tools-for-stm32.11.3.rel1.win32_1.1.0.202305231506/tools/bin/../lib/gcc/arm-none-eabi/11.3.1/../../../../arm-none-eabi/lib/thumb/v7e-m+fp/hard\libc_nano.a(libc_a-init.o)
                0x0000000008008f30                __libc_init_array
 .text.__retarget_lock_acquire_recursive
                0x0000000008008f78        0x2 C:/ST/STM32CubeIDE_1.13.1/STM32CubeIDE/plugins/com.st.stm32cube.ide.mcu.externaltools.gnu-tools-for-stm32.11.3.rel1.win32_1.1.0.202305231506/tools/bin/../lib/gcc/arm-none-eabi/11.3.1/../../../../arm-none-eabi/lib/thumb/v7e-m+fp/hard\libc_nano.a(libc_a-lock.o)
                0x0000000008008f78                __retarget_lock_acquire_recursive
 .text.__retarget_lock_release_recursive
                0x0000000008008f7a        0x2 C:/ST/STM32CubeIDE_1.13.1/STM32CubeIDE/plugins/com.st.stm32cube.ide.mcu.externaltools.gnu-tools-for-stm32.11.3.rel1.win32_1.1.0.202305231506/tools/bin/../lib/gcc/arm-none-eabi/11.3.1/../../../../arm-none-eabi/lib/thumb/v7e-m+fp/hard\libc_nano.a(libc_a-lock.o)
                0x0000000008008f7a                __retarget_lock_release_recursive
 .text.memcpy   0x0000000008008f7c       0x1c C:/ST/STM32CubeIDE_1.13.1/STM32CubeIDE/plugins/com.st.stm32cube.ide.mcu.externaltools.gnu-tools-for-stm32.11.3.rel1.win32_1.1.0.202305231506/tools/bin/../lib/gcc/arm-none-eabi/11.3.1/../../../../arm-none-eabi/lib/thumb/v7e-m+fp/hard\libc_nano.a(libc_a-memcpy-stub.o)
                0x0000000008008f7c                memcpy
 .text._free_r  0x0000000008008f98       0x98 C:/ST/STM32CubeIDE_1.13.1/STM32CubeIDE/plugins/com.st.stm32cube.ide.mcu.externaltools.gnu-tools-for-stm32.11.3.rel1.win32_1.1.0.202305231506/tools/bin/../lib/gcc/arm-none-eabi/11.3.1/../../../../arm-none-eabi/lib/thumb/v7e-m+fp/hard\libc_nano.a(libc_a-freer.o)
                0x0000000008008f98                _free_r
 .text.sbrk_aligned
                0x0000000008009030       0x40 C:/ST/STM32CubeIDE_1.13.1/STM32CubeIDE/plugins/com.st.stm32cube.ide.mcu.externaltools.gnu-tools-for-stm32.11.3.rel1.win32_1.1.0.202305231506/tools/bin/../lib/gcc/arm-none-eabi/11.3.1/../../../../arm-none-eabi/lib/thumb/v7e-m+fp/hard\libc_nano.a(libc_a-mallocr.o)
 .text._malloc_r
                0x0000000008009070      0x100 C:/ST/STM32CubeIDE_1.13.1/STM32CubeIDE/plugins/com.st.stm32cube.ide.mcu.externaltools.gnu-tools-for-stm32.11.3.rel1.win32_1.1.0.202305231506/tools/bin/../lib/gcc/arm-none-eabi/11.3.1/../../../../arm-none-eabi/lib/thumb/v7e-m+fp/hard\libc_nano.a(libc_a-mallocr.o)
                0x0000000008009070                _malloc_r
 .text.__malloc_lock
                0x0000000008009170        0xc C:/ST/STM32CubeIDE_1.13.1/STM32CubeIDE/plugins/com.st.stm32cube.ide.mcu.externaltools.gnu-tools-for-stm32.11.3.rel1.win32_1.1.0.202305231506/tools/bin/../lib/gcc/arm-none-eabi/11.3.1/../../../../arm-none-eabi/lib/thumb/v7e-m+fp/hard\libc_nano.a(libc_a-mlock.o)
                0x0000000008009170                __malloc_lock
 .text.__malloc_unlock
                0x000000000800917c        0xc C:/ST/STM32CubeIDE_1.13.1/STM32CubeIDE/plugins/com.st.stm32cube.ide.mcu.externaltools.gnu-tools-for-stm32.11.3.rel1.win32_1.1.0.202305231506/tools/bin/../lib/gcc/arm-none-eabi/11.3.1/../../../../arm-none-eabi/lib/thumb/v7e-m+fp/hard\libc_nano.a(libc_a-mlock.o)
                0x000000000800917c                __malloc_unlock
 .text.__sfputc_r
                0x0000000008009188       0x2e C:/ST/STM32CubeIDE_1.13.1/STM32CubeIDE/plugins/com.st.stm32cube.ide.mcu.externaltools.gnu-tools-for-stm32.11.3.rel1.win32_1.1.0.202305231506/tools/bin/../lib/gcc/arm-none-eabi/11.3.1/../../../../arm-none-eabi/lib/thumb/v7e-m+fp/hard\libc_nano.a(libc_a-nano-vfprintf.o)
 .text.__sfputs_r
                0x00000000080091b6       0x24 C:/ST/STM32CubeIDE_1.13.1/STM32CubeIDE/plugins/com.st.stm32cube.ide.mcu.externaltools.gnu-tools-for-stm32.11.3.rel1.win32_1.1.0.202305231506/tools/bin/../lib/gcc/arm-none-eabi/11.3.1/../../../../arm-none-eabi/lib/thumb/v7e-m+fp/hard\libc_nano.a(libc_a-nano-vfprintf.o)
                0x00000000080091b6                __sfputs_r
 *fill*         0x00000000080091da        0x2 
 .text._vfprintf_r
                0x00000000080091dc      0x234 C:/ST/STM32CubeIDE_1.13.1/STM32CubeIDE/plugins/com.st.stm32cube.ide.mcu.externaltools.gnu-tools-for-stm32.11.3.rel1.win32_1.1.0.202305231506/tools/bin/../lib/gcc/arm-none-eabi/11.3.1/../../../../arm-none-eabi/lib/thumb/v7e-m+fp/hard\libc_nano.a(libc_a-nano-vfprintf.o)
                0x00000000080091dc                _vfprintf_r
                0x00000000080091dc                _vfiprintf_r
 .text._printf_common
                0x0000000008009410       0xda C:/ST/STM32CubeIDE_1.13.1/STM32CubeIDE/plugins/com.st.stm32cube.ide.mcu.externaltools.gnu-tools-for-stm32.11.3.rel1.win32_1.1.0.202305231506/tools/bin/../lib/gcc/arm-none-eabi/11.3.1/../../../../arm-none-eabi/lib/thumb/v7e-m+fp/hard\libc_nano.a(libc_a-nano-vfprintf_i.o)
                0x0000000008009410                _printf_common
 *fill*         0x00000000080094ea        0x2 
 .text._printf_i
                0x00000000080094ec      0x244 C:/ST/STM32CubeIDE_1.13.1/STM32CubeIDE/plugins/com.st.stm32cube.ide.mcu.externaltools.gnu-tools-for-stm32.11.3.rel1.win32_1.1.0.202305231506/tools/bin/../lib/gcc/arm-none-eabi/11.3.1/../../../../arm-none-eabi/lib/thumb/v7e-m+fp/hard\libc_nano.a(libc_a-nano-vfprintf_i.o)
                0x00000000080094ec                _printf_i
 .text.__swhatbuf_r
                0x0000000008009730       0x4c C:/ST/STM32CubeIDE_1.13.1/STM32CubeIDE/plugins/com.st.stm32cube.ide.mcu.externaltools.gnu-tools-for-stm32.11.3.rel1.win32_1.1.0.202305231506/tools/bin/../lib/gcc/arm-none-eabi/11.3.1/../../../../arm-none-eabi/lib/thumb/v7e-m+fp/hard\libc_nano.a(libc_a-makebuf.o)
                0x0000000008009730                __swhatbuf_r
 .text.__smakebuf_r
                0x000000000800977c       0x78 C:/ST/STM32CubeIDE_1.13.1/STM32CubeIDE/plugins/com.st.stm32cube.ide.mcu.externaltools.gnu-tools-for-stm32.11.3.rel1.win32_1.1.0.202305231506/tools/bin/../lib/gcc/arm-none-eabi/11.3.1/../../../../arm-none-eabi/lib/thumb/v7e-m+fp/hard\libc_nano.a(libc_a-makebuf.o)
                0x000000000800977c                __smakebuf_r
 .text._fstat_r
                0x00000000080097f4       0x24 C:/ST/STM32CubeIDE_1.13.1/STM32CubeIDE/plugins/com.st.stm32cube.ide.mcu.externaltools.gnu-tools-for-stm32.11.3.rel1.win32_1.1.0.202305231506/tools/bin/../lib/gcc/arm-none-eabi/11.3.1/../../../../arm-none-eabi/lib/thumb/v7e-m+fp/hard\libc_nano.a(libc_a-fstatr.o)
                0x00000000080097f4                _fstat_r
 .text._isatty_r
                0x0000000008009818       0x20 C:/ST/STM32CubeIDE_1.13.1/STM32CubeIDE/plugins/com.st.stm32cube.ide.mcu.externaltools.gnu-tools-for-stm32.11.3.rel1.win32_1.1.0.202305231506/tools/bin/../lib/gcc/arm-none-eabi/11.3.1/../../../../arm-none-eabi/lib/thumb/v7e-m+fp/hard\libc_nano.a(libc_a-isattyr.o)
                0x0000000008009818                _isatty_r
 .text._sbrk_r  0x0000000008009838       0x20 C:/ST/STM32CubeIDE_1.13.1/STM32CubeIDE/plugins/com.st.stm32cube.ide.mcu.externaltools.gnu-tools-for-stm32.11.3.rel1.win32_1.1.0.202305231506/tools/bin/../lib/gcc/arm-none-eabi/11.3.1/../../../../arm-none-eabi/lib/thumb/v7e-m+fp/hard\libc_nano.a(libc_a-sbrkr.o)
                0x0000000008009838                _sbrk_r
 *(.glue_7)
 .glue_7        0x0000000008009858        0x0 linker stubs
 *(.glue_7t)
 .glue_7t       0x0000000008009858        0x0 linker stubs
 *(.eh_frame)
 .eh_frame      0x0000000008009858        0x0 C:/ST/STM32CubeIDE_1.13.1/STM32CubeIDE/plugins/com.st.stm32cube.ide.mcu.externaltools.gnu-tools-for-stm32.11.3.rel1.win32_1.1.0.202305231506/tools/bin/../lib/gcc/arm-none-eabi/11.3.1/thumb/v7e-m+fp/hard/crtbegin.o
 *(.init)
 .init          0x0000000008009858        0x4 C:/ST/STM32CubeIDE_1.13.1/STM32CubeIDE/plugins/com.st.stm32cube.ide.mcu.externaltools.gnu-tools-for-stm32.11.3.rel1.win32_1.1.0.202305231506/tools/bin/../lib/gcc/arm-none-eabi/11.3.1/thumb/v7e-m+fp/hard/crti.o
                0x0000000008009858                _init
 .init          0x000000000800985c        0x8 C:/ST/STM32CubeIDE_1.13.1/STM32CubeIDE/plugins/com.st.stm32cube.ide.mcu.externaltools.gnu-tools-for-stm32.11.3.rel1.win32_1.1.0.202305231506/tools/bin/../lib/gcc/arm-none-eabi/11.3.1/thumb/v7e-m+fp/hard/crtn.o
 *(.fini)
 .fini          0x0000000008009864        0x4 C:/ST/STM32CubeIDE_1.13.1/STM32CubeIDE/plugins/com.st.stm32cube.ide.mcu.externaltools.gnu-tools-for-stm32.11.3.rel1.win32_1.1.0.202305231506/tools/bin/../lib/gcc/arm-none-eabi/11.3.1/thumb/v7e-m+fp/hard/crti.o
                0x0000000008009864                _fini
 .fini          0x0000000008009868        0x8 C:/ST/STM32CubeIDE_1.13.1/STM32CubeIDE/plugins/com.st.stm32cube.ide.mcu.externaltools.gnu-tools-for-stm32.11.3.rel1.win32_1.1.0.202305231506/tools/bin/../lib/gcc/arm-none-eabi/11.3.1/thumb/v7e-m+fp/hard/crtn.o
                0x0000000008009870                . = ALIGN (0x4)
                0x0000000008009870                _etext = .

.vfp11_veneer   0x0000000008009870        0x0
 .vfp11_veneer  0x0000000008009870        0x0 linker stubs

.v4_bx          0x0000000008009870        0x0
 .v4_bx         0x0000000008009870        0x0 linker stubs

.iplt           0x0000000008009870        0x0
 .iplt          0x0000000008009870        0x0 C:/ST/STM32CubeIDE_1.13.1/STM32CubeIDE/plugins/com.st.stm32cube.ide.mcu.externaltools.gnu-tools-for-stm32.11.3.rel1.win32_1.1.0.202305231506/tools/bin/../lib/gcc/arm-none-eabi/11.3.1/thumb/v7e-m+fp/hard/crtbegin.o

.rodata         0x0000000008009870      0x904
                0x0000000008009870                . = ALIGN (0x4)
 *(.rodata)
 .rodata        0x0000000008009870      0x5cc ./Application/User/app_bluenrg_2.o
 .rodata        0x0000000008009e3c       0x98 ./Application/User/gatt_db.o
 .rodata        0x0000000008009ed4        0xd ./Application/User/hci_tl_interface.o
 *(.rodata*)
 *fill*         0x0000000008009ee1        0x3 
 .rodata.BLUENRG2__cau8RemoteTxCharUUID
                0x0000000008009ee4       0x10 ./Application/User/app_bluenrg_2.o
 .rodata.BLUENRG2__cau8RemoteRxCharUUID
                0x0000000008009ef4       0x10 ./Application/User/app_bluenrg_2.o
 .rodata.LedGpioInit.4
                0x0000000008009f04        0x4 ./Application/User/stm32l4xx_nucleo.o
 .rodata.ButtonGpioInit.3
                0x0000000008009f08        0x4 ./Application/User/stm32l4xx_nucleo.o
 .rodata.BUTTON_EXTI_LINE.2
                0x0000000008009f0c        0x4 ./Application/User/stm32l4xx_nucleo.o
 .rodata.ButtonCallback.1
                0x0000000008009f10        0x4 ./Application/User/stm32l4xx_nucleo.o
 .rodata.BSP_BUTTON_PRIO.0
                0x0000000008009f14        0x4 ./Application/User/stm32l4xx_nucleo.o
 .rodata.AHBPrescTable
                0x0000000008009f18       0x10 ./Drivers/CMSIS/system_stm32l4xx.o
                0x0000000008009f18                AHBPrescTable
 .rodata.APBPrescTable
                0x0000000008009f28        0x8 ./Drivers/CMSIS/system_stm32l4xx.o
                0x0000000008009f28                APBPrescTable
 .rodata.MSIRangeTable
                0x0000000008009f30       0x30 ./Drivers/CMSIS/system_stm32l4xx.o
                0x0000000008009f30                MSIRangeTable
 .rodata.hci_events_table
                0x0000000008009f60       0x38 ./Middlewares/BlueNRG-2/Wireless/BlueNRG-2/HCI_TL/Basic/bluenrg1_events.o
                0x0000000008009f60                hci_events_table
 .rodata.hci_le_meta_events_table
                0x0000000008009f98       0x50 ./Middlewares/BlueNRG-2/Wireless/BlueNRG-2/HCI_TL/Basic/bluenrg1_events.o
                0x0000000008009f98                hci_le_meta_events_table
 .rodata.hci_vendor_specific_events_table
                0x0000000008009fe8      0x158 ./Middlewares/BlueNRG-2/Wireless/BlueNRG-2/HCI_TL/Basic/bluenrg1_events.o
                0x0000000008009fe8                hci_vendor_specific_events_table
 .rodata._vfprintf_r.str1.1
                0x000000000800a140       0x11 C:/ST/STM32CubeIDE_1.13.1/STM32CubeIDE/plugins/com.st.stm32cube.ide.mcu.externaltools.gnu-tools-for-stm32.11.3.rel1.win32_1.1.0.202305231506/tools/bin/../lib/gcc/arm-none-eabi/11.3.1/../../../../arm-none-eabi/lib/thumb/v7e-m+fp/hard\libc_nano.a(libc_a-nano-vfprintf.o)
 .rodata._printf_i.str1.1
                0x000000000800a151       0x22 C:/ST/STM32CubeIDE_1.13.1/STM32CubeIDE/plugins/com.st.stm32cube.ide.mcu.externaltools.gnu-tools-for-stm32.11.3.rel1.win32_1.1.0.202305231506/tools/bin/../lib/gcc/arm-none-eabi/11.3.1/../../../../arm-none-eabi/lib/thumb/v7e-m+fp/hard\libc_nano.a(libc_a-nano-vfprintf_i.o)
                0x000000000800a174                . = ALIGN (0x4)
 *fill*         0x000000000800a173        0x1 

.ARM.extab      0x000000000800a174        0x0
                0x000000000800a174                . = ALIGN (0x4)
 *(.ARM.extab* .gnu.linkonce.armextab.*)
                0x000000000800a174                . = ALIGN (0x4)

.ARM            0x000000000800a174        0x8
                0x000000000800a174                . = ALIGN (0x4)
                0x000000000800a174                __exidx_start = .
 *(.ARM.exidx*)