C:/Users/Jingchen Fan/Desktop/en.x-cube-ble2/Projects/NUCLEO-L476RG/Applications/CentralApp/Src/app_bluenrg_2.c:122:6:MX_BlueNRG_2_Init	16	static
C:/Users/Jingchen Fan/Desktop/en.x-cube-ble2/Projects/NUCLEO-L476RG/Applications/CentralApp/Src/app_bluenrg_2.c:147:6:MX_BlueNRG_2_Process	8	static
C:/Users/Jingchen Fan/Desktop/en.x-cube-ble2/Projects/NUCLEO-L476RG/Applications/CentralApp/Src/app_bluenrg_2.c:161:13:sendData	48	static
C:/Users/Jingchen Fan/Desktop/en.x-cube-ble2/Projects/NUCLEO-L476RG/Applications/CentralApp/Src/app_bluenrg_2.c:198:13:receiveData	16	static
C:/Users/Jingchen Fan/Desktop/en.x-cube-ble2/Projects/NUCLEO-L476RG/Applications/CentralApp/Src/app_bluenrg_2.c:222:13:Reset_DiscoveryContext	16	static
C:/Users/Jingchen Fan/Desktop/en.x-cube-ble2/Projects/NUCLEO-L476RG/Applications/CentralApp/Src/app_bluenrg_2.c:250:13:Setup_DeviceAddress	32	static
C:/Users/Jingchen Fan/Desktop/en.x-cube-ble2/Projects/NUCLEO-L476RG/Applications/CentralApp/Src/app_bluenrg_2.c:299:16:Find_DeviceName	24	static
C:/Users/Jingchen Fan/Desktop/en.x-cube-ble2/Projects/NUCLEO-L476RG/Applications/CentralApp/Src/app_bluenrg_2.c:339:13:Attribute_Modified_CB	16	static
C:/Users/Jingchen Fan/Desktop/en.x-cube-ble2/Projects/NUCLEO-L476RG/Applications/CentralApp/Src/app_bluenrg_2.c:360:16:CentralAppInit	24	static
C:/Users/Jingchen Fan/Desktop/en.x-cube-ble2/Projects/NUCLEO-L476RG/Applications/CentralApp/Src/app_bluenrg_2.c:416:13:User_Init	8	static
C:/Users/Jingchen Fan/Desktop/en.x-cube-ble2/Projects/NUCLEO-L476RG/Applications/CentralApp/Src/app_bluenrg_2.c:430:13:Connection_StateMachine	48	static
C:/Users/Jingchen Fan/Desktop/en.x-cube-ble2/Projects/NUCLEO-L476RG/Applications/CentralApp/Src/app_bluenrg_2.c:590:13:APP__vUpdateDetectRange	48	static
C:/Users/Jingchen Fan/Desktop/en.x-cube-ble2/Projects/NUCLEO-L476RG/Applications/CentralApp/Src/app_bluenrg_2.c:625:13:APP__vLEDHanlder	16	static
C:/Users/Jingchen Fan/Desktop/en.x-cube-ble2/Projects/NUCLEO-L476RG/Applications/CentralApp/Src/app_bluenrg_2.c:691:13:User_Process	72	static
C:/Users/Jingchen Fan/Desktop/en.x-cube-ble2/Projects/NUCLEO-L476RG/Applications/CentralApp/Src/app_bluenrg_2.c:796:6:aci_gap_proc_complete_event	16	static
C:/Users/Jingchen Fan/Desktop/en.x-cube-ble2/Projects/NUCLEO-L476RG/Applications/CentralApp/Src/app_bluenrg_2.c:832:6:hci_le_connection_complete_event	32	static
C:/Users/Jingchen Fan/Desktop/en.x-cube-ble2/Projects/NUCLEO-L476RG/Applications/CentralApp/Src/app_bluenrg_2.c:873:6:hci_disconnection_complete_event	16	static
C:/Users/Jingchen Fan/Desktop/en.x-cube-ble2/Projects/NUCLEO-L476RG/Applications/CentralApp/Src/app_bluenrg_2.c:903:6:hci_le_advertising_report_event	32	static
C:/Users/Jingchen Fan/Desktop/en.x-cube-ble2/Projects/NUCLEO-L476RG/Applications/CentralApp/Src/app_bluenrg_2.c:949:6:aci_gatt_attribute_modified_event	24	static
C:/Users/Jingchen Fan/Desktop/en.x-cube-ble2/Projects/NUCLEO-L476RG/Applications/CentralApp/Src/app_bluenrg_2.c:965:6:aci_gatt_notification_event	24	static
C:/Users/Jingchen Fan/Desktop/en.x-cube-ble2/Projects/NUCLEO-L476RG/Applications/CentralApp/Src/app_bluenrg_2.c:983:6:aci_gatt_disc_read_char_by_uuid_resp_event	24	static
C:/Users/Jingchen Fan/Desktop/en.x-cube-ble2/Projects/NUCLEO-L476RG/Applications/CentralApp/Src/app_bluenrg_2.c:1019:6:aci_gatt_proc_complete_event	16	static
C:/Users/Jingchen Fan/Desktop/en.x-cube-ble2/Projects/NUCLEO-L476RG/Applications/CentralApp/Src/app_bluenrg_2.c:1042:6:aci_gatt_tx_pool_available_event	16	static
C:/Users/Jingchen Fan/Desktop/en.x-cube-ble2/Projects/NUCLEO-L476RG/Applications/CentralApp/Src/app_bluenrg_2.c:1055:6:aci_att_exchange_mtu_resp_event	16	static
