C:/Users/jingchen.fan/demo/Bluetooth_demo/Projects/NUCLEO-L476RG/Applications/CentralApp/Src/app_bluenrg_2.c:178:13:sendData	24	static
C:/Users/jingchen.fan/demo/Bluetooth_demo/Projects/NUCLEO-L476RG/Applications/CentralApp/Src/app_bluenrg_2.c:227:6:BLUENRG2_vInit	8	static
C:/Users/jingchen.fan/demo/Bluetooth_demo/Projects/NUCLEO-L476RG/Applications/CentralApp/Src/app_bluenrg_2.c:256:6:BLUENRG2_vProcess	8	static
C:/Users/jingchen.fan/demo/Bluetooth_demo/Projects/NUCLEO-L476RG/Applications/CentralApp/Src/app_bluenrg_2.c:279:13:BLUENRG2__vUserInit	8	static
C:/Users/jingchen.fan/demo/Bluetooth_demo/Projects/NUCLEO-L476RG/Applications/CentralApp/Src/app_bluenrg_2.c:294:16:BLUENRG2__u8CentralAppInit	80	static
C:/Users/jingchen.fan/demo/Bluetooth_demo/Projects/NUCLEO-L476RG/Applications/CentralApp/Src/app_bluenrg_2.c:395:13:BLUENRG2__vUserProcess	48	static
C:/Users/jingchen.fan/demo/Bluetooth_demo/Projects/NUCLEO-L476RG/Applications/CentralApp/Src/app_bluenrg_2.c:583:13:BLUENRG2__vReceiveData	16	static
C:/Users/jingchen.fan/demo/Bluetooth_demo/Projects/NUCLEO-L476RG/Applications/CentralApp/Src/app_bluenrg_2.c:607:13:BLUENRG2__vStartScan	16	static
C:/Users/jingchen.fan/demo/Bluetooth_demo/Projects/NUCLEO-L476RG/Applications/CentralApp/Src/app_bluenrg_2.c:633:13:BLUENRG2__vStopScan	16	static
C:/Users/jingchen.fan/demo/Bluetooth_demo/Projects/NUCLEO-L476RG/Applications/CentralApp/Src/app_bluenrg_2.c:659:13:BLUENRG2__vStartConnect	48	static
C:/Users/jingchen.fan/demo/Bluetooth_demo/Projects/NUCLEO-L476RG/Applications/CentralApp/Src/app_bluenrg_2.c:682:13:BLUENRG2__vResetConnectionContext	24	static
C:/Users/jingchen.fan/demo/Bluetooth_demo/Projects/NUCLEO-L476RG/Applications/CentralApp/Src/app_bluenrg_2.c:723:16:BLUENRG2__u8PrintBLEFwInfo	96	static
C:/Users/jingchen.fan/demo/Bluetooth_demo/Projects/NUCLEO-L476RG/Applications/CentralApp/Src/app_bluenrg_2.c:764:13:BLUENRG2__bFindDeviceName	32	static
C:/Users/jingchen.fan/demo/Bluetooth_demo/Projects/NUCLEO-L476RG/Applications/CentralApp/Src/app_bluenrg_2.c:806:13:BLUENRG2__vAttributeModifiedCB	16	static
C:/Users/jingchen.fan/demo/Bluetooth_demo/Projects/NUCLEO-L476RG/Applications/CentralApp/Src/app_bluenrg_2.c:845:13:BLUENRG2__vUpdateLockStatus	24	static
C:/Users/jingchen.fan/demo/Bluetooth_demo/Projects/NUCLEO-L476RG/Applications/CentralApp/Src/app_bluenrg_2.c:892:15:BLUENRG2__i8GetProcessedRSSI	32	static
C:/Users/jingchen.fan/demo/Bluetooth_demo/Projects/NUCLEO-L476RG/Applications/CentralApp/Src/app_bluenrg_2.c:937:13:BLUENRG2__bIsProcessedRSSIValid	4	static
C:/Users/jingchen.fan/demo/Bluetooth_demo/Projects/NUCLEO-L476RG/Applications/CentralApp/Src/app_bluenrg_2.c:950:6:hci_le_connection_complete_event	32	static
C:/Users/jingchen.fan/demo/Bluetooth_demo/Projects/NUCLEO-L476RG/Applications/CentralApp/Src/app_bluenrg_2.c:985:6:hci_disconnection_complete_event	16	static
C:/Users/jingchen.fan/demo/Bluetooth_demo/Projects/NUCLEO-L476RG/Applications/CentralApp/Src/app_bluenrg_2.c:996:6:hci_le_advertising_report_event	24	static
C:/Users/jingchen.fan/demo/Bluetooth_demo/Projects/NUCLEO-L476RG/Applications/CentralApp/Src/app_bluenrg_2.c:1025:6:aci_gap_proc_complete_event	16	static
C:/Users/jingchen.fan/demo/Bluetooth_demo/Projects/NUCLEO-L476RG/Applications/CentralApp/Src/app_bluenrg_2.c:1048:6:aci_gatt_attribute_modified_event	24	static
C:/Users/jingchen.fan/demo/Bluetooth_demo/Projects/NUCLEO-L476RG/Applications/CentralApp/Src/app_bluenrg_2.c:1062:6:aci_gatt_notification_event	24	static
C:/Users/jingchen.fan/demo/Bluetooth_demo/Projects/NUCLEO-L476RG/Applications/CentralApp/Src/app_bluenrg_2.c:1077:6:aci_gatt_disc_read_char_by_uuid_resp_event	24	static
C:/Users/jingchen.fan/demo/Bluetooth_demo/Projects/NUCLEO-L476RG/Applications/CentralApp/Src/app_bluenrg_2.c:1105:6:aci_gatt_proc_complete_event	16	static
C:/Users/jingchen.fan/demo/Bluetooth_demo/Projects/NUCLEO-L476RG/Applications/CentralApp/Src/app_bluenrg_2.c:1127:6:aci_gatt_tx_pool_available_event	16	static
C:/Users/jingchen.fan/demo/Bluetooth_demo/Projects/NUCLEO-L476RG/Applications/CentralApp/Src/app_bluenrg_2.c:1136:6:aci_att_exchange_mtu_resp_event	16	static
C:/Users/jingchen.fan/demo/Bluetooth_demo/Projects/NUCLEO-L476RG/Applications/CentralApp/Src/app_bluenrg_2.c:1168:6:aci_gap_pairing_complete_event	16	static
C:/Users/jingchen.fan/demo/Bluetooth_demo/Projects/NUCLEO-L476RG/Applications/CentralApp/Src/app_bluenrg_2.c:1181:6:hci_encryption_change_event	16	static
