C:/Users/jingchen.fan/demo/Bluetooth_demo/Projects/NUCLEO-L476RG/Applications/CentralApp/Src/app_bluenrg_2.c:175:13:sendData	24	static
C:/Users/jingchen.fan/demo/Bluetooth_demo/Projects/NUCLEO-L476RG/Applications/CentralApp/Src/app_bluenrg_2.c:224:6:BLUENRG2_vInit	8	static
C:/Users/jingchen.fan/demo/Bluetooth_demo/Projects/NUCLEO-L476RG/Applications/CentralApp/Src/app_bluenrg_2.c:253:6:BLUENRG2_vProcess	8	static
C:/Users/jingchen.fan/demo/Bluetooth_demo/Projects/NUCLEO-L476RG/Applications/CentralApp/Src/app_bluenrg_2.c:276:13:BLUENRG2__vUserInit	8	static
C:/Users/jingchen.fan/demo/Bluetooth_demo/Projects/NUCLEO-L476RG/Applications/CentralApp/Src/app_bluenrg_2.c:291:16:BLUENRG2__u8CentralAppInit	80	static
C:/Users/jingchen.fan/demo/Bluetooth_demo/Projects/NUCLEO-L476RG/Applications/CentralApp/Src/app_bluenrg_2.c:394:13:BLUENRG2__vUserProcess	56	static
C:/Users/jingchen.fan/demo/Bluetooth_demo/Projects/NUCLEO-L476RG/Applications/CentralApp/Src/app_bluenrg_2.c:583:13:BLUENRG2__vReceiveData	24	static
C:/Users/jingchen.fan/demo/Bluetooth_demo/Projects/NUCLEO-L476RG/Applications/CentralApp/Src/app_bluenrg_2.c:616:13:BLUENRG2__vStartScan	16	static
C:/Users/jingchen.fan/demo/Bluetooth_demo/Projects/NUCLEO-L476RG/Applications/CentralApp/Src/app_bluenrg_2.c:642:13:BLUENRG2__vStopScan	16	static
C:/Users/jingchen.fan/demo/Bluetooth_demo/Projects/NUCLEO-L476RG/Applications/CentralApp/Src/app_bluenrg_2.c:668:13:BLUENRG2__vStartConnect	48	static
C:/Users/jingchen.fan/demo/Bluetooth_demo/Projects/NUCLEO-L476RG/Applications/CentralApp/Src/app_bluenrg_2.c:691:13:BLUENRG2__vResetConnectionContext	24	static
C:/Users/jingchen.fan/demo/Bluetooth_demo/Projects/NUCLEO-L476RG/Applications/CentralApp/Src/app_bluenrg_2.c:729:16:BLUENRG2__u8PrintBLEFwInfo	96	static
C:/Users/jingchen.fan/demo/Bluetooth_demo/Projects/NUCLEO-L476RG/Applications/CentralApp/Src/app_bluenrg_2.c:770:13:BLUENRG2__bFindDeviceName	32	static
C:/Users/jingchen.fan/demo/Bluetooth_demo/Projects/NUCLEO-L476RG/Applications/CentralApp/Src/app_bluenrg_2.c:812:13:BLUENRG2__vAttributeModifiedCB	16	static
C:/Users/jingchen.fan/demo/Bluetooth_demo/Projects/NUCLEO-L476RG/Applications/CentralApp/Src/app_bluenrg_2.c:837:13:BLUENRG2__vUpdateLockStatus	24	static
C:/Users/jingchen.fan/demo/Bluetooth_demo/Projects/NUCLEO-L476RG/Applications/CentralApp/Src/app_bluenrg_2.c:884:15:BLUENRG2__i8GetProcessedRSSI	32	static
C:/Users/jingchen.fan/demo/Bluetooth_demo/Projects/NUCLEO-L476RG/Applications/CentralApp/Src/app_bluenrg_2.c:929:13:BLUENRG2__bIsProcessedRSSIValid	4	static
C:/Users/jingchen.fan/demo/Bluetooth_demo/Projects/NUCLEO-L476RG/Applications/CentralApp/Src/app_bluenrg_2.c:942:6:hci_le_connection_complete_event	32	static
C:/Users/jingchen.fan/demo/Bluetooth_demo/Projects/NUCLEO-L476RG/Applications/CentralApp/Src/app_bluenrg_2.c:977:6:hci_disconnection_complete_event	16	static
C:/Users/jingchen.fan/demo/Bluetooth_demo/Projects/NUCLEO-L476RG/Applications/CentralApp/Src/app_bluenrg_2.c:988:6:hci_le_advertising_report_event	24	static
C:/Users/jingchen.fan/demo/Bluetooth_demo/Projects/NUCLEO-L476RG/Applications/CentralApp/Src/app_bluenrg_2.c:1017:6:aci_gap_proc_complete_event	16	static
C:/Users/jingchen.fan/demo/Bluetooth_demo/Projects/NUCLEO-L476RG/Applications/CentralApp/Src/app_bluenrg_2.c:1040:6:aci_gatt_attribute_modified_event	24	static
C:/Users/jingchen.fan/demo/Bluetooth_demo/Projects/NUCLEO-L476RG/Applications/CentralApp/Src/app_bluenrg_2.c:1054:6:aci_gatt_notification_event	24	static
C:/Users/jingchen.fan/demo/Bluetooth_demo/Projects/NUCLEO-L476RG/Applications/CentralApp/Src/app_bluenrg_2.c:1069:6:aci_gatt_disc_read_char_by_uuid_resp_event	24	static
C:/Users/jingchen.fan/demo/Bluetooth_demo/Projects/NUCLEO-L476RG/Applications/CentralApp/Src/app_bluenrg_2.c:1097:6:aci_gatt_proc_complete_event	16	static
C:/Users/jingchen.fan/demo/Bluetooth_demo/Projects/NUCLEO-L476RG/Applications/CentralApp/Src/app_bluenrg_2.c:1119:6:aci_gatt_tx_pool_available_event	16	static
C:/Users/jingchen.fan/demo/Bluetooth_demo/Projects/NUCLEO-L476RG/Applications/CentralApp/Src/app_bluenrg_2.c:1128:6:aci_att_exchange_mtu_resp_event	16	static
