C:/Users/jingchen.fan/demo/Bluetooth_demo/Projects/NUCLEO-L476RG/Applications/CentralApp/Src/app_bluenrg_2.c:175:13:BLUENRG2__vSendData	24	static
C:/Users/jingchen.fan/demo/Bluetooth_demo/Projects/NUCLEO-L476RG/Applications/CentralApp/Src/app_bluenrg_2.c:210:6:BLUENRG2_vInit	8	static
C:/Users/jingchen.fan/demo/Bluetooth_demo/Projects/NUCLEO-L476RG/Applications/CentralApp/Src/app_bluenrg_2.c:239:6:BLUENRG2_vProcess	8	static
C:/Users/jingchen.fan/demo/Bluetooth_demo/Projects/NUCLEO-L476RG/Applications/CentralApp/Src/app_bluenrg_2.c:262:13:BLUENRG2__vUserInit	8	static
C:/Users/jingchen.fan/demo/Bluetooth_demo/Projects/NUCLEO-L476RG/Applications/CentralApp/Src/app_bluenrg_2.c:277:16:BLUENRG2__u8CentralAppInit	80	static
C:/Users/jingchen.fan/demo/Bluetooth_demo/Projects/NUCLEO-L476RG/Applications/CentralApp/Src/app_bluenrg_2.c:380:13:BLUENRG2__vUserProcess	56	static
C:/Users/jingchen.fan/demo/Bluetooth_demo/Projects/NUCLEO-L476RG/Applications/CentralApp/Src/app_bluenrg_2.c:547:13:BLUENRG2__vReceiveData	24	static
C:/Users/jingchen.fan/demo/Bluetooth_demo/Projects/NUCLEO-L476RG/Applications/CentralApp/Src/app_bluenrg_2.c:585:13:BLUENRG2__vStartScan	16	static
C:/Users/jingchen.fan/demo/Bluetooth_demo/Projects/NUCLEO-L476RG/Applications/CentralApp/Src/app_bluenrg_2.c:611:13:BLUENRG2__vStopScan	16	static
C:/Users/jingchen.fan/demo/Bluetooth_demo/Projects/NUCLEO-L476RG/Applications/CentralApp/Src/app_bluenrg_2.c:637:13:BLUENRG2__vStartConnect	48	static
C:/Users/jingchen.fan/demo/Bluetooth_demo/Projects/NUCLEO-L476RG/Applications/CentralApp/Src/app_bluenrg_2.c:660:13:BLUENRG2__vResetConnectionContext	24	static
C:/Users/jingchen.fan/demo/Bluetooth_demo/Projects/NUCLEO-L476RG/Applications/CentralApp/Src/app_bluenrg_2.c:700:16:BLUENRG2__u8PrintBLEFwInfo	96	static
C:/Users/jingchen.fan/demo/Bluetooth_demo/Projects/NUCLEO-L476RG/Applications/CentralApp/Src/app_bluenrg_2.c:741:13:BLUENRG2__bFindDeviceName	32	static
C:/Users/jingchen.fan/demo/Bluetooth_demo/Projects/NUCLEO-L476RG/Applications/CentralApp/Src/app_bluenrg_2.c:783:13:BLUENRG2__vAttributeModifiedCB	16	static
C:/Users/jingchen.fan/demo/Bluetooth_demo/Projects/NUCLEO-L476RG/Applications/CentralApp/Src/app_bluenrg_2.c:808:13:BLUENRG2__vUpdateLockStatus	24	static
C:/Users/jingchen.fan/demo/Bluetooth_demo/Projects/NUCLEO-L476RG/Applications/CentralApp/Src/app_bluenrg_2.c:857:15:BLUENRG2__i8GetProcessedRSSI	32	static
C:/Users/jingchen.fan/demo/Bluetooth_demo/Projects/NUCLEO-L476RG/Applications/CentralApp/Src/app_bluenrg_2.c:902:13:BLUENRG2__bIsProcessedRSSIValid	4	static
C:/Users/jingchen.fan/demo/Bluetooth_demo/Projects/NUCLEO-L476RG/Applications/CentralApp/Src/app_bluenrg_2.c:915:6:hci_le_connection_complete_event	32	static
C:/Users/jingchen.fan/demo/Bluetooth_demo/Projects/NUCLEO-L476RG/Applications/CentralApp/Src/app_bluenrg_2.c:952:6:hci_disconnection_complete_event	16	static
C:/Users/jingchen.fan/demo/Bluetooth_demo/Projects/NUCLEO-L476RG/Applications/CentralApp/Src/app_bluenrg_2.c:963:6:hci_le_advertising_report_event	24	static
C:/Users/jingchen.fan/demo/Bluetooth_demo/Projects/NUCLEO-L476RG/Applications/CentralApp/Src/app_bluenrg_2.c:992:6:aci_gap_proc_complete_event	16	static
C:/Users/jingchen.fan/demo/Bluetooth_demo/Projects/NUCLEO-L476RG/Applications/CentralApp/Src/app_bluenrg_2.c:1015:6:aci_gatt_attribute_modified_event	24	static
C:/Users/jingchen.fan/demo/Bluetooth_demo/Projects/NUCLEO-L476RG/Applications/CentralApp/Src/app_bluenrg_2.c:1029:6:aci_gatt_notification_event	24	static
C:/Users/jingchen.fan/demo/Bluetooth_demo/Projects/NUCLEO-L476RG/Applications/CentralApp/Src/app_bluenrg_2.c:1044:6:aci_gatt_disc_read_char_by_uuid_resp_event	24	static
C:/Users/jingchen.fan/demo/Bluetooth_demo/Projects/NUCLEO-L476RG/Applications/CentralApp/Src/app_bluenrg_2.c:1072:6:aci_gatt_proc_complete_event	16	static
C:/Users/jingchen.fan/demo/Bluetooth_demo/Projects/NUCLEO-L476RG/Applications/CentralApp/Src/app_bluenrg_2.c:1094:6:aci_gatt_tx_pool_available_event	16	static
C:/Users/jingchen.fan/demo/Bluetooth_demo/Projects/NUCLEO-L476RG/Applications/CentralApp/Src/app_bluenrg_2.c:1103:6:aci_att_exchange_mtu_resp_event	16	static
