C:/Users/Jingchen Fan/Desktop/en.x-cube-ble2/Projects/NUCLEO-L476RG/Applications/CentralApp/Src/app_bluenrg_2.c:123:6:MX_BlueNRG_2_Init	16	static
C:/Users/Jingchen Fan/Desktop/en.x-cube-ble2/Projects/NUCLEO-L476RG/Applications/CentralApp/Src/app_bluenrg_2.c:148:6:MX_BlueNRG_2_Process	8	static
C:/Users/Jingchen Fan/Desktop/en.x-cube-ble2/Projects/NUCLEO-L476RG/Applications/CentralApp/Src/app_bluenrg_2.c:162:13:sendData	48	static
C:/Users/Jingchen Fan/Desktop/en.x-cube-ble2/Projects/NUCLEO-L476RG/Applications/CentralApp/Src/app_bluenrg_2.c:199:13:receiveData	16	static
C:/Users/Jingchen Fan/Desktop/en.x-cube-ble2/Projects/NUCLEO-L476RG/Applications/CentralApp/Src/app_bluenrg_2.c:223:13:Reset_DiscoveryContext	16	static
C:/Users/Jingchen Fan/Desktop/en.x-cube-ble2/Projects/NUCLEO-L476RG/Applications/CentralApp/Src/app_bluenrg_2.c:251:13:Setup_DeviceAddress	32	static
C:/Users/Jingchen Fan/Desktop/en.x-cube-ble2/Projects/NUCLEO-L476RG/Applications/CentralApp/Src/app_bluenrg_2.c:300:16:Find_DeviceName	24	static
C:/Users/Jingchen Fan/Desktop/en.x-cube-ble2/Projects/NUCLEO-L476RG/Applications/CentralApp/Src/app_bluenrg_2.c:340:13:Attribute_Modified_CB	16	static
C:/Users/Jingchen Fan/Desktop/en.x-cube-ble2/Projects/NUCLEO-L476RG/Applications/CentralApp/Src/app_bluenrg_2.c:361:16:CentralAppInit	24	static
C:/Users/Jingchen Fan/Desktop/en.x-cube-ble2/Projects/NUCLEO-L476RG/Applications/CentralApp/Src/app_bluenrg_2.c:417:13:User_Init	8	static
C:/Users/Jingchen Fan/Desktop/en.x-cube-ble2/Projects/NUCLEO-L476RG/Applications/CentralApp/Src/app_bluenrg_2.c:431:13:Connection_StateMachine	48	static
C:/Users/Jingchen Fan/Desktop/en.x-cube-ble2/Projects/NUCLEO-L476RG/Applications/CentralApp/Src/app_bluenrg_2.c:591:13:APP__vUpdateDetectRange	48	static
C:/Users/Jingchen Fan/Desktop/en.x-cube-ble2/Projects/NUCLEO-L476RG/Applications/CentralApp/Src/app_bluenrg_2.c:644:13:APP__vLEDHanlder	16	static
C:/Users/Jingchen Fan/Desktop/en.x-cube-ble2/Projects/NUCLEO-L476RG/Applications/CentralApp/Src/app_bluenrg_2.c:710:13:User_Process	72	static
C:/Users/Jingchen Fan/Desktop/en.x-cube-ble2/Projects/NUCLEO-L476RG/Applications/CentralApp/Src/app_bluenrg_2.c:841:6:aci_gap_proc_complete_event	16	static
C:/Users/Jingchen Fan/Desktop/en.x-cube-ble2/Projects/NUCLEO-L476RG/Applications/CentralApp/Src/app_bluenrg_2.c:877:6:hci_le_connection_complete_event	32	static
C:/Users/Jingchen Fan/Desktop/en.x-cube-ble2/Projects/NUCLEO-L476RG/Applications/CentralApp/Src/app_bluenrg_2.c:918:6:hci_disconnection_complete_event	16	static
C:/Users/Jingchen Fan/Desktop/en.x-cube-ble2/Projects/NUCLEO-L476RG/Applications/CentralApp/Src/app_bluenrg_2.c:948:6:hci_le_advertising_report_event	32	static
C:/Users/Jingchen Fan/Desktop/en.x-cube-ble2/Projects/NUCLEO-L476RG/Applications/CentralApp/Src/app_bluenrg_2.c:994:6:aci_gatt_attribute_modified_event	24	static
C:/Users/Jingchen Fan/Desktop/en.x-cube-ble2/Projects/NUCLEO-L476RG/Applications/CentralApp/Src/app_bluenrg_2.c:1010:6:aci_gatt_notification_event	24	static
C:/Users/Jingchen Fan/Desktop/en.x-cube-ble2/Projects/NUCLEO-L476RG/Applications/CentralApp/Src/app_bluenrg_2.c:1028:6:aci_gatt_disc_read_char_by_uuid_resp_event	24	static
C:/Users/Jingchen Fan/Desktop/en.x-cube-ble2/Projects/NUCLEO-L476RG/Applications/CentralApp/Src/app_bluenrg_2.c:1064:6:aci_gatt_proc_complete_event	16	static
C:/Users/Jingchen Fan/Desktop/en.x-cube-ble2/Projects/NUCLEO-L476RG/Applications/CentralApp/Src/app_bluenrg_2.c:1087:6:aci_gatt_tx_pool_available_event	16	static
C:/Users/Jingchen Fan/Desktop/en.x-cube-ble2/Projects/NUCLEO-L476RG/Applications/CentralApp/Src/app_bluenrg_2.c:1100:6:aci_att_exchange_mtu_resp_event	16	static
