C:/Users/jingchen.fan/demo/Bluetooth_demo/Projects/NUCLEO-L476RG/Applications/CentralApp/Src/app_bluenrg_2.c:173:13:BLUENRG2__vSendData	24	static
C:/Users/jingchen.fan/demo/Bluetooth_demo/Projects/NUCLEO-L476RG/Applications/CentralApp/Src/app_bluenrg_2.c:208:6:BLUENRG2_vInit	8	static
C:/Users/jingchen.fan/demo/Bluetooth_demo/Projects/NUCLEO-L476RG/Applications/CentralApp/Src/app_bluenrg_2.c:237:6:BLUENRG2_vProcess	8	static
C:/Users/jingchen.fan/demo/Bluetooth_demo/Projects/NUCLEO-L476RG/Applications/CentralApp/Src/app_bluenrg_2.c:260:13:BLUENRG2__vUserInit	8	static
C:/Users/jingchen.fan/demo/Bluetooth_demo/Projects/NUCLEO-L476RG/Applications/CentralApp/Src/app_bluenrg_2.c:275:16:BLUENRG2__u8CentralAppInit	80	static
C:/Users/jingchen.fan/demo/Bluetooth_demo/Projects/NUCLEO-L476RG/Applications/CentralApp/Src/app_bluenrg_2.c:378:13:BLUENRG2__vUserProcess	56	static
C:/Users/jingchen.fan/demo/Bluetooth_demo/Projects/NUCLEO-L476RG/Applications/CentralApp/Src/app_bluenrg_2.c:545:13:BLUENRG2__vReceiveData	24	static
C:/Users/jingchen.fan/demo/Bluetooth_demo/Projects/NUCLEO-L476RG/Applications/CentralApp/Src/app_bluenrg_2.c:583:13:BLUENRG2__vStartScan	16	static
C:/Users/jingchen.fan/demo/Bluetooth_demo/Projects/NUCLEO-L476RG/Applications/CentralApp/Src/app_bluenrg_2.c:609:13:BLUENRG2__vStopScan	16	static
C:/Users/jingchen.fan/demo/Bluetooth_demo/Projects/NUCLEO-L476RG/Applications/CentralApp/Src/app_bluenrg_2.c:635:13:BLUENRG2__vStartConnect	48	static
C:/Users/jingchen.fan/demo/Bluetooth_demo/Projects/NUCLEO-L476RG/Applications/CentralApp/Src/app_bluenrg_2.c:658:13:BLUENRG2__vResetConnectionContext	24	static
C:/Users/jingchen.fan/demo/Bluetooth_demo/Projects/NUCLEO-L476RG/Applications/CentralApp/Src/app_bluenrg_2.c:698:16:BLUENRG2__u8PrintBLEFwInfo	96	static
C:/Users/jingchen.fan/demo/Bluetooth_demo/Projects/NUCLEO-L476RG/Applications/CentralApp/Src/app_bluenrg_2.c:739:13:BLUENRG2__bFindDeviceName	32	static
C:/Users/jingchen.fan/demo/Bluetooth_demo/Projects/NUCLEO-L476RG/Applications/CentralApp/Src/app_bluenrg_2.c:781:13:BLUENRG2__vAttributeModifiedCB	16	static
C:/Users/jingchen.fan/demo/Bluetooth_demo/Projects/NUCLEO-L476RG/Applications/CentralApp/Src/app_bluenrg_2.c:806:13:BLUENRG2__vUpdateLockStatus	24	static
C:/Users/jingchen.fan/demo/Bluetooth_demo/Projects/NUCLEO-L476RG/Applications/CentralApp/Src/app_bluenrg_2.c:855:15:BLUENRG2__i8GetProcessedRSSI	32	static
C:/Users/jingchen.fan/demo/Bluetooth_demo/Projects/NUCLEO-L476RG/Applications/CentralApp/Src/app_bluenrg_2.c:900:13:BLUENRG2__bIsProcessedRSSIValid	4	static
C:/Users/jingchen.fan/demo/Bluetooth_demo/Projects/NUCLEO-L476RG/Applications/CentralApp/Src/app_bluenrg_2.c:913:6:hci_le_connection_complete_event	32	static
C:/Users/jingchen.fan/demo/Bluetooth_demo/Projects/NUCLEO-L476RG/Applications/CentralApp/Src/app_bluenrg_2.c:950:6:hci_disconnection_complete_event	16	static
C:/Users/jingchen.fan/demo/Bluetooth_demo/Projects/NUCLEO-L476RG/Applications/CentralApp/Src/app_bluenrg_2.c:961:6:hci_le_advertising_report_event	24	static
C:/Users/jingchen.fan/demo/Bluetooth_demo/Projects/NUCLEO-L476RG/Applications/CentralApp/Src/app_bluenrg_2.c:990:6:aci_gap_proc_complete_event	16	static
C:/Users/jingchen.fan/demo/Bluetooth_demo/Projects/NUCLEO-L476RG/Applications/CentralApp/Src/app_bluenrg_2.c:1013:6:aci_gatt_attribute_modified_event	24	static
C:/Users/jingchen.fan/demo/Bluetooth_demo/Projects/NUCLEO-L476RG/Applications/CentralApp/Src/app_bluenrg_2.c:1027:6:aci_gatt_notification_event	24	static
C:/Users/jingchen.fan/demo/Bluetooth_demo/Projects/NUCLEO-L476RG/Applications/CentralApp/Src/app_bluenrg_2.c:1042:6:aci_gatt_disc_read_char_by_uuid_resp_event	24	static
C:/Users/jingchen.fan/demo/Bluetooth_demo/Projects/NUCLEO-L476RG/Applications/CentralApp/Src/app_bluenrg_2.c:1070:6:aci_gatt_proc_complete_event	16	static
C:/Users/jingchen.fan/demo/Bluetooth_demo/Projects/NUCLEO-L476RG/Applications/CentralApp/Src/app_bluenrg_2.c:1092:6:aci_gatt_tx_pool_available_event	16	static
C:/Users/jingchen.fan/demo/Bluetooth_demo/Projects/NUCLEO-L476RG/Applications/CentralApp/Src/app_bluenrg_2.c:1101:6:aci_att_exchange_mtu_resp_event	16	static
