C:/Users/jingchen.fan/demo/Bluetooth_demo/Projects/NUCLEO-L476RG/Applications/CentralApp/Src/app_bluenrg_2.c:169:13:sendData	24	static
C:/Users/jingchen.fan/demo/Bluetooth_demo/Projects/NUCLEO-L476RG/Applications/CentralApp/Src/app_bluenrg_2.c:218:6:BLUENRG2_vInit	8	static
C:/Users/jingchen.fan/demo/Bluetooth_demo/Projects/NUCLEO-L476RG/Applications/CentralApp/Src/app_bluenrg_2.c:247:6:BLUENRG2_vProcess	8	static
C:/Users/jingchen.fan/demo/Bluetooth_demo/Projects/NUCLEO-L476RG/Applications/CentralApp/Src/app_bluenrg_2.c:270:13:BLUENRG2__vUserInit	8	static
C:/Users/jingchen.fan/demo/Bluetooth_demo/Projects/NUCLEO-L476RG/Applications/CentralApp/Src/app_bluenrg_2.c:285:16:BLUENRG2__u8CentralAppInit	80	static
C:/Users/jingchen.fan/demo/Bluetooth_demo/Projects/NUCLEO-L476RG/Applications/CentralApp/Src/app_bluenrg_2.c:388:13:BLUENRG2__vUserProcess	56	static
C:/Users/jingchen.fan/demo/Bluetooth_demo/Projects/NUCLEO-L476RG/Applications/CentralApp/Src/app_bluenrg_2.c:561:13:BLUENRG2__vReceiveData	16	static
C:/Users/jingchen.fan/demo/Bluetooth_demo/Projects/NUCLEO-L476RG/Applications/CentralApp/Src/app_bluenrg_2.c:591:13:BLUENRG2__vStartScan	16	static
C:/Users/jingchen.fan/demo/Bluetooth_demo/Projects/NUCLEO-L476RG/Applications/CentralApp/Src/app_bluenrg_2.c:617:13:BLUENRG2__vStopScan	16	static
C:/Users/jingchen.fan/demo/Bluetooth_demo/Projects/NUCLEO-L476RG/Applications/CentralApp/Src/app_bluenrg_2.c:643:13:BLUENRG2__vStartConnect	48	static
C:/Users/jingchen.fan/demo/Bluetooth_demo/Projects/NUCLEO-L476RG/Applications/CentralApp/Src/app_bluenrg_2.c:666:13:BLUENRG2__vResetConnectionContext	24	static
C:/Users/jingchen.fan/demo/Bluetooth_demo/Projects/NUCLEO-L476RG/Applications/CentralApp/Src/app_bluenrg_2.c:706:16:BLUENRG2__u8PrintBLEFwInfo	96	static
C:/Users/jingchen.fan/demo/Bluetooth_demo/Projects/NUCLEO-L476RG/Applications/CentralApp/Src/app_bluenrg_2.c:747:13:BLUENRG2__bFindDeviceName	32	static
C:/Users/jingchen.fan/demo/Bluetooth_demo/Projects/NUCLEO-L476RG/Applications/CentralApp/Src/app_bluenrg_2.c:789:13:BLUENRG2__vAttributeModifiedCB	16	static
C:/Users/jingchen.fan/demo/Bluetooth_demo/Projects/NUCLEO-L476RG/Applications/CentralApp/Src/app_bluenrg_2.c:814:13:BLUENRG2__vUpdateLockStatus	24	static
C:/Users/jingchen.fan/demo/Bluetooth_demo/Projects/NUCLEO-L476RG/Applications/CentralApp/Src/app_bluenrg_2.c:858:15:BLUENRG2__i8GetProcessedRSSI	32	static
C:/Users/jingchen.fan/demo/Bluetooth_demo/Projects/NUCLEO-L476RG/Applications/CentralApp/Src/app_bluenrg_2.c:903:13:BLUENRG2__bIsProcessedRSSIValid	4	static
C:/Users/jingchen.fan/demo/Bluetooth_demo/Projects/NUCLEO-L476RG/Applications/CentralApp/Src/app_bluenrg_2.c:916:6:hci_le_connection_complete_event	32	static
C:/Users/jingchen.fan/demo/Bluetooth_demo/Projects/NUCLEO-L476RG/Applications/CentralApp/Src/app_bluenrg_2.c:951:6:hci_disconnection_complete_event	16	static
C:/Users/jingchen.fan/demo/Bluetooth_demo/Projects/NUCLEO-L476RG/Applications/CentralApp/Src/app_bluenrg_2.c:962:6:hci_le_advertising_report_event	24	static
C:/Users/jingchen.fan/demo/Bluetooth_demo/Projects/NUCLEO-L476RG/Applications/CentralApp/Src/app_bluenrg_2.c:991:6:aci_gap_proc_complete_event	16	static
C:/Users/jingchen.fan/demo/Bluetooth_demo/Projects/NUCLEO-L476RG/Applications/CentralApp/Src/app_bluenrg_2.c:1014:6:aci_gatt_attribute_modified_event	24	static
C:/Users/jingchen.fan/demo/Bluetooth_demo/Projects/NUCLEO-L476RG/Applications/CentralApp/Src/app_bluenrg_2.c:1028:6:aci_gatt_notification_event	24	static
C:/Users/jingchen.fan/demo/Bluetooth_demo/Projects/NUCLEO-L476RG/Applications/CentralApp/Src/app_bluenrg_2.c:1043:6:aci_gatt_disc_read_char_by_uuid_resp_event	24	static
C:/Users/jingchen.fan/demo/Bluetooth_demo/Projects/NUCLEO-L476RG/Applications/CentralApp/Src/app_bluenrg_2.c:1071:6:aci_gatt_proc_complete_event	16	static
C:/Users/jingchen.fan/demo/Bluetooth_demo/Projects/NUCLEO-L476RG/Applications/CentralApp/Src/app_bluenrg_2.c:1093:6:aci_gatt_tx_pool_available_event	16	static
C:/Users/jingchen.fan/demo/Bluetooth_demo/Projects/NUCLEO-L476RG/Applications/CentralApp/Src/app_bluenrg_2.c:1102:6:aci_att_exchange_mtu_resp_event	16	static
