C:/Users/Jingchen Fan/Desktop/en.x-cube-ble2/Projects/NUCLEO-L476RG/Applications/CentralApp/Src/main.c:28:5:main	8	static
C:/Users/Jingchen Fan/Desktop/en.x-cube-ble2/Projects/NUCLEO-L476RG/Applications/CentralApp/Src/main.c:49:6:SystemClock_Config	96	static
C:/Users/Jingchen Fan/Desktop/en.x-cube-ble2/Projects/NUCLEO-L476RG/Applications/CentralApp/Src/main.c:99:13:MX_GPIO_Init	48	static
C:/Users/Jingchen Fan/Desktop/en.x-cube-ble2/Projects/NUCLEO-L476RG/Applications/CentralApp/Src/main.c:142:6:Error_Handler	4	static,ignoring_inline_asm
