C:/Users/jingchen.fan/demo/Bluetooth_demo/Projects/NUCLEO-L476RG/Applications/SensorDemo_BLESensor-App/Src/main.c:67:5:main	1
C:/Users/jingchen.fan/demo/Bluetooth_demo/Projects/NUCLEO-L476RG/Applications/SensorDemo_BLESensor-App/Src/main.c:113:6:SystemClock_Config	4
C:/Users/jingchen.fan/demo/Bluetooth_demo/Projects/NUCLEO-L476RG/Applications/SensorDemo_BLESensor-App/Src/main.c:163:13:MX_CRC_Init	2
C:/Users/jingchen.fan/demo/Bluetooth_demo/Projects/NUCLEO-L476RG/Applications/SensorDemo_BLESensor-App/Src/main.c:194:13:MX_GPIO_Init	1
C:/Users/jingchen.fan/demo/Bluetooth_demo/Projects/NUCLEO-L476RG/Applications/SensorDemo_BLESensor-App/Src/main.c:237:6:Error_Handler	1
